============================= test session starts =============================
platform win32 -- Python 3.11.9, pytest-9.0.3, pluggy-1.6.0 -- C:\Users\WangJH\AppData\Local\Programs\Python\Python311\python.exe
cachedir: .pytest_cache
rootdir: E:\GithubProgram\AgroAgentOS
plugins: anyio-4.13.0, dash-4.4.0, langsmith-0.8.16, asyncio-1.4.0, cov-7.1.0
asyncio: mode=Mode.STRICT, debug=False, asyncio_default_fixture_loop_scope=None, asyncio_default_test_loop_scope=function
collecting ... collected 430 items / 2 skipped

tests/agents/test_agriculture_prompts.py::test_prompt_and_skill_surface_contains_no_legacy_operations_language PASSED [  0%]
tests/agents/test_agriculture_prompts.py::test_subagents_are_farm_native_and_delegate_names_are_registered PASSED [  0%]
tests/agents/test_agriculture_prompts.py::test_all_report_paths_use_agriculture_risk_report_title PASSED [  0%]
tests/agents/test_farm_agent_graph.py::test_exports_only_farm_graph_builder PASSED [  0%]
tests/agents/test_farm_agent_graph.py::test_farm_state_contract_accepts_business_identity PASSED [  1%]
tests/agents/test_farm_agent_graph.py::test_farm_router_forces_workflow_skill[asyncio] PASSED [  1%]
tests/api/test_auth_captcha.py::test_get_captcha_returns_svg_challenge PASSED [  1%]
tests/api/test_auth_captcha.py::test_login_rejects_missing_captcha PASSED [  1%]
tests/api/test_auth_captcha.py::test_login_rejects_wrong_captcha PASSED  [  2%]
tests/api/test_auth_captcha.py::test_login_accepts_valid_captcha PASSED  [  2%]
tests/api/test_farm_agent_api.py::test_inspection_requires_authentication_and_streams_for_owner PASSED [  2%]
tests/api/test_farm_agent_api.py::test_inspection_rejects_cross_user_farm_before_opening_sse PASSED [  2%]
tests/api/test_farm_agent_api.py::test_timeline_and_proposals_use_current_user PASSED [  3%]
tests/api/test_farm_agent_api.py::test_latest_inspection_run_uses_current_user_and_optional_farm PASSED [  3%]
tests/api/test_farm_agent_api.py::test_approve_is_idempotent_at_api_boundary PASSED [  3%]
tests/api/test_farm_agent_query_api.py::test_all_new_endpoints_require_authentication PASSED [  3%]
tests/api/test_farm_agent_query_api.py::test_list_scenarios_returns_metas PASSED [  3%]
tests/api/test_farm_agent_query_api.py::test_inject_scenario_returns_injection_report PASSED [  4%]
tests/api/test_farm_agent_query_api.py::test_inject_scenario_propagates_forbidden PASSED [  4%]
tests/api/test_farm_agent_query_api.py::test_inject_scenario_propagates_not_found PASSED [  4%]
tests/api/test_farm_agent_query_api.py::test_list_sensors_passes_filters_and_returns_rows PASSED [  4%]
tests/api/test_farm_agent_query_api.py::test_list_sensors_uses_default_days PASSED [  5%]
tests/api/test_farm_agent_query_api.py::test_list_sensors_rejects_invalid_days PASSED [  5%]
tests/api/test_farm_agent_query_api.py::test_list_sensors_propagates_forbidden PASSED [  5%]
tests/api/test_farm_agent_query_api.py::test_list_events_passes_filters_and_returns_rows PASSED [  5%]
tests/api/test_farm_agent_query_api.py::test_list_events_uses_default_days PASSED [  6%]
tests/api/test_farm_agent_query_api.py::test_list_events_propagates_forbidden PASSED [  6%]
tests/api/test_farm_agent_query_api.py::test_list_seasons_passes_filters_and_returns_rows PASSED [  6%]
tests/api/test_farm_agent_query_api.py::test_list_seasons_without_status_passes_none PASSED [  6%]
tests/api/test_farm_agent_query_api.py::test_list_seasons_propagates_forbidden PASSED [  6%]
tests/api/test_farm_tasks_api.py::test_human_task_decisions_require_authentication PASSED [  7%]
tests/api/test_farm_tasks_api.py::test_task_routes_delegate_state_machine_to_service PASSED [  7%]
tests/api/test_farm_tasks_api.py::test_verification_stream_leaves_task_submitted PASSED [  7%]
tests/api/test_legacy_aiops_removal.py::test_legacy_aiops_routes_are_not_registered PASSED [  7%]
tests/api/test_legacy_aiops_removal.py::test_history_reads_aiops_and_farm_agent_sources PASSED [  8%]
tests/integration/test_farm_agent_closed_loop.py::test_competition_workflow_keeps_both_human_decision_gates PASSED [  8%]
tests/integration/test_migration_007_precreated_schema.py::test_upgrade_handles_workflow_tables_precreated_by_metadata PASSED [  8%]
tests/integration/test_runtime_legacy_scan.py::test_runtime_contains_no_legacy_agent_symbols_or_user_copy PASSED [  8%]
tests/models/test_farm_agent_models.py::test_farm_workflow_models_apply_defaults_and_keep_json_types_stable PASSED [  9%]
tests/models/test_farm_agent_models.py::test_farm_workflow_json_setters_preserve_chinese_text PASSED [  9%]
tests/models/test_farm_agent_models.py::test_new_json_setters_propagate_serialization_errors[model0-set_evidence-value0] PASSED [  9%]
tests/models/test_farm_agent_models.py::test_new_json_setters_propagate_serialization_errors[model1-set_actions-value1] PASSED [  9%]
tests/models/test_farm_agent_models.py::test_new_json_setters_propagate_serialization_errors[model2-set_acceptance_criteria-value2] PASSED [ 10%]
tests/models/test_farm_agent_models.py::test_new_json_setters_propagate_serialization_errors[model3-set_execution-value3] PASSED [ 10%]
tests/models/test_farm_agent_models.py::test_new_json_setters_propagate_serialization_errors[model4-set_agent_verdict-value4] PASSED [ 10%]
tests/models/test_farm_agent_models.py::test_new_json_setters_propagate_serialization_errors[model5-set_context_snapshot-value5] PASSED [ 10%]
tests/models/test_farm_agent_models.py::test_new_json_setters_propagate_serialization_errors[model6-set_outcome-value6] PASSED [ 10%]
tests/models/test_farm_agent_models.py::test_json_getters_warn_and_return_stable_types_for_invalid_values PASSED [ 11%]
tests/models/test_farm_agent_models.py::test_external_workflow_identifiers_are_unique PASSED [ 11%]
tests/runtime/test_farm_run_context.py::test_require_farm_run_context_rejects_missing_context PASSED [ 11%]
tests/runtime/test_farm_run_context.py::test_bind_farm_run_context_restores_outer_context PASSED [ 11%]
tests/runtime/test_farm_run_context.py::test_bind_farm_run_context_resets_after_body_raises PASSED [ 12%]
tests/runtime/test_farm_run_context.py::test_bind_farm_run_context_isolates_concurrent_tasks PASSED [ 12%]
tests/schemas/test_farm_agent_schemas.py::test_proposal_draft_accepts_measured_evidence_and_structured_action PASSED [ 12%]
tests/schemas/test_farm_agent_schemas.py::test_proposal_draft_rejects_invalid_severity[] PASSED [ 12%]
tests/schemas/test_farm_agent_schemas.py::test_proposal_draft_rejects_invalid_severity[warning] PASSED [ 13%]
tests/schemas/test_farm_agent_schemas.py::test_proposal_draft_rejects_invalid_severity[extreme] PASSED [ 13%]
tests/schemas/test_farm_agent_schemas.py::test_proposed_action_rejects_invalid_priority PASSED [ 13%]
tests/schemas/test_farm_agent_schemas.py::test_proposal_status_rejects_unknown_value PASSED [ 13%]
tests/schemas/test_farm_agent_schemas.py::test_proposal_draft_rejects_empty_evidence PASSED [ 13%]
tests/schemas/test_farm_agent_schemas.py::test_high_confidence_proposal_requires_non_inference_evidence PASSED [ 14%]
tests/schemas/test_farm_agent_schemas.py::test_proposal_approval_rejects_empty_actions PASSED [ 14%]
tests/schemas/test_farm_agent_schemas.py::test_proposal_approval_rejects_duplicate_action_keys PASSED [ 14%]
tests/schemas/test_farm_agent_schemas.py::test_diagnosis_write_source_excludes_legacy_aiops_value PASSED [ 14%]
tests/schemas/test_farm_agent_schemas.py::test_conversation_write_source_excludes_legacy_aiops_value PASSED [ 15%]
tests/services/test_captcha_service.py::TestCaptchaService::test_verify_accepts_matching_answer PASSED [ 15%]
tests/services/test_captcha_service.py::TestCaptchaService::test_verify_rejects_wrong_answer PASSED [ 15%]
tests/services/test_captcha_service.py::TestCaptchaService::test_verify_rejects_expired_token PASSED [ 15%]
tests/services/test_captcha_service.py::TestCaptchaService::test_verify_rejects_tampered_token PASSED [ 16%]
tests/services/test_competition_demo_seed.py::test_rainstorm_fixture_is_versioned_and_contains_only_source_facts PASSED [ 16%]
tests/services/test_competition_demo_seed.py::test_seed_is_idempotent_and_scoped_to_requested_user PASSED [ 16%]
tests/services/test_competition_demo_seed.py::test_seed_rejects_unknown_user_without_creating_credentials PASSED [ 16%]
tests/services/test_competition_demo_seed.py::test_competition_demo_is_disabled_by_default PASSED [ 16%]
tests/services/test_competition_demo_seed.py::test_demo_weather_requires_explicit_request_and_enabled_config PASSED [ 17%]
tests/services/test_crop_season_lifecycle.py::test_upsert_season_creates_new_season PASSED [ 17%]
tests/services/test_crop_season_lifecycle.py::test_upsert_season_updates_existing_same_fingerprint PASSED [ 17%]
tests/services/test_crop_season_lifecycle.py::test_upsert_season_treats_different_season_code_as_new PASSED [ 17%]
tests/services/test_crop_season_lifecycle.py::test_sync_field_from_season_propagates_crop_and_stage PASSED [ 18%]
tests/services/test_crop_season_lifecycle.py::test_sync_field_from_season_handles_status_transitions PASSED [ 18%]
tests/services/test_crop_season_lifecycle.py::test_inject_creates_seasons_and_sets_current_season_pointer PASSED [ 18%]
tests/services/test_crop_season_lifecycle.py::test_inject_advances_stage_when_same_season_re_injected_with_new_stage PASSED [ 18%]
tests/services/test_crop_season_lifecycle.py::test_season_status_lifecycle_via_upsert PASSED [ 19%]
tests/services/test_crop_season_lifecycle.py::test_season_belongs_to_field_and_cascades_on_field_delete PASSED [ 19%]
tests/services/test_demo_scenario_service.py::test_load_scenario_returns_validated_fixture[rainstorm] PASSED [ 19%]
tests/services/test_demo_scenario_service.py::test_load_scenario_returns_validated_fixture[pest_outbreak] PASSED [ 19%]
tests/services/test_demo_scenario_service.py::test_load_scenario_returns_validated_fixture[nutrient_deficiency] PASSED [ 20%]
tests/services/test_demo_scenario_service.py::test_load_scenario_returns_validated_fixture[drought] PASSED [ 20%]
tests/services/test_demo_scenario_service.py::test_load_scenario_caches_fixture PASSED [ 20%]
tests/services/test_demo_scenario_service.py::test_load_scenario_raises_not_found_for_unknown_scenario PASSED [ 20%]
tests/services/test_demo_scenario_service.py::test_list_scenarios_returns_all_four_metas PASSED [ 20%]
tests/services/test_demo_scenario_service.py::test_inject_creates_sensors_seasons_and_syncs_field_pointer[rainstorm] PASSED [ 21%]
tests/services/test_demo_scenario_service.py::test_inject_creates_sensors_seasons_and_syncs_field_pointer[pest_outbreak] PASSED [ 21%]
tests/services/test_demo_scenario_service.py::test_inject_creates_sensors_seasons_and_syncs_field_pointer[nutrient_deficiency] PASSED [ 21%]
tests/services/test_demo_scenario_service.py::test_inject_creates_sensors_seasons_and_syncs_field_pointer[drought] PASSED [ 21%]
tests/services/test_demo_scenario_service.py::test_inject_is_idempotent_on_repeated_calls PASSED [ 22%]
tests/services/test_demo_scenario_service.py::test_inject_rejects_foreign_farm_with_forbidden PASSED [ 22%]
tests/services/test_demo_scenario_service.py::test_inject_rejects_missing_fields_with_409 PASSED [ 22%]
tests/services/test_demo_scenario_service.py::test_inject_unknown_scenario_raises_not_found PASSED [ 22%]
tests/services/test_demo_scenario_service.py::test_inject_updates_season_stage_on_repeated_injection PASSED [ 23%]
tests/services/test_demo_scenario_service.py::test_inject_writes_sensor_readings_with_correct_source_tag PASSED [ 23%]
tests/services/test_demo_scenario_service.py::test_inject_syncs_field_redundant_crop_fields PASSED [ 23%]
tests/services/test_diagnosis_recorder.py::test_internal_diagnosis_write_defaults_to_farm_agent PASSED [ 23%]
tests/services/test_diagnosis_recorder.py::test_recorder_rejects_legacy_aiops_source_before_persistence[record_diagnosis] PASSED [ 23%]
tests/services/test_diagnosis_recorder.py::test_recorder_rejects_legacy_aiops_source_before_persistence[record_conversation] PASSED [ 24%]
tests/services/test_diagnosis_recorder.py::test_database_manager_rejects_legacy_aiops_source_before_session PASSED [ 24%]
tests/services/test_farm_agent_service.py::test_inspection_stream_has_business_lifecycle PASSED [ 24%]
tests/services/test_farm_agent_service.py::test_cancellation_is_persisted_and_sink_is_closed PASSED [ 24%]
tests/services/test_farm_agent_service.py::test_client_close_after_start_is_persisted_as_cancelled PASSED [ 25%]
tests/services/test_farm_agent_service.py::test_graph_exception_is_persisted_as_failed PASSED [ 25%]
tests/services/test_farm_agent_service.py::test_tool_failure_event_is_sanitized_and_run_is_persisted PASSED [ 25%]
tests/services/test_farm_agent_service.py::test_postprocessing_exception_cannot_persist_completed PASSED [ 25%]
tests/services/test_farm_agent_service.py::test_task_verification_uses_shared_concurrency_limit PASSED [ 26%]
tests/services/test_farm_proposal_service.py::test_create_pending_proposal_persists_typed_draft_as_pending PASSED [ 26%]
tests/services/test_farm_proposal_service.py::test_create_pending_proposal_retry_returns_same_database_row PASSED [ 26%]
tests/services/test_farm_proposal_service.py::test_create_requires_run_owned_by_same_user_and_farm[other_run_id] PASSED [ 26%]
tests/services/test_farm_proposal_service.py::test_create_requires_run_owned_by_same_user_and_farm[wrong_user_run_id] PASSED [ 26%]
tests/services/test_farm_proposal_service.py::test_create_requires_run_owned_by_same_user_and_farm[wrong_farm_run_id] PASSED [ 27%]
tests/services/test_farm_proposal_service.py::test_create_requires_run_owned_by_same_user_and_farm[missing] PASSED [ 27%]
tests/services/test_farm_proposal_service.py::test_create_retry_recovers_from_composite_unique_constraint_race PASSED [ 27%]
tests/services/test_farm_proposal_service.py::test_integrity_classifier_accepts_only_named_business_unique_constraints[UNIQUE constraint failed: farm_action_proposals.run_id, farm_action_proposals.risk_fingerprint-uq_proposal_run_risk-sqlite_columns0] PASSED [ 27%]
tests/services/test_farm_proposal_service.py::test_integrity_classifier_accepts_only_named_business_unique_constraints[Duplicate entry 'run:risk' for key 'uq_proposal_run_risk'-uq_proposal_run_risk-sqlite_columns1] PASSED [ 28%]
tests/services/test_farm_proposal_service.py::test_integrity_classifier_accepts_only_named_business_unique_constraints[UNIQUE constraint failed: farm_tasks.proposal_id, farm_tasks.action_key-uq_task_proposal_action-sqlite_columns2] PASSED [ 28%]
tests/services/test_farm_proposal_service.py::test_integrity_classifier_accepts_only_named_business_unique_constraints[Duplicate entry 'proposal:action' for key 'uq_task_proposal_action'-uq_task_proposal_action-sqlite_columns3] PASSED [ 28%]
tests/services/test_farm_proposal_service.py::test_integrity_classifier_rejects_unrelated_failures[FOREIGN KEY constraint failed] PASSED [ 28%]
tests/services/test_farm_proposal_service.py::test_integrity_classifier_rejects_unrelated_failures[UNIQUE constraint failed: farm_action_proposals.proposal_id] PASSED [ 29%]
tests/services/test_farm_proposal_service.py::test_integrity_classifier_rejects_unrelated_failures[UNIQUE constraint failed: farm_action_proposals.run_id, farm_action_proposals.risk_fingerprint, farm_action_proposals.proposal_id] PASSED [ 29%]
tests/services/test_farm_proposal_service.py::test_integrity_classifier_rejects_unrelated_failures[Duplicate entry 'x' for key 'ix_farm_action_proposals_proposal_id'] PASSED [ 29%]
tests/services/test_farm_proposal_service.py::test_integrity_classifier_rejects_unrelated_failures[Duplicate entry 'x' for key 'uq_proposal_run_risk_shadow'] PASSED [ 29%]
tests/services/test_farm_proposal_service.py::test_create_does_not_swallow_unrelated_error_when_matching_row_appears PASSED [ 30%]
tests/services/test_farm_proposal_service.py::test_create_propagates_unrelated_integrity_error PASSED [ 30%]
tests/services/test_farm_proposal_service.py::test_high_confidence_inference_only_draft_is_rejected_before_database_write PASSED [ 30%]
tests/services/test_farm_proposal_service.py::test_approve_uses_human_confirmed_actions_instead_of_draft_actions PASSED [ 30%]
tests/services/test_farm_proposal_service.py::test_duplicate_approval_returns_original_tasks_without_inserting_again PASSED [ 30%]
tests/services/test_farm_proposal_service.py::test_overlapping_approve_loser_returns_only_committed_winner_tasks PASSED [ 31%]
tests/services/test_farm_proposal_service.py::test_overlapping_approve_loses_to_reject_with_409_and_no_tasks PASSED [ 31%]
tests/services/test_farm_proposal_service.py::test_overlapping_reject_loses_to_approve_with_409 PASSED [ 31%]
tests/services/test_farm_proposal_service.py::test_approval_reuses_partially_created_actions_and_inserts_only_missing_tasks PASSED [ 31%]
tests/services/test_farm_proposal_service.py::test_approval_propagates_unrelated_integrity_error_and_rolls_back_atomically PASSED [ 32%]
tests/services/test_farm_proposal_service.py::test_approval_rejects_field_outside_proposal_farm_before_transition[other_field_id] PASSED [ 32%]
tests/services/test_farm_proposal_service.py::test_approval_rejects_field_outside_proposal_farm_before_transition[missing] PASSED [ 32%]
tests/services/test_farm_proposal_service.py::test_rejected_proposal_cannot_be_approved PASSED [ 32%]
tests/services/test_farm_proposal_service.py::test_repeated_reject_returns_original_decision_without_overwriting_note PASSED [ 33%]
tests/services/test_farm_proposal_service.py::test_approved_proposal_cannot_be_rejected PASSED [ 33%]
tests/services/test_farm_proposal_service.py::test_cross_user_proposal_access_returns_403_without_business_data[create] PASSED [ 33%]
tests/services/test_farm_proposal_service.py::test_cross_user_proposal_access_returns_403_without_business_data[list] PASSED [ 33%]
tests/services/test_farm_proposal_service.py::test_cross_user_proposal_access_returns_403_without_business_data[approve] PASSED [ 33%]
tests/services/test_farm_proposal_service.py::test_cross_user_proposal_access_returns_403_without_business_data[reject] PASSED [ 34%]
tests/services/test_farm_proposal_service.py::test_foreign_and_missing_farm_identifiers_are_indistinguishable[create] PASSED [ 34%]
tests/services/test_farm_proposal_service.py::test_foreign_and_missing_farm_identifiers_are_indistinguishable[list] PASSED [ 34%]
tests/services/test_farm_proposal_service.py::test_foreign_and_missing_proposal_identifiers_are_indistinguishable[approve] PASSED [ 34%]
tests/services/test_farm_proposal_service.py::test_foreign_and_missing_proposal_identifiers_are_indistinguishable[reject] PASSED [ 35%]
tests/services/test_farm_proposal_service.py::test_list_proposals_filters_owned_farm_and_status PASSED [ 35%]
tests/services/test_farm_risk_service.py::test_inspect_farm_applies_thresholds_to_first_calendar_day_proxy[49.9-None] PASSED [ 35%]
tests/services/test_farm_risk_service.py::test_inspect_farm_applies_thresholds_to_first_calendar_day_proxy[50.0-high] PASSED [ 35%]
tests/services/test_farm_risk_service.py::test_inspect_farm_applies_thresholds_to_first_calendar_day_proxy[79.9-high] PASSED [ 36%]
tests/services/test_farm_risk_service.py::test_inspect_farm_applies_thresholds_to_first_calendar_day_proxy[80.0-critical] PASSED [ 36%]
tests/services/test_farm_risk_service.py::test_inspect_farm_forwards_requested_forecast_days PASSED [ 36%]
tests/services/test_farm_risk_service.py::test_inspect_field_work_quality_is_deterministic_and_field_scoped PASSED [ 36%]
tests/services/test_farm_risk_service.py::test_mock_forecast_is_degraded_and_never_emits_weather_risk PASSED [ 36%]
tests/services/test_farm_risk_service.py::test_inspect_farm_emits_structured_trajectory_quality_evidence[9.0-5.1-expected_reasons0] PASSED [ 37%]
tests/services/test_farm_risk_service.py::test_inspect_farm_emits_structured_trajectory_quality_evidence[7.9-2.0-expected_reasons1] PASSED [ 37%]
tests/services/test_farm_risk_service.py::test_inspect_farm_emits_structured_trajectory_quality_evidence[7.0-6.0-expected_reasons2] PASSED [ 37%]
tests/services/test_farm_risk_service.py::test_trajectory_quality_exact_boundaries_do_not_trigger PASSED [ 37%]
tests/services/test_farm_risk_service.py::test_inspect_farm_degrades_without_high_confidence_weather_risk PASSED [ 38%]
tests/services/test_farm_risk_service.py::test_weather_provider_service_failure_becomes_data_gap PASSED [ 38%]
tests/services/test_farm_risk_service.py::test_ownership_and_database_errors_from_provider_propagate PASSED [ 38%]
tests/services/test_farm_risk_service.py::test_weather_service_provider_calls_existing_service_with_two_days PASSED [ 38%]
tests/services/test_farm_risk_service.py::test_existing_daily_weather_alert_thresholds_are_preserved PASSED [ 39%]
tests/services/test_farm_risk_service_pest_nutrient_drought.py::test_pest_outbreak_high_risk_with_affected_rate PASSED [ 39%]
tests/services/test_farm_risk_service_pest_nutrient_drought.py::test_pest_outbreak_medium_risk_without_anomaly PASSED [ 39%]
tests/services/test_farm_risk_service_pest_nutrient_drought.py::test_pest_below_threshold_no_risk[0] PASSED [ 39%]
tests/services/test_farm_risk_service_pest_nutrient_drought.py::test_pest_below_threshold_no_risk[5] PASSED [ 40%]
tests/services/test_farm_risk_service_pest_nutrient_drought.py::test_pest_below_threshold_no_risk[14.9] PASSED [ 40%]
tests/services/test_farm_risk_service_pest_nutrient_drought.py::test_pest_threshold_boundary_30_is_high PASSED [ 40%]
tests/services/test_farm_risk_service_pest_nutrient_drought.py::test_pest_threshold_boundary_15_is_medium PASSED [ 40%]
tests/services/test_farm_risk_service_pest_nutrient_drought.py::test_pest_reading_falls_back_to_value_float_when_json_missing PASSED [ 40%]
tests/services/test_farm_risk_service_pest_nutrient_drought.py::test_pest_no_risk_when_reading_is_none PASSED [ 41%]
tests/services/test_farm_risk_service_pest_nutrient_drought.py::test_nutrient_deficiency_high_risk_with_low_soil_n PASSED [ 41%]
tests/services/test_farm_risk_service_pest_nutrient_drought.py::test_nutrient_deficiency_medium_upgraded_to_high_by_low_soil_n PASSED [ 41%]
tests/services/test_farm_risk_service_pest_nutrient_drought.py::test_nutrient_deficiency_medium_keeps_medium_when_soil_n_normal PASSED [ 41%]
tests/services/test_farm_risk_service_pest_nutrient_drought.py::test_nutrient_deficiency_medium_without_soil_n PASSED [ 42%]
tests/services/test_farm_risk_service_pest_nutrient_drought.py::test_nutrient_no_risk_when_ndvi_normal[0.5] PASSED [ 42%]
tests/services/test_farm_risk_service_pest_nutrient_drought.py::test_nutrient_no_risk_when_ndvi_normal[0.55] PASSED [ 42%]
tests/services/test_farm_risk_service_pest_nutrient_drought.py::test_nutrient_no_risk_when_ndvi_normal[0.9] PASSED [ 42%]
tests/services/test_farm_risk_service_pest_nutrient_drought.py::test_nutrient_boundary_0_45_is_medium_not_high PASSED [ 43%]
tests/services/test_farm_risk_service_pest_nutrient_drought.py::test_nutrient_no_risk_when_ndvi_reading_none PASSED [ 43%]
tests/services/test_farm_risk_service_pest_nutrient_drought.py::test_drought_stress_high_risk PASSED [ 43%]
tests/services/test_farm_risk_service_pest_nutrient_drought.py::test_drought_stress_medium_risk PASSED [ 43%]
tests/services/test_farm_risk_service_pest_nutrient_drought.py::test_drought_no_risk_when_moisture_normal[30.0] PASSED [ 43%]
tests/services/test_farm_risk_service_pest_nutrient_drought.py::test_drought_no_risk_when_moisture_normal[35.0] PASSED [ 44%]
tests/services/test_farm_risk_service_pest_nutrient_drought.py::test_drought_no_risk_when_moisture_normal[60.0] PASSED [ 44%]
tests/services/test_farm_risk_service_pest_nutrient_drought.py::test_drought_boundary_25_is_high PASSED [ 44%]
tests/services/test_farm_risk_service_pest_nutrient_drought.py::test_drought_no_risk_when_reading_none PASSED [ 44%]
tests/services/test_farm_risk_service_pest_nutrient_drought.py::test_build_sensor_risks_aggregates_pest_nutrient_drought PASSED [ 45%]
tests/services/test_farm_risk_service_pest_nutrient_drought.py::test_build_sensor_risks_returns_empty_when_no_readings PASSED [ 45%]
tests/services/test_farm_risk_service_pest_nutrient_drought.py::test_build_sensor_risks_returns_empty_when_no_fields PASSED [ 45%]
tests/services/test_farm_risk_service_pest_nutrient_drought.py::test_inspect_farm_falls_back_to_db_when_snapshot_has_no_readings PASSED [ 45%]
tests/services/test_farm_risk_service_pest_nutrient_drought.py::test_inspect_farm_prefers_snapshot_readings_over_db PASSED [ 46%]
tests/services/test_farm_run_query_service.py::test_latest_inspection_run_is_owned_ordered_and_type_filtered PASSED [ 46%]
tests/services/test_farm_run_query_service.py::test_latest_inspection_run_returns_none_when_user_has_no_runs PASSED [ 46%]
tests/services/test_farm_snapshot_service.py::test_get_snapshot_returns_only_owned_detached_business_data PASSED [ 46%]
tests/services/test_farm_snapshot_service.py::test_get_snapshot_limits_recent_trajectories_per_field PASSED [ 46%]
tests/services/test_farm_snapshot_service.py::test_get_snapshot_rejects_cross_user_access_without_leaking_farm_name PASSED [ 47%]
tests/services/test_farm_snapshot_service.py::test_get_snapshot_preserves_not_found_for_unknown_farm PASSED [ 47%]
tests/services/test_farm_task_event_flow.py::test_map_task_type_to_event_type[spraying-spraying] PASSED [ 47%]
tests/services/test_farm_task_event_flow.py::test_map_task_type_to_event_type[pest_control-spraying] PASSED [ 47%]
tests/services/test_farm_task_event_flow.py::test_map_task_type_to_event_type[fertilizing-fertilizing] PASSED [ 48%]
tests/services/test_farm_task_event_flow.py::test_map_task_type_to_event_type[fertilize-fertilizing] PASSED [ 48%]
tests/services/test_farm_task_event_flow.py::test_map_task_type_to_event_type[irrigating-irrigating] PASSED [ 48%]
tests/services/test_farm_task_event_flow.py::test_map_task_type_to_event_type[irrigate-irrigating] PASSED [ 48%]
tests/services/test_farm_task_event_flow.py::test_map_task_type_to_event_type[drainage-irrigating] PASSED [ 49%]
tests/services/test_farm_task_event_flow.py::test_map_task_type_to_event_type[scouting-scouting] PASSED [ 49%]
tests/services/test_farm_task_event_flow.py::test_map_task_type_to_event_type[harvest-harvest] PASSED [ 49%]
tests/services/test_farm_task_event_flow.py::test_map_task_type_to_event_type[seeding-seeding] PASSED [ 49%]
tests/services/test_farm_task_event_flow.py::test_map_task_type_to_event_type[unknown_type-scouting] PASSED [ 50%]
tests/services/test_farm_task_event_flow.py::test_map_task_type_to_event_type[SPRAYING-spraying] PASSED [ 50%]
tests/services/test_farm_task_event_flow.py::test_map_task_type_to_event_type[  Spraying  -spraying] PASSED [ 50%]
tests/services/test_farm_task_event_flow.py::test_complete_task_writes_farm_event PASSED [ 50%]
tests/services/test_farm_task_event_flow.py::test_complete_task_maps_event_type_for_various_task_types[spraying-spraying] PASSED [ 50%]
tests/services/test_farm_task_event_flow.py::test_complete_task_maps_event_type_for_various_task_types[fertilizing-fertilizing] PASSED [ 51%]
tests/services/test_farm_task_event_flow.py::test_complete_task_maps_event_type_for_various_task_types[irrigating-irrigating] PASSED [ 51%]
tests/services/test_farm_task_event_flow.py::test_complete_task_maps_event_type_for_various_task_types[drainage-irrigating] PASSED [ 51%]
tests/services/test_farm_task_event_flow.py::test_complete_task_maps_event_type_for_various_task_types[scouting-scouting] PASSED [ 51%]
tests/services/test_farm_task_event_flow.py::test_complete_task_without_field_id_does_not_write_event PASSED [ 52%]
tests/services/test_farm_task_event_flow.py::test_maybe_record_completion_event_is_idempotent PASSED [ 52%]
tests/services/test_farm_task_event_flow.py::test_complete_task_sets_event_season_id_from_field_pointer PASSED [ 52%]
tests/services/test_farm_task_event_flow.py::test_complete_task_event_inputs_include_note_and_attachments PASSED [ 52%]
tests/services/test_farm_task_event_flow.py::test_complete_task_does_not_write_event_when_already_completed PASSED [ 53%]
tests/services/test_farm_task_service.py::test_transition_matrix_has_exact_allowed_edges_and_409_complement[pending-pending-False] PASSED [ 53%]
tests/services/test_farm_task_service.py::test_transition_matrix_has_exact_allowed_edges_and_409_complement[pending-in_progress-True] PASSED [ 53%]
tests/services/test_farm_task_service.py::test_transition_matrix_has_exact_allowed_edges_and_409_complement[pending-submitted-False] PASSED [ 53%]
tests/services/test_farm_task_service.py::test_transition_matrix_has_exact_allowed_edges_and_409_complement[pending-returned-False] PASSED [ 53%]
tests/services/test_farm_task_service.py::test_transition_matrix_has_exact_allowed_edges_and_409_complement[pending-completed-False] PASSED [ 54%]
tests/services/test_farm_task_service.py::test_transition_matrix_has_exact_allowed_edges_and_409_complement[pending-cancelled-True] PASSED [ 54%]
tests/services/test_farm_task_service.py::test_transition_matrix_has_exact_allowed_edges_and_409_complement[in_progress-pending-False] PASSED [ 54%]
tests/services/test_farm_task_service.py::test_transition_matrix_has_exact_allowed_edges_and_409_complement[in_progress-in_progress-False] PASSED [ 54%]
tests/services/test_farm_task_service.py::test_transition_matrix_has_exact_allowed_edges_and_409_complement[in_progress-submitted-True] PASSED [ 55%]
tests/services/test_farm_task_service.py::test_transition_matrix_has_exact_allowed_edges_and_409_complement[in_progress-returned-False] PASSED [ 55%]
tests/services/test_farm_task_service.py::test_transition_matrix_has_exact_allowed_edges_and_409_complement[in_progress-completed-False] PASSED [ 55%]
tests/services/test_farm_task_service.py::test_transition_matrix_has_exact_allowed_edges_and_409_complement[in_progress-cancelled-True] PASSED [ 55%]
tests/services/test_farm_task_service.py::test_transition_matrix_has_exact_allowed_edges_and_409_complement[submitted-pending-False] PASSED [ 56%]
tests/services/test_farm_task_service.py::test_transition_matrix_has_exact_allowed_edges_and_409_complement[submitted-in_progress-False] PASSED [ 56%]
tests/services/test_farm_task_service.py::test_transition_matrix_has_exact_allowed_edges_and_409_complement[submitted-submitted-False] PASSED [ 56%]
tests/services/test_farm_task_service.py::test_transition_matrix_has_exact_allowed_edges_and_409_complement[submitted-returned-True] PASSED [ 56%]
tests/services/test_farm_task_service.py::test_transition_matrix_has_exact_allowed_edges_and_409_complement[submitted-completed-True] PASSED [ 56%]
tests/services/test_farm_task_service.py::test_transition_matrix_has_exact_allowed_edges_and_409_complement[submitted-cancelled-False] PASSED [ 57%]
tests/services/test_farm_task_service.py::test_transition_matrix_has_exact_allowed_edges_and_409_complement[returned-pending-False] PASSED [ 57%]
tests/services/test_farm_task_service.py::test_transition_matrix_has_exact_allowed_edges_and_409_complement[returned-in_progress-True] PASSED [ 57%]
tests/services/test_farm_task_service.py::test_transition_matrix_has_exact_allowed_edges_and_409_complement[returned-submitted-False] PASSED [ 57%]
tests/services/test_farm_task_service.py::test_transition_matrix_has_exact_allowed_edges_and_409_complement[returned-returned-False] PASSED [ 58%]
tests/services/test_farm_task_service.py::test_transition_matrix_has_exact_allowed_edges_and_409_complement[returned-completed-False] PASSED [ 58%]
tests/services/test_farm_task_service.py::test_transition_matrix_has_exact_allowed_edges_and_409_complement[returned-cancelled-True] PASSED [ 58%]
tests/services/test_farm_task_service.py::test_transition_matrix_has_exact_allowed_edges_and_409_complement[completed-pending-False] PASSED [ 58%]
tests/services/test_farm_task_service.py::test_transition_matrix_has_exact_allowed_edges_and_409_complement[completed-in_progress-False] PASSED [ 59%]
tests/services/test_farm_task_service.py::test_transition_matrix_has_exact_allowed_edges_and_409_complement[completed-submitted-False] PASSED [ 59%]
tests/services/test_farm_task_service.py::test_transition_matrix_has_exact_allowed_edges_and_409_complement[completed-returned-False] PASSED [ 59%]
tests/services/test_farm_task_service.py::test_transition_matrix_has_exact_allowed_edges_and_409_complement[completed-completed-False] PASSED [ 59%]
tests/services/test_farm_task_service.py::test_transition_matrix_has_exact_allowed_edges_and_409_complement[completed-cancelled-False] PASSED [ 60%]
tests/services/test_farm_task_service.py::test_transition_matrix_has_exact_allowed_edges_and_409_complement[cancelled-pending-False] PASSED [ 60%]
tests/services/test_farm_task_service.py::test_transition_matrix_has_exact_allowed_edges_and_409_complement[cancelled-in_progress-False] PASSED [ 60%]
tests/services/test_farm_task_service.py::test_transition_matrix_has_exact_allowed_edges_and_409_complement[cancelled-submitted-False] PASSED [ 60%]
tests/services/test_farm_task_service.py::test_transition_matrix_has_exact_allowed_edges_and_409_complement[cancelled-returned-False] PASSED [ 60%]
tests/services/test_farm_task_service.py::test_transition_matrix_has_exact_allowed_edges_and_409_complement[cancelled-completed-False] PASSED [ 61%]
tests/services/test_farm_task_service.py::test_transition_matrix_has_exact_allowed_edges_and_409_complement[cancelled-cancelled-False] PASSED [ 61%]
tests/services/test_farm_task_service.py::test_start_submit_complete_preserves_evidence_and_appends_human_audit PASSED [ 61%]
tests/services/test_farm_task_service.py::test_return_restart_and_cancel_keep_submission_and_record_reasons PASSED [ 61%]
tests/services/test_farm_task_service.py::test_cancel_supports_every_allowed_source[pending] PASSED [ 62%]
tests/services/test_farm_task_service.py::test_cancel_supports_every_allowed_source[in_progress] PASSED [ 62%]
tests/services/test_farm_task_service.py::test_cancel_supports_every_allowed_source[returned] PASSED [ 62%]
tests/services/test_farm_task_service.py::test_submit_requires_note_trajectory_or_attachment[submit_request0] PASSED [ 62%]
tests/services/test_farm_task_service.py::test_submit_requires_note_trajectory_or_attachment[submit_request1] PASSED [ 63%]
tests/services/test_farm_task_service.py::test_submit_schema_rejects_non_http_attachment_urls[not-a-url] PASSED [ 63%]
tests/services/test_farm_task_service.py::test_submit_schema_rejects_non_http_attachment_urls[ftp://example.com/evidence.jpg] PASSED [ 63%]
tests/services/test_farm_task_service.py::test_submit_schema_rejects_non_http_attachment_urls[file:///tmp/evidence.jpg] PASSED [ 63%]
tests/services/test_farm_task_service.py::test_submit_schema_rejects_non_http_attachment_urls[https:///missing-host.jpg] PASSED [ 63%]
tests/services/test_farm_task_service.py::test_submit_schema_rejects_non_http_attachment_urls[https://exa mple.com/evidence.jpg] PASSED [ 64%]
tests/services/test_farm_task_service.py::test_submit_schema_rejects_non_http_attachment_urls[https://example.com:bad/evidence.jpg] PASSED [ 64%]
tests/services/test_farm_task_service.py::test_task_execution_contract_is_typed_and_accepts_legacy_empty_json PASSED [ 64%]
tests/services/test_farm_task_service.py::test_task_execution_audit_requires_human_actor_and_known_action PASSED [ 64%]
tests/services/test_farm_task_service.py::test_submit_rejects_missing_or_wrong_farm_trajectory_without_disclosure[other_farm_trajectory_id] PASSED [ 65%]
tests/services/test_farm_task_service.py::test_submit_rejects_missing_or_wrong_farm_trajectory_without_disclosure[foreign_trajectory_id] PASSED [ 65%]
tests/services/test_farm_task_service.py::test_submit_rejects_missing_or_wrong_farm_trajectory_without_disclosure[missing] PASSED [ 65%]
tests/services/test_farm_task_service.py::test_get_task_evidence_returns_task_goal_and_owned_trajectory_metadata PASSED [ 65%]
tests/services/test_farm_task_service.py::test_verification_draft_only_saves_while_submitted[pending] PASSED [ 66%]
tests/services/test_farm_task_service.py::test_verification_draft_only_saves_while_submitted[in_progress] PASSED [ 66%]
tests/services/test_farm_task_service.py::test_verification_draft_only_saves_while_submitted[returned] PASSED [ 66%]
tests/services/test_farm_task_service.py::test_verification_draft_only_saves_while_submitted[completed] PASSED [ 66%]
tests/services/test_farm_task_service.py::test_verification_draft_only_saves_while_submitted[cancelled] PASSED [ 66%]
tests/services/test_farm_task_service.py::test_verification_draft_updates_only_verdict_and_never_status_or_execution PASSED [ 67%]
tests/services/test_farm_task_service.py::test_complete_requires_pass_or_manual_review_draft[verdict0] PASSED [ 67%]
tests/services/test_farm_task_service.py::test_complete_requires_pass_or_manual_review_draft[verdict1] PASSED [ 67%]
tests/services/test_farm_task_service.py::test_complete_requires_pass_or_manual_review_draft[verdict2] PASSED [ 67%]
tests/services/test_farm_task_service.py::test_complete_accepts_human_approved_verdicts[pass] PASSED [ 68%]
tests/services/test_farm_task_service.py::test_complete_accepts_human_approved_verdicts[manual_review] PASSED [ 68%]
tests/services/test_farm_task_service.py::test_return_requires_a_non_blank_human_reason[] PASSED [ 68%]
tests/services/test_farm_task_service.py::test_return_requires_a_non_blank_human_reason[   ] PASSED [ 68%]
tests/services/test_farm_task_service.py::test_list_tasks_filters_only_owned_farms_and_validates_requested_farm PASSED [ 69%]
tests/services/test_farm_task_service.py::test_all_owner_scoped_task_operations_return_non_disclosing_403[foreign_task_id] PASSED [ 69%]
tests/services/test_farm_task_service.py::test_all_owner_scoped_task_operations_return_non_disclosing_403[missing] PASSED [ 69%]
tests/services/test_farm_task_service.py::test_return_checks_task_ownership_before_validating_reason PASSED [ 69%]
tests/services/test_farm_task_service.py::test_compare_and_set_prevents_double_transition_and_keeps_winner_audit PASSED [ 70%]
tests/services/test_farm_task_service.py::test_complete_cas_loses_when_verification_draft_changes_after_read PASSED [ 70%]
tests/services/test_farm_task_service.py::test_complete_cas_loses_on_case_only_verdict_snapshot_replacement PASSED [ 70%]
tests/services/test_farm_task_service.py::test_verdict_snapshot_predicate_compiles_to_mysql_binary_equality PASSED [ 70%]
tests/services/test_farm_task_service.py::test_transition_rejects_unknown_stored_execution_without_data_loss PASSED [ 70%]
tests/services/test_farm_task_service.py::test_transition_rejects_malformed_stored_execution_without_data_loss PASSED [ 71%]
tests/services/test_farm_task_service.py::test_transition_rejects_empty_stored_execution_without_data_loss PASSED [ 71%]
tests/services/test_image_analysis.py::TestXywhToXyxy::test_basic_conversion PASSED [ 71%]
tests/services/test_image_analysis.py::TestXywhToXyxy::test_multiple_boxes PASSED [ 71%]
tests/services/test_image_analysis.py::TestNMS::test_no_overlap PASSED   [ 72%]
tests/services/test_image_analysis.py::TestNMS::test_full_overlap PASSED [ 72%]
tests/services/test_image_analysis.py::TestNMS::test_partial_overlap PASSED [ 72%]
tests/services/test_image_analysis.py::TestPostprocessYolo::test_single_detection PASSED [ 72%]
tests/services/test_image_analysis.py::TestPostprocessYolo::test_low_confidence_filtered PASSED [ 73%]
tests/services/test_image_analysis.py::TestPostprocessYolo::test_coordinate_scaling PASSED [ 73%]
tests/services/test_image_analysis.py::TestPostprocessYolo::test_empty_output PASSED [ 73%]
tests/services/test_image_analysis.py::TestPreprocessImage::test_output_shape PASSED [ 73%]
tests/services/test_image_analysis.py::TestPreprocessImage::test_value_range PASSED [ 73%]
tests/services/test_image_analysis.py::TestPreprocessImage::test_dtype PASSED [ 74%]
tests/services/test_image_analysis.py::TestLabelMap::test_known_labels PASSED [ 74%]
tests/services/test_image_analysis.py::TestLabelMap::test_label_structure PASSED [ 74%]
tests/services/test_image_analysis.py::TestImageAnalysisService::test_singleton PASSED [ 74%]
tests/services/test_image_analysis.py::TestImageAnalysisService::test_analyze_returns_detection_results PASSED [ 75%]
tests/services/test_image_analysis.py::TestImageAnalysisService::test_analyze_empty_result PASSED [ 75%]
tests/services/test_image_analysis.py::TestImageAnalysisService::test_model_not_found PASSED [ 75%]
tests/services/test_location_service.py::TestGetUserLocation::test_no_user_id_returns_default PASSED [ 75%]
tests/services/test_location_service.py::TestGetUserLocation::test_no_farm_returns_default PASSED [ 76%]
tests/services/test_location_service.py::TestGetUserLocation::test_farm_with_location FAILED [ 76%]
tests/services/test_location_service.py::TestGetUserLocation::test_farm_empty_location_returns_default FAILED [ 76%]
tests/services/test_location_service.py::TestGetUserLocation::test_multiple_farms_returns_earliest FAILED [ 76%]
tests/services/test_location_service.py::TestResolveLocation::test_explicit_location_wins PASSED [ 76%]
tests/services/test_location_service.py::TestResolveLocation::test_empty_location_uses_default PASSED [ 77%]
tests/services/test_location_service.py::TestResolveLocation::test_whitespace_location_uses_default PASSED [ 77%]
tests/services/test_location_service.py::TestResolveLocation::test_empty_with_farm_uses_farm FAILED [ 77%]
tests/services/test_market_service.py::TestGetMarketPrice::test_known_crop PASSED [ 77%]
tests/services/test_market_service.py::TestGetMarketPrice::test_unknown_crop_fallback PASSED [ 78%]
tests/services/test_market_service.py::TestGetMarketPrice::test_price_cache_hit PASSED [ 78%]
tests/services/test_market_service.py::TestGetMarketPrice::test_price_unit PASSED [ 78%]
tests/services/test_market_service.py::TestGetSupplyDemand::test_known_crop PASSED [ 78%]
tests/services/test_market_service.py::TestGetSupplyDemand::test_supply_demand_analysis_text PASSED [ 79%]
tests/services/test_market_service.py::TestGetSupplyDemand::test_supply_cache_hit PASSED [ 79%]
tests/services/test_market_service.py::TestGetPolicySubsidies::test_known_location PASSED [ 79%]
tests/services/test_market_service.py::TestGetPolicySubsidies::test_unknown_location_fallback_default PASSED [ 79%]
tests/services/test_market_service.py::TestGetPolicySubsidies::test_empty_location_defaults_beijing PASSED [ 80%]
tests/services/test_market_service.py::TestGetPolicySubsidies::test_policy_fields_complete PASSED [ 80%]
tests/services/test_market_service.py::TestGetMarketAnalysis::test_rule_based_fallback PASSED [ 80%]
tests/services/test_market_service.py::TestGetMarketAnalysis::test_rule_based_sales_advice_up_trend PASSED [ 80%]
tests/services/test_market_service.py::TestGetMarketAnalysis::test_rule_based_sales_advice_down_trend PASSED [ 80%]
tests/services/test_market_service.py::TestGetMarketAnalysis::test_analysis_auto_fetch_data PASSED [ 81%]
tests/services/test_market_service.py::TestSingleton::test_get_market_service_singleton PASSED [ 81%]
tests/services/test_market_service.py::TestToolMetaRegistration::test_tool_registered[get_market_price] PASSED [ 81%]
tests/services/test_market_service.py::TestToolMetaRegistration::test_tool_registered[get_supply_demand] PASSED [ 81%]
tests/services/test_market_service.py::TestToolMetaRegistration::test_tool_registered[get_policy_subsidies] PASSED [ 82%]
tests/services/test_market_service.py::TestToolMetaRegistration::test_tool_registered[get_market_analysis] PASSED [ 82%]
tests/services/test_market_service.py::TestToolMetaRegistration::test_tool_meta_read_only[get_market_price] PASSED [ 82%]
tests/services/test_market_service.py::TestToolMetaRegistration::test_tool_meta_read_only[get_supply_demand] PASSED [ 82%]
tests/services/test_market_service.py::TestToolMetaRegistration::test_tool_meta_read_only[get_policy_subsidies] PASSED [ 83%]
tests/services/test_market_service.py::TestToolMetaRegistration::test_tool_meta_read_only[get_market_analysis] PASSED [ 83%]
tests/services/test_market_service.py::TestToolMetaRegistration::test_tool_meta_low_risk[get_market_price] PASSED [ 83%]
tests/services/test_market_service.py::TestToolMetaRegistration::test_tool_meta_low_risk[get_supply_demand] PASSED [ 83%]
tests/services/test_market_service.py::TestToolMetaRegistration::test_tool_meta_low_risk[get_policy_subsidies] PASSED [ 83%]
tests/services/test_market_service.py::TestToolMetaRegistration::test_tool_meta_low_risk[get_market_analysis] PASSED [ 84%]
tests/services/user_context/test_farm_context.py::TestBuildFarmSummary::test_no_farms PASSED [ 84%]
tests/services/user_context/test_farm_context.py::TestBuildFarmSummary::test_single_farm_no_fields FAILED [ 84%]
tests/services/user_context/test_farm_context.py::TestBuildFarmSummary::test_farm_with_fields FAILED [ 84%]
tests/services/user_context/test_farm_context.py::TestBuildFarmSummary::test_multiple_farms FAILED [ 85%]
tests/services/user_context/test_farm_context.py::TestBuildFarmSummary::test_user_isolation FAILED [ 85%]
tests/services/user_context/test_farm_context.py::TestBuildFarmSummary::test_fallow_field FAILED [ 85%]
tests/services/user_context/test_intent.py::TestDetectIntentFarm::test_farm_keyword PASSED [ 85%]
tests/services/user_context/test_intent.py::TestDetectIntentFarm::test_crop_keyword PASSED [ 86%]
tests/services/user_context/test_intent.py::TestDetectIntentFarm::test_soil_keyword PASSED [ 86%]
tests/services/user_context/test_intent.py::TestDetectIntentFarm::test_growth_stage_keyword PASSED [ 86%]
tests/services/user_context/test_intent.py::TestDetectIntentTrajectory::test_trajectory_keyword PASSED [ 86%]
tests/services/user_context/test_intent.py::TestDetectIntentTrajectory::test_depth_keyword PASSED [ 86%]
tests/services/user_context/test_intent.py::TestDetectIntentTrajectory::test_machine_keyword PASSED [ 87%]
tests/services/user_context/test_intent.py::TestDetectIntentTrajectory::test_upload_keyword PASSED [ 87%]
tests/services/user_context/test_intent.py::TestDetectIntentDefault::test_unrelated_query_defaults_to_farm PASSED [ 87%]
tests/services/user_context/test_intent.py::TestDetectIntentDefault::test_empty_query PASSED [ 87%]
tests/services/user_context/test_intent.py::TestDetectIntentTimeRange::test_recent PASSED [ 88%]
tests/services/user_context/test_intent.py::TestDetectIntentTimeRange::test_month PASSED [ 88%]
tests/services/user_context/test_intent.py::TestDetectIntentTimeRange::test_no_time PASSED [ 88%]
tests/services/user_context/test_intent.py::TestDetectIntentCombined::test_farm_and_trajectory PASSED [ 88%]
tests/services/user_context/test_intent.py::TestDetectIntentCombined::test_field_and_work PASSED [ 89%]
tests/services/user_context/test_service.py::TestUserContextService::test_no_data PASSED [ 89%]
tests/services/user_context/test_service.py::TestUserContextService::test_farm_context_injected_by_default FAILED [ 89%]
tests/services/user_context/test_service.py::TestUserContextService::test_trajectory_context_on_demand FAILED [ 89%]
tests/services/user_context/test_service.py::TestUserContextService::test_farm_and_trajectory_combined FAILED [ 90%]
tests/services/user_context/test_service.py::TestUserContextService::test_context_truncation FAILED [ 90%]
tests/services/user_context/test_service.py::TestGetUserContext::test_convenience_function FAILED [ 90%]
tests/services/user_context/test_service.py::TestGetUserContext::test_no_data_returns_empty PASSED [ 90%]
tests/services/user_context/test_trajectory_context.py::TestBuildTrajectoryContext::test_no_data PASSED [ 90%]
tests/services/user_context/test_trajectory_context.py::TestBuildTrajectoryContext::test_basic_trajectory FAILED [ 91%]
tests/services/user_context/test_trajectory_context.py::TestBuildTrajectoryContext::test_time_range_recent FAILED [ 91%]
tests/services/user_context/test_trajectory_context.py::TestBuildTrajectoryContext::test_user_isolation FAILED [ 91%]
tests/services/user_context/test_trajectory_context.py::TestBuildTrajectoryContext::test_multiple_trajectories FAILED [ 91%]
tests/services/user_context/test_trajectory_context.py::TestBuildTrajectoryContext::test_zero_stats_not_shown FAILED [ 92%]
tests/skills/test_farm_agent_skills.py::test_agriculture_qa_is_the_hard_fallback PASSED [ 92%]
tests/skills/test_farm_agent_skills.py::test_farm_inspection_has_exact_tool_allowlist PASSED [ 92%]
tests/skills/test_farm_agent_skills.py::test_farm_task_verification_has_exact_tool_allowlist PASSED [ 92%]
tests/skills/test_farm_agent_skills.py::test_controlled_farm_skills_enforce_exact_runtime_allowlists[farm_inspection-expected_tools0] PASSED [ 93%]
tests/skills/test_farm_agent_skills.py::test_controlled_farm_skills_enforce_exact_runtime_allowlists[farm_task_verification-expected_tools1] PASSED [ 93%]
tests/skills/test_farm_agent_skills.py::test_farm_inspection_playbook_enforces_evidence_first_proposals PASSED [ 93%]
tests/skills/test_farm_agent_skills.py::test_task_verification_playbook_is_draft_only PASSED [ 93%]
tests/skills/test_farm_agent_skills.py::test_skill_guide_documents_exact_task_verification_verdicts PASSED [ 93%]
tests/tools/test_farm_agent_tools.py::test_sync_farm_tools_reject_missing_run_context[tool0-arguments0] PASSED [ 94%]
tests/tools/test_farm_agent_tools.py::test_sync_farm_tools_reject_missing_run_context[tool1-arguments1] PASSED [ 94%]
tests/tools/test_farm_agent_tools.py::test_sync_farm_tools_reject_missing_run_context[tool2-arguments2] PASSED [ 94%]
tests/tools/test_farm_agent_tools.py::test_sync_farm_tools_reject_missing_run_context[tool3-arguments3] PASSED [ 94%]
tests/tools/test_farm_agent_tools.py::test_sync_farm_tools_reject_missing_run_context[tool4-arguments4] PASSED [ 95%]
tests/tools/test_farm_agent_tools.py::test_sync_farm_tools_reject_missing_run_context[tool5-arguments5] PASSED [ 95%]
tests/tools/test_farm_agent_tools.py::test_weather_tool_rejects_missing_run_context PASSED [ 95%]
tests/tools/test_farm_agent_tools.py::test_weather_tool_offloads_snapshot_and_awaits_provider PASSED [ 95%]
tests/tools/test_farm_agent_tools.py::test_farm_tool_schemas_never_expose_trusted_context_ids[tool0] PASSED [ 96%]
tests/tools/test_farm_agent_tools.py::test_farm_tool_schemas_never_expose_trusted_context_ids[tool1] PASSED [ 96%]
tests/tools/test_farm_agent_tools.py::test_farm_tool_schemas_never_expose_trusted_context_ids[tool2] PASSED [ 96%]
tests/tools/test_farm_agent_tools.py::test_farm_tool_schemas_never_expose_trusted_context_ids[tool3] PASSED [ 96%]
tests/tools/test_farm_agent_tools.py::test_farm_tool_schemas_never_expose_trusted_context_ids[tool4] PASSED [ 96%]
tests/tools/test_farm_agent_tools.py::test_farm_tool_schemas_never_expose_trusted_context_ids[tool5] PASSED [ 97%]
tests/tools/test_farm_agent_tools.py::test_farm_tool_schemas_never_expose_trusted_context_ids[tool6] PASSED [ 97%]
tests/tools/test_farm_agent_tools.py::test_weather_tool_restricts_forecast_days[0] PASSED [ 97%]
tests/tools/test_farm_agent_tools.py::test_weather_tool_restricts_forecast_days[8] PASSED [ 97%]
tests/tools/test_farm_agent_tools.py::test_proposal_tool_forces_all_context_ids PASSED [ 98%]
tests/tools/test_farm_agent_tools.py::test_verification_tool_forces_context_task_id PASSED [ 98%]
tests/tools/test_farm_agent_tools.py::test_pending_tasks_total_counts_all_matches_before_limit PASSED [ 98%]
tests/tools/test_farm_agent_tools.py::test_snapshot_tool_uses_real_context_ownership_boundary PASSED [ 98%]
tests/tools/test_farm_agent_tools.py::test_proposal_tool_serializes_real_detached_service_result PASSED [ 99%]
tests/tools/test_farm_agent_tools.py::test_verification_tool_serializes_real_detached_task_without_transition PASSED [ 99%]
tests/tools/test_farm_agent_tools.py::test_local_tool_collection_contains_all_farm_tools_without_duplicates PASSED [ 99%]
tests/tools/test_tool_meta.py::test_farm_tool_metadata_matches_exact_safety_matrix PASSED [ 99%]
tests/tools/test_tool_meta.py::test_all_farm_tools_are_registered PASSED [100%]

================================== FAILURES ===================================
_________________ TestGetUserLocation.test_farm_with_location _________________

self = <sqlalchemy.engine.base.Connection object at 0x00000217FD138690>
dialect = <sqlalchemy.dialects.sqlite.pysqlite.SQLiteDialect_pysqlite object at 0x00000217FD1473D0>
context = <sqlalchemy.dialects.sqlite.base.SQLiteExecutionContext object at 0x00000217FD13B850>
statement = <sqlalchemy.dialects.sqlite.base.SQLiteCompiler object at 0x00000217FD13B650>
parameters = [(1, '阳光农场', '山东寿光', 36.85, 118.74, 50.0, ...)]

    def _exec_single_context(
        self,
        dialect: Dialect,
        context: ExecutionContext,
        statement: Union[str, Compiled],
        parameters: Optional[_AnyMultiExecuteParams],
    ) -> CursorResult[Any]:
        """continue the _execute_context() method for a single DBAPI
        cursor.execute() or cursor.executemany() call.
    
        """
        if dialect.bind_typing is BindTyping.SETINPUTSIZES:
            generic_setinputsizes = context._prepare_set_input_sizes()
    
            if generic_setinputsizes:
                try:
                    dialect.do_set_input_sizes(
                        context.cursor, generic_setinputsizes, context
                    )
                except BaseException as e:
                    self._handle_dbapi_exception(
                        e, str(statement), parameters, None, context
                    )
    
        cursor, str_statement, parameters = (
            context.cursor,
            context.statement,
            context.parameters,
        )
    
        effective_parameters: Optional[_AnyExecuteParams]
    
        if not context.executemany:
            effective_parameters = parameters[0]
        else:
            effective_parameters = parameters
    
        if self._has_events or self.engine._has_events:
            for fn in self.dispatch.before_cursor_execute:
                str_statement, effective_parameters = fn(
                    self,
                    cursor,
                    str_statement,
                    effective_parameters,
                    context,
                    context.executemany,
                )
    
        if self._echo:
            self._log_info(str_statement)
    
            stats = context._get_cache_stats()
    
            if not self.engine.hide_parameters:
                self._log_info(
                    "[%s] %r",
                    stats,
                    sql_util._repr_params(
                        effective_parameters,
                        batches=10,
                        ismulti=context.executemany,
                    ),
                )
            else:
                self._log_info(
                    "[%s] [SQL parameters hidden due to hide_parameters=True]",
                    stats,
                )
    
        evt_handled: bool = False
        try:
            if context.execute_style is ExecuteStyle.EXECUTEMANY:
                effective_parameters = cast(
                    "_CoreMultiExecuteParams", effective_parameters
                )
                if self.dialect._has_events:
                    for fn in self.dialect.dispatch.do_executemany:
                        if fn(
                            cursor,
                            str_statement,
                            effective_parameters,
                            context,
                        ):
                            evt_handled = True
                            break
                if not evt_handled:
                    self.dialect.do_executemany(
                        cursor,
                        str_statement,
                        effective_parameters,
                        context,
                    )
            elif not effective_parameters and context.no_parameters:
                if self.dialect._has_events:
                    for fn in self.dialect.dispatch.do_execute_no_params:
                        if fn(cursor, str_statement, context):
                            evt_handled = True
                            break
                if not evt_handled:
                    self.dialect.do_execute_no_params(
                        cursor, str_statement, context
                    )
            else:
                effective_parameters = cast(
                    "_CoreSingleExecuteParams", effective_parameters
                )
                if self.dialect._has_events:
                    for fn in self.dialect.dispatch.do_execute:
                        if fn(
                            cursor,
                            str_statement,
                            effective_parameters,
                            context,
                        ):
                            evt_handled = True
                            break
                if not evt_handled:
>                   self.dialect.do_execute(
                        cursor, str_statement, effective_parameters, context
                    )

C:\Users\WangJH\AppData\Local\Programs\Python\Python311\Lib\site-packages\sqlalchemy\engine\base.py:1969: 
_ _ _ _ _ _ _ _ _ _ _ _ _ _ _ _ _ _ _ _ _ _ _ _ _ _ _ _ _ _ _ _ _ _ _ _ _ _ _ _

self = <sqlalchemy.dialects.sqlite.pysqlite.SQLiteDialect_pysqlite object at 0x00000217FD1473D0>
cursor = <sqlite3.Cursor object at 0x00000217FD1311C0>
statement = 'INSERT INTO farms (user_id, name, location, latitude, longitude, area_mu, description, created_at, updated_at) VALUES (?, ?, ?, ?, ?, ?, ?, CURRENT_TIMESTAMP, CURRENT_TIMESTAMP) RETURNING id, created_at, updated_at'
parameters = (1, '阳光农场', '山东寿光', 36.85, 118.74, 50.0, ...)
context = <sqlalchemy.dialects.sqlite.base.SQLiteExecutionContext object at 0x00000217FD13B850>

    def do_execute(self, cursor, statement, parameters, context=None):
>       cursor.execute(statement, parameters)
E       sqlite3.IntegrityError: FOREIGN KEY constraint failed

C:\Users\WangJH\AppData\Local\Programs\Python\Python311\Lib\site-packages\sqlalchemy\engine\default.py:922: IntegrityError

The above exception was the direct cause of the following exception:

self = <tests.services.test_location_service.TestGetUserLocation object at 0x00000217FA6DC550>
db_session = <sqlalchemy.orm.session.Session object at 0x00000217FD15CD90>

    def test_farm_with_location(self, db_session):
        """有农场返回农场位置."""
        farm = Farm(
            user_id=1, name="阳光农场", location="山东寿光",
            latitude=36.85, longitude=118.74, area_mu=50.0,
        )
        db_session.add(farm)
>       db_session.commit()

tests\services\test_location_service.py:65: 
_ _ _ _ _ _ _ _ _ _ _ _ _ _ _ _ _ _ _ _ _ _ _ _ _ _ _ _ _ _ _ _ _ _ _ _ _ _ _ _
C:\Users\WangJH\AppData\Local\Programs\Python\Python311\Lib\site-packages\sqlalchemy\orm\session.py:1969: in commit
    trans.commit(_to_root=True)
<string>:2: in commit
    ???
C:\Users\WangJH\AppData\Local\Programs\Python\Python311\Lib\site-packages\sqlalchemy\orm\state_changes.py:139: in _go
    ret_value = fn(self, *arg, **kw)
                ^^^^^^^^^^^^^^^^^^^^
C:\Users\WangJH\AppData\Local\Programs\Python\Python311\Lib\site-packages\sqlalchemy\orm\session.py:1256: in commit
    self._prepare_impl()
<string>:2: in _prepare_impl
    ???
C:\Users\WangJH\AppData\Local\Programs\Python\Python311\Lib\site-packages\sqlalchemy\orm\state_changes.py:139: in _go
    ret_value = fn(self, *arg, **kw)
                ^^^^^^^^^^^^^^^^^^^^
C:\Users\WangJH\AppData\Local\Programs\Python\Python311\Lib\site-packages\sqlalchemy\orm\session.py:1231: in _prepare_impl
    self.session.flush()
C:\Users\WangJH\AppData\Local\Programs\Python\Python311\Lib\site-packages\sqlalchemy\orm\session.py:4312: in flush
    self._flush(objects)
C:\Users\WangJH\AppData\Local\Programs\Python\Python311\Lib\site-packages\sqlalchemy\orm\session.py:4447: in _flush
    with util.safe_reraise():
C:\Users\WangJH\AppData\Local\Programs\Python\Python311\Lib\site-packages\sqlalchemy\util\langhelpers.py:146: in __exit__
    raise exc_value.with_traceback(exc_tb)
C:\Users\WangJH\AppData\Local\Programs\Python\Python311\Lib\site-packages\sqlalchemy\orm\session.py:4408: in _flush
    flush_context.execute()
C:\Users\WangJH\AppData\Local\Programs\Python\Python311\Lib\site-packages\sqlalchemy\orm\unitofwork.py:466: in execute
    rec.execute(self)
C:\Users\WangJH\AppData\Local\Programs\Python\Python311\Lib\site-packages\sqlalchemy\orm\unitofwork.py:642: in execute
    util.preloaded.orm_persistence.save_obj(
C:\Users\WangJH\AppData\Local\Programs\Python\Python311\Lib\site-packages\sqlalchemy\orm\persistence.py:93: in save_obj
    _emit_insert_statements(
C:\Users\WangJH\AppData\Local\Programs\Python\Python311\Lib\site-packages\sqlalchemy\orm\persistence.py:1227: in _emit_insert_statements
    result = connection.execute(
C:\Users\WangJH\AppData\Local\Programs\Python\Python311\Lib\site-packages\sqlalchemy\engine\base.py:1416: in execute
    return meth(
C:\Users\WangJH\AppData\Local\Programs\Python\Python311\Lib\site-packages\sqlalchemy\sql\elements.py:517: in _execute_on_connection
    return connection._execute_clauseelement(
C:\Users\WangJH\AppData\Local\Programs\Python\Python311\Lib\site-packages\sqlalchemy\engine\base.py:1639: in _execute_clauseelement
    ret = self._execute_context(
C:\Users\WangJH\AppData\Local\Programs\Python\Python311\Lib\site-packages\sqlalchemy\engine\base.py:1848: in _execute_context
    return self._exec_single_context(
C:\Users\WangJH\AppData\Local\Programs\Python\Python311\Lib\site-packages\sqlalchemy\engine\base.py:1988: in _exec_single_context
    self._handle_dbapi_exception(
C:\Users\WangJH\AppData\Local\Programs\Python\Python311\Lib\site-packages\sqlalchemy\engine\base.py:2344: in _handle_dbapi_exception
    raise sqlalchemy_exception.with_traceback(exc_info[2]) from e
C:\Users\WangJH\AppData\Local\Programs\Python\Python311\Lib\site-packages\sqlalchemy\engine\base.py:1969: in _exec_single_context
    self.dialect.do_execute(
_ _ _ _ _ _ _ _ _ _ _ _ _ _ _ _ _ _ _ _ _ _ _ _ _ _ _ _ _ _ _ _ _ _ _ _ _ _ _ _

self = <sqlalchemy.dialects.sqlite.pysqlite.SQLiteDialect_pysqlite object at 0x00000217FD1473D0>
cursor = <sqlite3.Cursor object at 0x00000217FD1311C0>
statement = 'INSERT INTO farms (user_id, name, location, latitude, longitude, area_mu, description, created_at, updated_at) VALUES (?, ?, ?, ?, ?, ?, ?, CURRENT_TIMESTAMP, CURRENT_TIMESTAMP) RETURNING id, created_at, updated_at'
parameters = (1, '阳光农场', '山东寿光', 36.85, 118.74, 50.0, ...)
context = <sqlalchemy.dialects.sqlite.base.SQLiteExecutionContext object at 0x00000217FD13B850>

    def do_execute(self, cursor, statement, parameters, context=None):
>       cursor.execute(statement, parameters)
E       sqlalchemy.exc.IntegrityError: (sqlite3.IntegrityError) FOREIGN KEY constraint failed
E       [SQL: INSERT INTO farms (user_id, name, location, latitude, longitude, area_mu, description, created_at, updated_at) VALUES (?, ?, ?, ?, ?, ?, ?, CURRENT_TIMESTAMP, CURRENT_TIMESTAMP) RETURNING id, created_at, updated_at]
E       [parameters: (1, '阳光农场', '山东寿光', 36.85, 118.74, 50.0, '')]
E       (Background on this error at: https://sqlalche.me/e/20/gkpj)

C:\Users\WangJH\AppData\Local\Programs\Python\Python311\Lib\site-packages\sqlalchemy\engine\default.py:922: IntegrityError
________ TestGetUserLocation.test_farm_empty_location_returns_default _________

self = <sqlalchemy.engine.base.Connection object at 0x00000217FD9B4FD0>
dialect = <sqlalchemy.dialects.sqlite.pysqlite.SQLiteDialect_pysqlite object at 0x00000217FDA485D0>
context = <sqlalchemy.dialects.sqlite.base.SQLiteExecutionContext object at 0x00000217FDA4AF50>
statement = <sqlalchemy.dialects.sqlite.base.SQLiteCompiler object at 0x00000217FD9B52D0>
parameters = [(1, '空位置农场', '', None, None, 10.0, ...)]

    def _exec_single_context(
        self,
        dialect: Dialect,
        context: ExecutionContext,
        statement: Union[str, Compiled],
        parameters: Optional[_AnyMultiExecuteParams],
    ) -> CursorResult[Any]:
        """continue the _execute_context() method for a single DBAPI
        cursor.execute() or cursor.executemany() call.
    
        """
        if dialect.bind_typing is BindTyping.SETINPUTSIZES:
            generic_setinputsizes = context._prepare_set_input_sizes()
    
            if generic_setinputsizes:
                try:
                    dialect.do_set_input_sizes(
                        context.cursor, generic_setinputsizes, context
                    )
                except BaseException as e:
                    self._handle_dbapi_exception(
                        e, str(statement), parameters, None, context
                    )
    
        cursor, str_statement, parameters = (
            context.cursor,
            context.statement,
            context.parameters,
        )
    
        effective_parameters: Optional[_AnyExecuteParams]
    
        if not context.executemany:
            effective_parameters = parameters[0]
        else:
            effective_parameters = parameters
    
        if self._has_events or self.engine._has_events:
            for fn in self.dispatch.before_cursor_execute:
                str_statement, effective_parameters = fn(
                    self,
                    cursor,
                    str_statement,
                    effective_parameters,
                    context,
                    context.executemany,
                )
    
        if self._echo:
            self._log_info(str_statement)
    
            stats = context._get_cache_stats()
    
            if not self.engine.hide_parameters:
                self._log_info(
                    "[%s] %r",
                    stats,
                    sql_util._repr_params(
                        effective_parameters,
                        batches=10,
                        ismulti=context.executemany,
                    ),
                )
            else:
                self._log_info(
                    "[%s] [SQL parameters hidden due to hide_parameters=True]",
                    stats,
                )
    
        evt_handled: bool = False
        try:
            if context.execute_style is ExecuteStyle.EXECUTEMANY:
                effective_parameters = cast(
                    "_CoreMultiExecuteParams", effective_parameters
                )
                if self.dialect._has_events:
                    for fn in self.dialect.dispatch.do_executemany:
                        if fn(
                            cursor,
                            str_statement,
                            effective_parameters,
                            context,
                        ):
                            evt_handled = True
                            break
                if not evt_handled:
                    self.dialect.do_executemany(
                        cursor,
                        str_statement,
                        effective_parameters,
                        context,
                    )
            elif not effective_parameters and context.no_parameters:
                if self.dialect._has_events:
                    for fn in self.dialect.dispatch.do_execute_no_params:
                        if fn(cursor, str_statement, context):
                            evt_handled = True
                            break
                if not evt_handled:
                    self.dialect.do_execute_no_params(
                        cursor, str_statement, context
                    )
            else:
                effective_parameters = cast(
                    "_CoreSingleExecuteParams", effective_parameters
                )
                if self.dialect._has_events:
                    for fn in self.dialect.dispatch.do_execute:
                        if fn(
                            cursor,
                            str_statement,
                            effective_parameters,
                            context,
                        ):
                            evt_handled = True
                            break
                if not evt_handled:
>                   self.dialect.do_execute(
                        cursor, str_statement, effective_parameters, context
                    )

C:\Users\WangJH\AppData\Local\Programs\Python\Python311\Lib\site-packages\sqlalchemy\engine\base.py:1969: 
_ _ _ _ _ _ _ _ _ _ _ _ _ _ _ _ _ _ _ _ _ _ _ _ _ _ _ _ _ _ _ _ _ _ _ _ _ _ _ _

self = <sqlalchemy.dialects.sqlite.pysqlite.SQLiteDialect_pysqlite object at 0x00000217FDA485D0>
cursor = <sqlite3.Cursor object at 0x00000217FCFF40C0>
statement = 'INSERT INTO farms (user_id, name, location, latitude, longitude, area_mu, description, created_at, updated_at) VALUES (?, ?, ?, ?, ?, ?, ?, CURRENT_TIMESTAMP, CURRENT_TIMESTAMP) RETURNING id, created_at, updated_at'
parameters = (1, '空位置农场', '', None, None, 10.0, ...)
context = <sqlalchemy.dialects.sqlite.base.SQLiteExecutionContext object at 0x00000217FDA4AF50>

    def do_execute(self, cursor, statement, parameters, context=None):
>       cursor.execute(statement, parameters)
E       sqlite3.IntegrityError: FOREIGN KEY constraint failed

C:\Users\WangJH\AppData\Local\Programs\Python\Python311\Lib\site-packages\sqlalchemy\engine\default.py:922: IntegrityError

The above exception was the direct cause of the following exception:

self = <tests.services.test_location_service.TestGetUserLocation object at 0x00000217FA6DCC10>
db_session = <sqlalchemy.orm.session.Session object at 0x00000217FD9CA690>

    def test_farm_empty_location_returns_default(self, db_session):
        """农场 location 为空, 回退默认."""
        farm = Farm(user_id=1, name="空位置农场", location="", area_mu=10.0)
        db_session.add(farm)
>       db_session.commit()

tests\services\test_location_service.py:80: 
_ _ _ _ _ _ _ _ _ _ _ _ _ _ _ _ _ _ _ _ _ _ _ _ _ _ _ _ _ _ _ _ _ _ _ _ _ _ _ _
C:\Users\WangJH\AppData\Local\Programs\Python\Python311\Lib\site-packages\sqlalchemy\orm\session.py:1969: in commit
    trans.commit(_to_root=True)
<string>:2: in commit
    ???
C:\Users\WangJH\AppData\Local\Programs\Python\Python311\Lib\site-packages\sqlalchemy\orm\state_changes.py:139: in _go
    ret_value = fn(self, *arg, **kw)
                ^^^^^^^^^^^^^^^^^^^^
C:\Users\WangJH\AppData\Local\Programs\Python\Python311\Lib\site-packages\sqlalchemy\orm\session.py:1256: in commit
    self._prepare_impl()
<string>:2: in _prepare_impl
    ???
C:\Users\WangJH\AppData\Local\Programs\Python\Python311\Lib\site-packages\sqlalchemy\orm\state_changes.py:139: in _go
    ret_value = fn(self, *arg, **kw)
                ^^^^^^^^^^^^^^^^^^^^
C:\Users\WangJH\AppData\Local\Programs\Python\Python311\Lib\site-packages\sqlalchemy\orm\session.py:1231: in _prepare_impl
    self.session.flush()
C:\Users\WangJH\AppData\Local\Programs\Python\Python311\Lib\site-packages\sqlalchemy\orm\session.py:4312: in flush
    self._flush(objects)
C:\Users\WangJH\AppData\Local\Programs\Python\Python311\Lib\site-packages\sqlalchemy\orm\session.py:4447: in _flush
    with util.safe_reraise():
C:\Users\WangJH\AppData\Local\Programs\Python\Python311\Lib\site-packages\sqlalchemy\util\langhelpers.py:146: in __exit__
    raise exc_value.with_traceback(exc_tb)
C:\Users\WangJH\AppData\Local\Programs\Python\Python311\Lib\site-packages\sqlalchemy\orm\session.py:4408: in _flush
    flush_context.execute()
C:\Users\WangJH\AppData\Local\Programs\Python\Python311\Lib\site-packages\sqlalchemy\orm\unitofwork.py:466: in execute
    rec.execute(self)
C:\Users\WangJH\AppData\Local\Programs\Python\Python311\Lib\site-packages\sqlalchemy\orm\unitofwork.py:642: in execute
    util.preloaded.orm_persistence.save_obj(
C:\Users\WangJH\AppData\Local\Programs\Python\Python311\Lib\site-packages\sqlalchemy\orm\persistence.py:93: in save_obj
    _emit_insert_statements(
C:\Users\WangJH\AppData\Local\Programs\Python\Python311\Lib\site-packages\sqlalchemy\orm\persistence.py:1227: in _emit_insert_statements
    result = connection.execute(
C:\Users\WangJH\AppData\Local\Programs\Python\Python311\Lib\site-packages\sqlalchemy\engine\base.py:1416: in execute
    return meth(
C:\Users\WangJH\AppData\Local\Programs\Python\Python311\Lib\site-packages\sqlalchemy\sql\elements.py:517: in _execute_on_connection
    return connection._execute_clauseelement(
C:\Users\WangJH\AppData\Local\Programs\Python\Python311\Lib\site-packages\sqlalchemy\engine\base.py:1639: in _execute_clauseelement
    ret = self._execute_context(
C:\Users\WangJH\AppData\Local\Programs\Python\Python311\Lib\site-packages\sqlalchemy\engine\base.py:1848: in _execute_context
    return self._exec_single_context(
C:\Users\WangJH\AppData\Local\Programs\Python\Python311\Lib\site-packages\sqlalchemy\engine\base.py:1988: in _exec_single_context
    self._handle_dbapi_exception(
C:\Users\WangJH\AppData\Local\Programs\Python\Python311\Lib\site-packages\sqlalchemy\engine\base.py:2344: in _handle_dbapi_exception
    raise sqlalchemy_exception.with_traceback(exc_info[2]) from e
C:\Users\WangJH\AppData\Local\Programs\Python\Python311\Lib\site-packages\sqlalchemy\engine\base.py:1969: in _exec_single_context
    self.dialect.do_execute(
_ _ _ _ _ _ _ _ _ _ _ _ _ _ _ _ _ _ _ _ _ _ _ _ _ _ _ _ _ _ _ _ _ _ _ _ _ _ _ _

self = <sqlalchemy.dialects.sqlite.pysqlite.SQLiteDialect_pysqlite object at 0x00000217FDA485D0>
cursor = <sqlite3.Cursor object at 0x00000217FCFF40C0>
statement = 'INSERT INTO farms (user_id, name, location, latitude, longitude, area_mu, description, created_at, updated_at) VALUES (?, ?, ?, ?, ?, ?, ?, CURRENT_TIMESTAMP, CURRENT_TIMESTAMP) RETURNING id, created_at, updated_at'
parameters = (1, '空位置农场', '', None, None, 10.0, ...)
context = <sqlalchemy.dialects.sqlite.base.SQLiteExecutionContext object at 0x00000217FDA4AF50>

    def do_execute(self, cursor, statement, parameters, context=None):
>       cursor.execute(statement, parameters)
E       sqlalchemy.exc.IntegrityError: (sqlite3.IntegrityError) FOREIGN KEY constraint failed
E       [SQL: INSERT INTO farms (user_id, name, location, latitude, longitude, area_mu, description, created_at, updated_at) VALUES (?, ?, ?, ?, ?, ?, ?, CURRENT_TIMESTAMP, CURRENT_TIMESTAMP) RETURNING id, created_at, updated_at]
E       [parameters: (1, '空位置农场', '', None, None, 10.0, '')]
E       (Background on this error at: https://sqlalche.me/e/20/gkpj)

C:\Users\WangJH\AppData\Local\Programs\Python\Python311\Lib\site-packages\sqlalchemy\engine\default.py:922: IntegrityError
__________ TestGetUserLocation.test_multiple_farms_returns_earliest ___________

self = <sqlalchemy.engine.base.Connection object at 0x00000217FCE60A90>
dialect = <sqlalchemy.dialects.sqlite.pysqlite.SQLiteDialect_pysqlite object at 0x00000217FD952450>
context = <sqlalchemy.dialects.sqlite.base.SQLiteExecutionContext object at 0x00000217FCDD9A50>
statement = <sqlalchemy.dialects.sqlite.base.SQLiteCompiler object at 0x00000217FCDD8750>
parameters = [(1, '农场A', '山东', None, None, 10.0, ...)]

    def _exec_single_context(
        self,
        dialect: Dialect,
        context: ExecutionContext,
        statement: Union[str, Compiled],
        parameters: Optional[_AnyMultiExecuteParams],
    ) -> CursorResult[Any]:
        """continue the _execute_context() method for a single DBAPI
        cursor.execute() or cursor.executemany() call.
    
        """
        if dialect.bind_typing is BindTyping.SETINPUTSIZES:
            generic_setinputsizes = context._prepare_set_input_sizes()
    
            if generic_setinputsizes:
                try:
                    dialect.do_set_input_sizes(
                        context.cursor, generic_setinputsizes, context
                    )
                except BaseException as e:
                    self._handle_dbapi_exception(
                        e, str(statement), parameters, None, context
                    )
    
        cursor, str_statement, parameters = (
            context.cursor,
            context.statement,
            context.parameters,
        )
    
        effective_parameters: Optional[_AnyExecuteParams]
    
        if not context.executemany:
            effective_parameters = parameters[0]
        else:
            effective_parameters = parameters
    
        if self._has_events or self.engine._has_events:
            for fn in self.dispatch.before_cursor_execute:
                str_statement, effective_parameters = fn(
                    self,
                    cursor,
                    str_statement,
                    effective_parameters,
                    context,
                    context.executemany,
                )
    
        if self._echo:
            self._log_info(str_statement)
    
            stats = context._get_cache_stats()
    
            if not self.engine.hide_parameters:
                self._log_info(
                    "[%s] %r",
                    stats,
                    sql_util._repr_params(
                        effective_parameters,
                        batches=10,
                        ismulti=context.executemany,
                    ),
                )
            else:
                self._log_info(
                    "[%s] [SQL parameters hidden due to hide_parameters=True]",
                    stats,
                )
    
        evt_handled: bool = False
        try:
            if context.execute_style is ExecuteStyle.EXECUTEMANY:
                effective_parameters = cast(
                    "_CoreMultiExecuteParams", effective_parameters
                )
                if self.dialect._has_events:
                    for fn in self.dialect.dispatch.do_executemany:
                        if fn(
                            cursor,
                            str_statement,
                            effective_parameters,
                            context,
                        ):
                            evt_handled = True
                            break
                if not evt_handled:
                    self.dialect.do_executemany(
                        cursor,
                        str_statement,
                        effective_parameters,
                        context,
                    )
            elif not effective_parameters and context.no_parameters:
                if self.dialect._has_events:
                    for fn in self.dialect.dispatch.do_execute_no_params:
                        if fn(cursor, str_statement, context):
                            evt_handled = True
                            break
                if not evt_handled:
                    self.dialect.do_execute_no_params(
                        cursor, str_statement, context
                    )
            else:
                effective_parameters = cast(
                    "_CoreSingleExecuteParams", effective_parameters
                )
                if self.dialect._has_events:
                    for fn in self.dialect.dispatch.do_execute:
                        if fn(
                            cursor,
                            str_statement,
                            effective_parameters,
                            context,
                        ):
                            evt_handled = True
                            break
                if not evt_handled:
>                   self.dialect.do_execute(
                        cursor, str_statement, effective_parameters, context
                    )

C:\Users\WangJH\AppData\Local\Programs\Python\Python311\Lib\site-packages\sqlalchemy\engine\base.py:1969: 
_ _ _ _ _ _ _ _ _ _ _ _ _ _ _ _ _ _ _ _ _ _ _ _ _ _ _ _ _ _ _ _ _ _ _ _ _ _ _ _

self = <sqlalchemy.dialects.sqlite.pysqlite.SQLiteDialect_pysqlite object at 0x00000217FD952450>
cursor = <sqlite3.Cursor object at 0x00000217FE484BC0>
statement = 'INSERT INTO farms (user_id, name, location, latitude, longitude, area_mu, description, created_at, updated_at) VALUES (?, ?, ?, ?, ?, ?, ?, CURRENT_TIMESTAMP, CURRENT_TIMESTAMP) RETURNING id, created_at, updated_at'
parameters = (1, '农场A', '山东', None, None, 10.0, ...)
context = <sqlalchemy.dialects.sqlite.base.SQLiteExecutionContext object at 0x00000217FCDD9A50>

    def do_execute(self, cursor, statement, parameters, context=None):
>       cursor.execute(statement, parameters)
E       sqlite3.IntegrityError: FOREIGN KEY constraint failed

C:\Users\WangJH\AppData\Local\Programs\Python\Python311\Lib\site-packages\sqlalchemy\engine\default.py:922: IntegrityError

The above exception was the direct cause of the following exception:

self = <tests.services.test_location_service.TestGetUserLocation object at 0x00000217FA6DD310>
db_session = <sqlalchemy.orm.session.Session object at 0x00000217FCBD6D90>

    def test_multiple_farms_returns_earliest(self, db_session):
        """多个农场返回最早创建的."""
        farm1 = Farm(user_id=1, name="农场A", location="山东", area_mu=10.0)
        db_session.add(farm1)
>       db_session.commit()

tests\services\test_location_service.py:93: 
_ _ _ _ _ _ _ _ _ _ _ _ _ _ _ _ _ _ _ _ _ _ _ _ _ _ _ _ _ _ _ _ _ _ _ _ _ _ _ _
C:\Users\WangJH\AppData\Local\Programs\Python\Python311\Lib\site-packages\sqlalchemy\orm\session.py:1969: in commit
    trans.commit(_to_root=True)
<string>:2: in commit
    ???
C:\Users\WangJH\AppData\Local\Programs\Python\Python311\Lib\site-packages\sqlalchemy\orm\state_changes.py:139: in _go
    ret_value = fn(self, *arg, **kw)
                ^^^^^^^^^^^^^^^^^^^^
C:\Users\WangJH\AppData\Local\Programs\Python\Python311\Lib\site-packages\sqlalchemy\orm\session.py:1256: in commit
    self._prepare_impl()
<string>:2: in _prepare_impl
    ???
C:\Users\WangJH\AppData\Local\Programs\Python\Python311\Lib\site-packages\sqlalchemy\orm\state_changes.py:139: in _go
    ret_value = fn(self, *arg, **kw)
                ^^^^^^^^^^^^^^^^^^^^
C:\Users\WangJH\AppData\Local\Programs\Python\Python311\Lib\site-packages\sqlalchemy\orm\session.py:1231: in _prepare_impl
    self.session.flush()
C:\Users\WangJH\AppData\Local\Programs\Python\Python311\Lib\site-packages\sqlalchemy\orm\session.py:4312: in flush
    self._flush(objects)
C:\Users\WangJH\AppData\Local\Programs\Python\Python311\Lib\site-packages\sqlalchemy\orm\session.py:4447: in _flush
    with util.safe_reraise():
C:\Users\WangJH\AppData\Local\Programs\Python\Python311\Lib\site-packages\sqlalchemy\util\langhelpers.py:146: in __exit__
    raise exc_value.with_traceback(exc_tb)
C:\Users\WangJH\AppData\Local\Programs\Python\Python311\Lib\site-packages\sqlalchemy\orm\session.py:4408: in _flush
    flush_context.execute()
C:\Users\WangJH\AppData\Local\Programs\Python\Python311\Lib\site-packages\sqlalchemy\orm\unitofwork.py:466: in execute
    rec.execute(self)
C:\Users\WangJH\AppData\Local\Programs\Python\Python311\Lib\site-packages\sqlalchemy\orm\unitofwork.py:642: in execute
    util.preloaded.orm_persistence.save_obj(
C:\Users\WangJH\AppData\Local\Programs\Python\Python311\Lib\site-packages\sqlalchemy\orm\persistence.py:93: in save_obj
    _emit_insert_statements(
C:\Users\WangJH\AppData\Local\Programs\Python\Python311\Lib\site-packages\sqlalchemy\orm\persistence.py:1227: in _emit_insert_statements
    result = connection.execute(
C:\Users\WangJH\AppData\Local\Programs\Python\Python311\Lib\site-packages\sqlalchemy\engine\base.py:1416: in execute
    return meth(
C:\Users\WangJH\AppData\Local\Programs\Python\Python311\Lib\site-packages\sqlalchemy\sql\elements.py:517: in _execute_on_connection
    return connection._execute_clauseelement(
C:\Users\WangJH\AppData\Local\Programs\Python\Python311\Lib\site-packages\sqlalchemy\engine\base.py:1639: in _execute_clauseelement
    ret = self._execute_context(
C:\Users\WangJH\AppData\Local\Programs\Python\Python311\Lib\site-packages\sqlalchemy\engine\base.py:1848: in _execute_context
    return self._exec_single_context(
C:\Users\WangJH\AppData\Local\Programs\Python\Python311\Lib\site-packages\sqlalchemy\engine\base.py:1988: in _exec_single_context
    self._handle_dbapi_exception(
C:\Users\WangJH\AppData\Local\Programs\Python\Python311\Lib\site-packages\sqlalchemy\engine\base.py:2344: in _handle_dbapi_exception
    raise sqlalchemy_exception.with_traceback(exc_info[2]) from e
C:\Users\WangJH\AppData\Local\Programs\Python\Python311\Lib\site-packages\sqlalchemy\engine\base.py:1969: in _exec_single_context
    self.dialect.do_execute(
_ _ _ _ _ _ _ _ _ _ _ _ _ _ _ _ _ _ _ _ _ _ _ _ _ _ _ _ _ _ _ _ _ _ _ _ _ _ _ _

self = <sqlalchemy.dialects.sqlite.pysqlite.SQLiteDialect_pysqlite object at 0x00000217FD952450>
cursor = <sqlite3.Cursor object at 0x00000217FE484BC0>
statement = 'INSERT INTO farms (user_id, name, location, latitude, longitude, area_mu, description, created_at, updated_at) VALUES (?, ?, ?, ?, ?, ?, ?, CURRENT_TIMESTAMP, CURRENT_TIMESTAMP) RETURNING id, created_at, updated_at'
parameters = (1, '农场A', '山东', None, None, 10.0, ...)
context = <sqlalchemy.dialects.sqlite.base.SQLiteExecutionContext object at 0x00000217FCDD9A50>

    def do_execute(self, cursor, statement, parameters, context=None):
>       cursor.execute(statement, parameters)
E       sqlalchemy.exc.IntegrityError: (sqlite3.IntegrityError) FOREIGN KEY constraint failed
E       [SQL: INSERT INTO farms (user_id, name, location, latitude, longitude, area_mu, description, created_at, updated_at) VALUES (?, ?, ?, ?, ?, ?, ?, CURRENT_TIMESTAMP, CURRENT_TIMESTAMP) RETURNING id, created_at, updated_at]
E       [parameters: (1, '农场A', '山东', None, None, 10.0, '')]
E       (Background on this error at: https://sqlalche.me/e/20/gkpj)

C:\Users\WangJH\AppData\Local\Programs\Python\Python311\Lib\site-packages\sqlalchemy\engine\default.py:922: IntegrityError
_____________ TestResolveLocation.test_empty_with_farm_uses_farm ______________

self = <sqlalchemy.engine.base.Connection object at 0x00000217FE2E5090>
dialect = <sqlalchemy.dialects.sqlite.pysqlite.SQLiteDialect_pysqlite object at 0x00000217FD953D50>
context = <sqlalchemy.dialects.sqlite.base.SQLiteExecutionContext object at 0x00000217FA77CF10>
statement = <sqlalchemy.dialects.sqlite.base.SQLiteCompiler object at 0x00000217FE2E5550>
parameters = [(1, '农场', '山东寿光', None, None, 10.0, ...)]

    def _exec_single_context(
        self,
        dialect: Dialect,
        context: ExecutionContext,
        statement: Union[str, Compiled],
        parameters: Optional[_AnyMultiExecuteParams],
    ) -> CursorResult[Any]:
        """continue the _execute_context() method for a single DBAPI
        cursor.execute() or cursor.executemany() call.
    
        """
        if dialect.bind_typing is BindTyping.SETINPUTSIZES:
            generic_setinputsizes = context._prepare_set_input_sizes()
    
            if generic_setinputsizes:
                try:
                    dialect.do_set_input_sizes(
                        context.cursor, generic_setinputsizes, context
                    )
                except BaseException as e:
                    self._handle_dbapi_exception(
                        e, str(statement), parameters, None, context
                    )
    
        cursor, str_statement, parameters = (
            context.cursor,
            context.statement,
            context.parameters,
        )
    
        effective_parameters: Optional[_AnyExecuteParams]
    
        if not context.executemany:
            effective_parameters = parameters[0]
        else:
            effective_parameters = parameters
    
        if self._has_events or self.engine._has_events:
            for fn in self.dispatch.before_cursor_execute:
                str_statement, effective_parameters = fn(
                    self,
                    cursor,
                    str_statement,
                    effective_parameters,
                    context,
                    context.executemany,
                )
    
        if self._echo:
            self._log_info(str_statement)
    
            stats = context._get_cache_stats()
    
            if not self.engine.hide_parameters:
                self._log_info(
                    "[%s] %r",
                    stats,
                    sql_util._repr_params(
                        effective_parameters,
                        batches=10,
                        ismulti=context.executemany,
                    ),
                )
            else:
                self._log_info(
                    "[%s] [SQL parameters hidden due to hide_parameters=True]",
                    stats,
                )
    
        evt_handled: bool = False
        try:
            if context.execute_style is ExecuteStyle.EXECUTEMANY:
                effective_parameters = cast(
                    "_CoreMultiExecuteParams", effective_parameters
                )
                if self.dialect._has_events:
                    for fn in self.dialect.dispatch.do_executemany:
                        if fn(
                            cursor,
                            str_statement,
                            effective_parameters,
                            context,
                        ):
                            evt_handled = True
                            break
                if not evt_handled:
                    self.dialect.do_executemany(
                        cursor,
                        str_statement,
                        effective_parameters,
                        context,
                    )
            elif not effective_parameters and context.no_parameters:
                if self.dialect._has_events:
                    for fn in self.dialect.dispatch.do_execute_no_params:
                        if fn(cursor, str_statement, context):
                            evt_handled = True
                            break
                if not evt_handled:
                    self.dialect.do_execute_no_params(
                        cursor, str_statement, context
                    )
            else:
                effective_parameters = cast(
                    "_CoreSingleExecuteParams", effective_parameters
                )
                if self.dialect._has_events:
                    for fn in self.dialect.dispatch.do_execute:
                        if fn(
                            cursor,
                            str_statement,
                            effective_parameters,
                            context,
                        ):
                            evt_handled = True
                            break
                if not evt_handled:
>                   self.dialect.do_execute(
                        cursor, str_statement, effective_parameters, context
                    )

C:\Users\WangJH\AppData\Local\Programs\Python\Python311\Lib\site-packages\sqlalchemy\engine\base.py:1969: 
_ _ _ _ _ _ _ _ _ _ _ _ _ _ _ _ _ _ _ _ _ _ _ _ _ _ _ _ _ _ _ _ _ _ _ _ _ _ _ _

self = <sqlalchemy.dialects.sqlite.pysqlite.SQLiteDialect_pysqlite object at 0x00000217FD953D50>
cursor = <sqlite3.Cursor object at 0x00000217FAE7ED40>
statement = 'INSERT INTO farms (user_id, name, location, latitude, longitude, area_mu, description, created_at, updated_at) VALUES (?, ?, ?, ?, ?, ?, ?, CURRENT_TIMESTAMP, CURRENT_TIMESTAMP) RETURNING id, created_at, updated_at'
parameters = (1, '农场', '山东寿光', None, None, 10.0, ...)
context = <sqlalchemy.dialects.sqlite.base.SQLiteExecutionContext object at 0x00000217FA77CF10>

    def do_execute(self, cursor, statement, parameters, context=None):
>       cursor.execute(statement, parameters)
E       sqlite3.IntegrityError: FOREIGN KEY constraint failed

C:\Users\WangJH\AppData\Local\Programs\Python\Python311\Lib\site-packages\sqlalchemy\engine\default.py:922: IntegrityError

The above exception was the direct cause of the following exception:

self = <tests.services.test_location_service.TestResolveLocation object at 0x00000217FA6DDB90>
db_session = <sqlalchemy.orm.session.Session object at 0x00000217FAC35110>

    def test_empty_with_farm_uses_farm(self, db_session):
        """空位置 + 有农场 → 用农场位置."""
        farm = Farm(user_id=1, name="农场", location="山东寿光", area_mu=10.0)
        db_session.add(farm)
>       db_session.commit()

tests\services\test_location_service.py:129: 
_ _ _ _ _ _ _ _ _ _ _ _ _ _ _ _ _ _ _ _ _ _ _ _ _ _ _ _ _ _ _ _ _ _ _ _ _ _ _ _
C:\Users\WangJH\AppData\Local\Programs\Python\Python311\Lib\site-packages\sqlalchemy\orm\session.py:1969: in commit
    trans.commit(_to_root=True)
<string>:2: in commit
    ???
C:\Users\WangJH\AppData\Local\Programs\Python\Python311\Lib\site-packages\sqlalchemy\orm\state_changes.py:139: in _go
    ret_value = fn(self, *arg, **kw)
                ^^^^^^^^^^^^^^^^^^^^
C:\Users\WangJH\AppData\Local\Programs\Python\Python311\Lib\site-packages\sqlalchemy\orm\session.py:1256: in commit
    self._prepare_impl()
<string>:2: in _prepare_impl
    ???
C:\Users\WangJH\AppData\Local\Programs\Python\Python311\Lib\site-packages\sqlalchemy\orm\state_changes.py:139: in _go
    ret_value = fn(self, *arg, **kw)
                ^^^^^^^^^^^^^^^^^^^^
C:\Users\WangJH\AppData\Local\Programs\Python\Python311\Lib\site-packages\sqlalchemy\orm\session.py:1231: in _prepare_impl
    self.session.flush()
C:\Users\WangJH\AppData\Local\Programs\Python\Python311\Lib\site-packages\sqlalchemy\orm\session.py:4312: in flush
    self._flush(objects)
C:\Users\WangJH\AppData\Local\Programs\Python\Python311\Lib\site-packages\sqlalchemy\orm\session.py:4447: in _flush
    with util.safe_reraise():
C:\Users\WangJH\AppData\Local\Programs\Python\Python311\Lib\site-packages\sqlalchemy\util\langhelpers.py:146: in __exit__
    raise exc_value.with_traceback(exc_tb)
C:\Users\WangJH\AppData\Local\Programs\Python\Python311\Lib\site-packages\sqlalchemy\orm\session.py:4408: in _flush
    flush_context.execute()
C:\Users\WangJH\AppData\Local\Programs\Python\Python311\Lib\site-packages\sqlalchemy\orm\unitofwork.py:466: in execute
    rec.execute(self)
C:\Users\WangJH\AppData\Local\Programs\Python\Python311\Lib\site-packages\sqlalchemy\orm\unitofwork.py:642: in execute
    util.preloaded.orm_persistence.save_obj(
C:\Users\WangJH\AppData\Local\Programs\Python\Python311\Lib\site-packages\sqlalchemy\orm\persistence.py:93: in save_obj
    _emit_insert_statements(
C:\Users\WangJH\AppData\Local\Programs\Python\Python311\Lib\site-packages\sqlalchemy\orm\persistence.py:1227: in _emit_insert_statements
    result = connection.execute(
C:\Users\WangJH\AppData\Local\Programs\Python\Python311\Lib\site-packages\sqlalchemy\engine\base.py:1416: in execute
    return meth(
C:\Users\WangJH\AppData\Local\Programs\Python\Python311\Lib\site-packages\sqlalchemy\sql\elements.py:517: in _execute_on_connection
    return connection._execute_clauseelement(
C:\Users\WangJH\AppData\Local\Programs\Python\Python311\Lib\site-packages\sqlalchemy\engine\base.py:1639: in _execute_clauseelement
    ret = self._execute_context(
C:\Users\WangJH\AppData\Local\Programs\Python\Python311\Lib\site-packages\sqlalchemy\engine\base.py:1848: in _execute_context
    return self._exec_single_context(
C:\Users\WangJH\AppData\Local\Programs\Python\Python311\Lib\site-packages\sqlalchemy\engine\base.py:1988: in _exec_single_context
    self._handle_dbapi_exception(
C:\Users\WangJH\AppData\Local\Programs\Python\Python311\Lib\site-packages\sqlalchemy\engine\base.py:2344: in _handle_dbapi_exception
    raise sqlalchemy_exception.with_traceback(exc_info[2]) from e
C:\Users\WangJH\AppData\Local\Programs\Python\Python311\Lib\site-packages\sqlalchemy\engine\base.py:1969: in _exec_single_context
    self.dialect.do_execute(
_ _ _ _ _ _ _ _ _ _ _ _ _ _ _ _ _ _ _ _ _ _ _ _ _ _ _ _ _ _ _ _ _ _ _ _ _ _ _ _

self = <sqlalchemy.dialects.sqlite.pysqlite.SQLiteDialect_pysqlite object at 0x00000217FD953D50>
cursor = <sqlite3.Cursor object at 0x00000217FAE7ED40>
statement = 'INSERT INTO farms (user_id, name, location, latitude, longitude, area_mu, description, created_at, updated_at) VALUES (?, ?, ?, ?, ?, ?, ?, CURRENT_TIMESTAMP, CURRENT_TIMESTAMP) RETURNING id, created_at, updated_at'
parameters = (1, '农场', '山东寿光', None, None, 10.0, ...)
context = <sqlalchemy.dialects.sqlite.base.SQLiteExecutionContext object at 0x00000217FA77CF10>

    def do_execute(self, cursor, statement, parameters, context=None):
>       cursor.execute(statement, parameters)
E       sqlalchemy.exc.IntegrityError: (sqlite3.IntegrityError) FOREIGN KEY constraint failed
E       [SQL: INSERT INTO farms (user_id, name, location, latitude, longitude, area_mu, description, created_at, updated_at) VALUES (?, ?, ?, ?, ?, ?, ?, CURRENT_TIMESTAMP, CURRENT_TIMESTAMP) RETURNING id, created_at, updated_at]
E       [parameters: (1, '农场', '山东寿光', None, None, 10.0, '')]
E       (Background on this error at: https://sqlalche.me/e/20/gkpj)

C:\Users\WangJH\AppData\Local\Programs\Python\Python311\Lib\site-packages\sqlalchemy\engine\default.py:922: IntegrityError
_______________ TestBuildFarmSummary.test_single_farm_no_fields _______________

self = <sqlalchemy.engine.base.Connection object at 0x00000217FABCD690>
dialect = <sqlalchemy.dialects.sqlite.pysqlite.SQLiteDialect_pysqlite object at 0x00000217FD128BD0>
context = <sqlalchemy.dialects.sqlite.base.SQLiteExecutionContext object at 0x00000217FDC1BAD0>
statement = <sqlalchemy.dialects.sqlite.base.SQLiteCompiler object at 0x00000217FDC1BA10>
parameters = [(1, '阳光农场', '山东寿光', None, None, 50.0, ...)]

    def _exec_single_context(
        self,
        dialect: Dialect,
        context: ExecutionContext,
        statement: Union[str, Compiled],
        parameters: Optional[_AnyMultiExecuteParams],
    ) -> CursorResult[Any]:
        """continue the _execute_context() method for a single DBAPI
        cursor.execute() or cursor.executemany() call.
    
        """
        if dialect.bind_typing is BindTyping.SETINPUTSIZES:
            generic_setinputsizes = context._prepare_set_input_sizes()
    
            if generic_setinputsizes:
                try:
                    dialect.do_set_input_sizes(
                        context.cursor, generic_setinputsizes, context
                    )
                except BaseException as e:
                    self._handle_dbapi_exception(
                        e, str(statement), parameters, None, context
                    )
    
        cursor, str_statement, parameters = (
            context.cursor,
            context.statement,
            context.parameters,
        )
    
        effective_parameters: Optional[_AnyExecuteParams]
    
        if not context.executemany:
            effective_parameters = parameters[0]
        else:
            effective_parameters = parameters
    
        if self._has_events or self.engine._has_events:
            for fn in self.dispatch.before_cursor_execute:
                str_statement, effective_parameters = fn(
                    self,
                    cursor,
                    str_statement,
                    effective_parameters,
                    context,
                    context.executemany,
                )
    
        if self._echo:
            self._log_info(str_statement)
    
            stats = context._get_cache_stats()
    
            if not self.engine.hide_parameters:
                self._log_info(
                    "[%s] %r",
                    stats,
                    sql_util._repr_params(
                        effective_parameters,
                        batches=10,
                        ismulti=context.executemany,
                    ),
                )
            else:
                self._log_info(
                    "[%s] [SQL parameters hidden due to hide_parameters=True]",
                    stats,
                )
    
        evt_handled: bool = False
        try:
            if context.execute_style is ExecuteStyle.EXECUTEMANY:
                effective_parameters = cast(
                    "_CoreMultiExecuteParams", effective_parameters
                )
                if self.dialect._has_events:
                    for fn in self.dialect.dispatch.do_executemany:
                        if fn(
                            cursor,
                            str_statement,
                            effective_parameters,
                            context,
                        ):
                            evt_handled = True
                            break
                if not evt_handled:
                    self.dialect.do_executemany(
                        cursor,
                        str_statement,
                        effective_parameters,
                        context,
                    )
            elif not effective_parameters and context.no_parameters:
                if self.dialect._has_events:
                    for fn in self.dialect.dispatch.do_execute_no_params:
                        if fn(cursor, str_statement, context):
                            evt_handled = True
                            break
                if not evt_handled:
                    self.dialect.do_execute_no_params(
                        cursor, str_statement, context
                    )
            else:
                effective_parameters = cast(
                    "_CoreSingleExecuteParams", effective_parameters
                )
                if self.dialect._has_events:
                    for fn in self.dialect.dispatch.do_execute:
                        if fn(
                            cursor,
                            str_statement,
                            effective_parameters,
                            context,
                        ):
                            evt_handled = True
                            break
                if not evt_handled:
>                   self.dialect.do_execute(
                        cursor, str_statement, effective_parameters, context
                    )

C:\Users\WangJH\AppData\Local\Programs\Python\Python311\Lib\site-packages\sqlalchemy\engine\base.py:1969: 
_ _ _ _ _ _ _ _ _ _ _ _ _ _ _ _ _ _ _ _ _ _ _ _ _ _ _ _ _ _ _ _ _ _ _ _ _ _ _ _

self = <sqlalchemy.dialects.sqlite.pysqlite.SQLiteDialect_pysqlite object at 0x00000217FD128BD0>
cursor = <sqlite3.Cursor object at 0x00000217FD901AC0>
statement = 'INSERT INTO farms (user_id, name, location, latitude, longitude, area_mu, description, created_at, updated_at) VALUES (?, ?, ?, ?, ?, ?, ?, CURRENT_TIMESTAMP, CURRENT_TIMESTAMP) RETURNING id, created_at, updated_at'
parameters = (1, '阳光农场', '山东寿光', None, None, 50.0, ...)
context = <sqlalchemy.dialects.sqlite.base.SQLiteExecutionContext object at 0x00000217FDC1BAD0>

    def do_execute(self, cursor, statement, parameters, context=None):
>       cursor.execute(statement, parameters)
E       sqlite3.IntegrityError: FOREIGN KEY constraint failed

C:\Users\WangJH\AppData\Local\Programs\Python\Python311\Lib\site-packages\sqlalchemy\engine\default.py:922: IntegrityError

The above exception was the direct cause of the following exception:

self = <tests.services.user_context.test_farm_context.TestBuildFarmSummary object at 0x00000217FA70FF50>
db_session = <sqlalchemy.orm.session.Session object at 0x00000217FA701350>

    def test_single_farm_no_fields(self, db_session):
        farm = Farm(user_id=1, name="阳光农场", location="山东寿光", area_mu=50.0)
        db_session.add(farm)
>       db_session.commit()

tests\services\user_context\test_farm_context.py:38: 
_ _ _ _ _ _ _ _ _ _ _ _ _ _ _ _ _ _ _ _ _ _ _ _ _ _ _ _ _ _ _ _ _ _ _ _ _ _ _ _
C:\Users\WangJH\AppData\Local\Programs\Python\Python311\Lib\site-packages\sqlalchemy\orm\session.py:1969: in commit
    trans.commit(_to_root=True)
<string>:2: in commit
    ???
C:\Users\WangJH\AppData\Local\Programs\Python\Python311\Lib\site-packages\sqlalchemy\orm\state_changes.py:139: in _go
    ret_value = fn(self, *arg, **kw)
                ^^^^^^^^^^^^^^^^^^^^
C:\Users\WangJH\AppData\Local\Programs\Python\Python311\Lib\site-packages\sqlalchemy\orm\session.py:1256: in commit
    self._prepare_impl()
<string>:2: in _prepare_impl
    ???
C:\Users\WangJH\AppData\Local\Programs\Python\Python311\Lib\site-packages\sqlalchemy\orm\state_changes.py:139: in _go
    ret_value = fn(self, *arg, **kw)
                ^^^^^^^^^^^^^^^^^^^^
C:\Users\WangJH\AppData\Local\Programs\Python\Python311\Lib\site-packages\sqlalchemy\orm\session.py:1231: in _prepare_impl
    self.session.flush()
C:\Users\WangJH\AppData\Local\Programs\Python\Python311\Lib\site-packages\sqlalchemy\orm\session.py:4312: in flush
    self._flush(objects)
C:\Users\WangJH\AppData\Local\Programs\Python\Python311\Lib\site-packages\sqlalchemy\orm\session.py:4447: in _flush
    with util.safe_reraise():
C:\Users\WangJH\AppData\Local\Programs\Python\Python311\Lib\site-packages\sqlalchemy\util\langhelpers.py:146: in __exit__
    raise exc_value.with_traceback(exc_tb)
C:\Users\WangJH\AppData\Local\Programs\Python\Python311\Lib\site-packages\sqlalchemy\orm\session.py:4408: in _flush
    flush_context.execute()
C:\Users\WangJH\AppData\Local\Programs\Python\Python311\Lib\site-packages\sqlalchemy\orm\unitofwork.py:466: in execute
    rec.execute(self)
C:\Users\WangJH\AppData\Local\Programs\Python\Python311\Lib\site-packages\sqlalchemy\orm\unitofwork.py:642: in execute
    util.preloaded.orm_persistence.save_obj(
C:\Users\WangJH\AppData\Local\Programs\Python\Python311\Lib\site-packages\sqlalchemy\orm\persistence.py:93: in save_obj
    _emit_insert_statements(
C:\Users\WangJH\AppData\Local\Programs\Python\Python311\Lib\site-packages\sqlalchemy\orm\persistence.py:1227: in _emit_insert_statements
    result = connection.execute(
C:\Users\WangJH\AppData\Local\Programs\Python\Python311\Lib\site-packages\sqlalchemy\engine\base.py:1416: in execute
    return meth(
C:\Users\WangJH\AppData\Local\Programs\Python\Python311\Lib\site-packages\sqlalchemy\sql\elements.py:517: in _execute_on_connection
    return connection._execute_clauseelement(
C:\Users\WangJH\AppData\Local\Programs\Python\Python311\Lib\site-packages\sqlalchemy\engine\base.py:1639: in _execute_clauseelement
    ret = self._execute_context(
C:\Users\WangJH\AppData\Local\Programs\Python\Python311\Lib\site-packages\sqlalchemy\engine\base.py:1848: in _execute_context
    return self._exec_single_context(
C:\Users\WangJH\AppData\Local\Programs\Python\Python311\Lib\site-packages\sqlalchemy\engine\base.py:1988: in _exec_single_context
    self._handle_dbapi_exception(
C:\Users\WangJH\AppData\Local\Programs\Python\Python311\Lib\site-packages\sqlalchemy\engine\base.py:2344: in _handle_dbapi_exception
    raise sqlalchemy_exception.with_traceback(exc_info[2]) from e
C:\Users\WangJH\AppData\Local\Programs\Python\Python311\Lib\site-packages\sqlalchemy\engine\base.py:1969: in _exec_single_context
    self.dialect.do_execute(
_ _ _ _ _ _ _ _ _ _ _ _ _ _ _ _ _ _ _ _ _ _ _ _ _ _ _ _ _ _ _ _ _ _ _ _ _ _ _ _

self = <sqlalchemy.dialects.sqlite.pysqlite.SQLiteDialect_pysqlite object at 0x00000217FD128BD0>
cursor = <sqlite3.Cursor object at 0x00000217FD901AC0>
statement = 'INSERT INTO farms (user_id, name, location, latitude, longitude, area_mu, description, created_at, updated_at) VALUES (?, ?, ?, ?, ?, ?, ?, CURRENT_TIMESTAMP, CURRENT_TIMESTAMP) RETURNING id, created_at, updated_at'
parameters = (1, '阳光农场', '山东寿光', None, None, 50.0, ...)
context = <sqlalchemy.dialects.sqlite.base.SQLiteExecutionContext object at 0x00000217FDC1BAD0>

    def do_execute(self, cursor, statement, parameters, context=None):
>       cursor.execute(statement, parameters)
E       sqlalchemy.exc.IntegrityError: (sqlite3.IntegrityError) FOREIGN KEY constraint failed
E       [SQL: INSERT INTO farms (user_id, name, location, latitude, longitude, area_mu, description, created_at, updated_at) VALUES (?, ?, ?, ?, ?, ?, ?, CURRENT_TIMESTAMP, CURRENT_TIMESTAMP) RETURNING id, created_at, updated_at]
E       [parameters: (1, '阳光农场', '山东寿光', None, None, 50.0, '')]
E       (Background on this error at: https://sqlalche.me/e/20/gkpj)

C:\Users\WangJH\AppData\Local\Programs\Python\Python311\Lib\site-packages\sqlalchemy\engine\default.py:922: IntegrityError
_________________ TestBuildFarmSummary.test_farm_with_fields __________________

self = <sqlalchemy.engine.base.Connection object at 0x00000217FB1186D0>
dialect = <sqlalchemy.dialects.sqlite.pysqlite.SQLiteDialect_pysqlite object at 0x00000217FAC82750>
context = <sqlalchemy.dialects.sqlite.base.SQLiteExecutionContext object at 0x00000217FB1197D0>
statement = <sqlalchemy.dialects.sqlite.base.SQLiteCompiler object at 0x00000217FB1181D0>
parameters = [(1, '阳光农场', '山东寿光', None, None, 50.0, ...)]

    def _exec_single_context(
        self,
        dialect: Dialect,
        context: ExecutionContext,
        statement: Union[str, Compiled],
        parameters: Optional[_AnyMultiExecuteParams],
    ) -> CursorResult[Any]:
        """continue the _execute_context() method for a single DBAPI
        cursor.execute() or cursor.executemany() call.
    
        """
        if dialect.bind_typing is BindTyping.SETINPUTSIZES:
            generic_setinputsizes = context._prepare_set_input_sizes()
    
            if generic_setinputsizes:
                try:
                    dialect.do_set_input_sizes(
                        context.cursor, generic_setinputsizes, context
                    )
                except BaseException as e:
                    self._handle_dbapi_exception(
                        e, str(statement), parameters, None, context
                    )
    
        cursor, str_statement, parameters = (
            context.cursor,
            context.statement,
            context.parameters,
        )
    
        effective_parameters: Optional[_AnyExecuteParams]
    
        if not context.executemany:
            effective_parameters = parameters[0]
        else:
            effective_parameters = parameters
    
        if self._has_events or self.engine._has_events:
            for fn in self.dispatch.before_cursor_execute:
                str_statement, effective_parameters = fn(
                    self,
                    cursor,
                    str_statement,
                    effective_parameters,
                    context,
                    context.executemany,
                )
    
        if self._echo:
            self._log_info(str_statement)
    
            stats = context._get_cache_stats()
    
            if not self.engine.hide_parameters:
                self._log_info(
                    "[%s] %r",
                    stats,
                    sql_util._repr_params(
                        effective_parameters,
                        batches=10,
                        ismulti=context.executemany,
                    ),
                )
            else:
                self._log_info(
                    "[%s] [SQL parameters hidden due to hide_parameters=True]",
                    stats,
                )
    
        evt_handled: bool = False
        try:
            if context.execute_style is ExecuteStyle.EXECUTEMANY:
                effective_parameters = cast(
                    "_CoreMultiExecuteParams", effective_parameters
                )
                if self.dialect._has_events:
                    for fn in self.dialect.dispatch.do_executemany:
                        if fn(
                            cursor,
                            str_statement,
                            effective_parameters,
                            context,
                        ):
                            evt_handled = True
                            break
                if not evt_handled:
                    self.dialect.do_executemany(
                        cursor,
                        str_statement,
                        effective_parameters,
                        context,
                    )
            elif not effective_parameters and context.no_parameters:
                if self.dialect._has_events:
                    for fn in self.dialect.dispatch.do_execute_no_params:
                        if fn(cursor, str_statement, context):
                            evt_handled = True
                            break
                if not evt_handled:
                    self.dialect.do_execute_no_params(
                        cursor, str_statement, context
                    )
            else:
                effective_parameters = cast(
                    "_CoreSingleExecuteParams", effective_parameters
                )
                if self.dialect._has_events:
                    for fn in self.dialect.dispatch.do_execute:
                        if fn(
                            cursor,
                            str_statement,
                            effective_parameters,
                            context,
                        ):
                            evt_handled = True
                            break
                if not evt_handled:
>                   self.dialect.do_execute(
                        cursor, str_statement, effective_parameters, context
                    )

C:\Users\WangJH\AppData\Local\Programs\Python\Python311\Lib\site-packages\sqlalchemy\engine\base.py:1969: 
_ _ _ _ _ _ _ _ _ _ _ _ _ _ _ _ _ _ _ _ _ _ _ _ _ _ _ _ _ _ _ _ _ _ _ _ _ _ _ _

self = <sqlalchemy.dialects.sqlite.pysqlite.SQLiteDialect_pysqlite object at 0x00000217FAC82750>
cursor = <sqlite3.Cursor object at 0x00000217FE2526C0>
statement = 'INSERT INTO farms (user_id, name, location, latitude, longitude, area_mu, description, created_at, updated_at) VALUES (?, ?, ?, ?, ?, ?, ?, CURRENT_TIMESTAMP, CURRENT_TIMESTAMP) RETURNING id, created_at, updated_at'
parameters = (1, '阳光农场', '山东寿光', None, None, 50.0, ...)
context = <sqlalchemy.dialects.sqlite.base.SQLiteExecutionContext object at 0x00000217FB1197D0>

    def do_execute(self, cursor, statement, parameters, context=None):
>       cursor.execute(statement, parameters)
E       sqlite3.IntegrityError: FOREIGN KEY constraint failed

C:\Users\WangJH\AppData\Local\Programs\Python\Python311\Lib\site-packages\sqlalchemy\engine\default.py:922: IntegrityError

The above exception was the direct cause of the following exception:

self = <tests.services.user_context.test_farm_context.TestBuildFarmSummary object at 0x00000217FA724610>
db_session = <sqlalchemy.orm.session.Session object at 0x00000217FAC81610>

    def test_farm_with_fields(self, db_session):
        farm = Farm(user_id=1, name="阳光农场", location="山东寿光", area_mu=50.0)
        db_session.add(farm)
>       db_session.flush()

tests\services\user_context\test_farm_context.py:49: 
_ _ _ _ _ _ _ _ _ _ _ _ _ _ _ _ _ _ _ _ _ _ _ _ _ _ _ _ _ _ _ _ _ _ _ _ _ _ _ _
C:\Users\WangJH\AppData\Local\Programs\Python\Python311\Lib\site-packages\sqlalchemy\orm\session.py:4312: in flush
    self._flush(objects)
C:\Users\WangJH\AppData\Local\Programs\Python\Python311\Lib\site-packages\sqlalchemy\orm\session.py:4447: in _flush
    with util.safe_reraise():
C:\Users\WangJH\AppData\Local\Programs\Python\Python311\Lib\site-packages\sqlalchemy\util\langhelpers.py:146: in __exit__
    raise exc_value.with_traceback(exc_tb)
C:\Users\WangJH\AppData\Local\Programs\Python\Python311\Lib\site-packages\sqlalchemy\orm\session.py:4408: in _flush
    flush_context.execute()
C:\Users\WangJH\AppData\Local\Programs\Python\Python311\Lib\site-packages\sqlalchemy\orm\unitofwork.py:466: in execute
    rec.execute(self)
C:\Users\WangJH\AppData\Local\Programs\Python\Python311\Lib\site-packages\sqlalchemy\orm\unitofwork.py:642: in execute
    util.preloaded.orm_persistence.save_obj(
C:\Users\WangJH\AppData\Local\Programs\Python\Python311\Lib\site-packages\sqlalchemy\orm\persistence.py:93: in save_obj
    _emit_insert_statements(
C:\Users\WangJH\AppData\Local\Programs\Python\Python311\Lib\site-packages\sqlalchemy\orm\persistence.py:1227: in _emit_insert_statements
    result = connection.execute(
C:\Users\WangJH\AppData\Local\Programs\Python\Python311\Lib\site-packages\sqlalchemy\engine\base.py:1416: in execute
    return meth(
C:\Users\WangJH\AppData\Local\Programs\Python\Python311\Lib\site-packages\sqlalchemy\sql\elements.py:517: in _execute_on_connection
    return connection._execute_clauseelement(
C:\Users\WangJH\AppData\Local\Programs\Python\Python311\Lib\site-packages\sqlalchemy\engine\base.py:1639: in _execute_clauseelement
    ret = self._execute_context(
C:\Users\WangJH\AppData\Local\Programs\Python\Python311\Lib\site-packages\sqlalchemy\engine\base.py:1848: in _execute_context
    return self._exec_single_context(
C:\Users\WangJH\AppData\Local\Programs\Python\Python311\Lib\site-packages\sqlalchemy\engine\base.py:1988: in _exec_single_context
    self._handle_dbapi_exception(
C:\Users\WangJH\AppData\Local\Programs\Python\Python311\Lib\site-packages\sqlalchemy\engine\base.py:2344: in _handle_dbapi_exception
    raise sqlalchemy_exception.with_traceback(exc_info[2]) from e
C:\Users\WangJH\AppData\Local\Programs\Python\Python311\Lib\site-packages\sqlalchemy\engine\base.py:1969: in _exec_single_context
    self.dialect.do_execute(
_ _ _ _ _ _ _ _ _ _ _ _ _ _ _ _ _ _ _ _ _ _ _ _ _ _ _ _ _ _ _ _ _ _ _ _ _ _ _ _

self = <sqlalchemy.dialects.sqlite.pysqlite.SQLiteDialect_pysqlite object at 0x00000217FAC82750>
cursor = <sqlite3.Cursor object at 0x00000217FE2526C0>
statement = 'INSERT INTO farms (user_id, name, location, latitude, longitude, area_mu, description, created_at, updated_at) VALUES (?, ?, ?, ?, ?, ?, ?, CURRENT_TIMESTAMP, CURRENT_TIMESTAMP) RETURNING id, created_at, updated_at'
parameters = (1, '阳光农场', '山东寿光', None, None, 50.0, ...)
context = <sqlalchemy.dialects.sqlite.base.SQLiteExecutionContext object at 0x00000217FB1197D0>

    def do_execute(self, cursor, statement, parameters, context=None):
>       cursor.execute(statement, parameters)
E       sqlalchemy.exc.IntegrityError: (sqlite3.IntegrityError) FOREIGN KEY constraint failed
E       [SQL: INSERT INTO farms (user_id, name, location, latitude, longitude, area_mu, description, created_at, updated_at) VALUES (?, ?, ?, ?, ?, ?, ?, CURRENT_TIMESTAMP, CURRENT_TIMESTAMP) RETURNING id, created_at, updated_at]
E       [parameters: (1, '阳光农场', '山东寿光', None, None, 50.0, '')]
E       (Background on this error at: https://sqlalche.me/e/20/gkpj)

C:\Users\WangJH\AppData\Local\Programs\Python\Python311\Lib\site-packages\sqlalchemy\engine\default.py:922: IntegrityError
__________________ TestBuildFarmSummary.test_multiple_farms ___________________

self = <sqlalchemy.engine.base.Connection object at 0x00000217FAE09250>
dialect = <sqlalchemy.dialects.sqlite.pysqlite.SQLiteDialect_pysqlite object at 0x00000217FA92F150>
context = <sqlalchemy.dialects.sqlite.base.SQLiteExecutionContext object at 0x00000217FB56BFD0>

    def _exec_insertmany_context(
        self,
        dialect: Dialect,
        context: ExecutionContext,
    ) -> CursorResult[Any]:
        """continue the _execute_context() method for an "insertmanyvalues"
        operation, which will invoke DBAPI
        cursor.execute() one or more times with individual log and
        event hook calls.
    
        """
    
        if dialect.bind_typing is BindTyping.SETINPUTSIZES:
            generic_setinputsizes = context._prepare_set_input_sizes()
        else:
            generic_setinputsizes = None
    
        cursor, str_statement, parameters = (
            context.cursor,
            context.statement,
            context.parameters,
        )
    
        effective_parameters = parameters
    
        engine_events = self._has_events or self.engine._has_events
        if self.dialect._has_events:
            do_execute_dispatch: Iterable[
                Any
            ] = self.dialect.dispatch.do_execute
        else:
            do_execute_dispatch = ()
    
        if self._echo:
            stats = context._get_cache_stats() + " (insertmanyvalues)"
    
        for imv_batch in dialect._deliver_insertmanyvalues_batches(
            cursor,
            str_statement,
            effective_parameters,
            generic_setinputsizes,
            context,
        ):
            if imv_batch.processed_setinputsizes:
                try:
                    dialect.do_set_input_sizes(
                        context.cursor,
                        imv_batch.processed_setinputsizes,
                        context,
                    )
                except BaseException as e:
                    self._handle_dbapi_exception(
                        e,
                        sql_util._long_statement(imv_batch.replaced_statement),
                        imv_batch.replaced_parameters,
                        None,
                        context,
                    )
    
            sub_stmt = imv_batch.replaced_statement
            sub_params = imv_batch.replaced_parameters
    
            if engine_events:
                for fn in self.dispatch.before_cursor_execute:
                    sub_stmt, sub_params = fn(
                        self,
                        cursor,
                        sub_stmt,
                        sub_params,
                        context,
                        True,
                    )
    
            if self._echo:
                self._log_info(sql_util._long_statement(sub_stmt))
    
                imv_stats = f""" {imv_batch.batchnum}/{
                            imv_batch.total_batches
                } ({
                    'ordered'
                    if imv_batch.rows_sorted else 'unordered'
                }{
                    '; batch not supported'
                    if imv_batch.is_downgraded
                    else ''
                })"""
    
                if imv_batch.batchnum == 1:
                    stats += imv_stats
                else:
                    stats = f"insertmanyvalues{imv_stats}"
    
                if not self.engine.hide_parameters:
                    self._log_info(
                        "[%s] %r",
                        stats,
                        sql_util._repr_params(
                            sub_params,
                            batches=10,
                            ismulti=False,
                        ),
                    )
                else:
                    self._log_info(
                        "[%s] [SQL parameters hidden due to "
                        "hide_parameters=True]",
                        stats,
                    )
    
            try:
                for fn in do_execute_dispatch:
                    if fn(
                        cursor,
                        sub_stmt,
                        sub_params,
                        context,
                    ):
                        break
                else:
>                   dialect.do_execute(
                        cursor,
                        sub_stmt,
                        sub_params,
                        context,
                    )

C:\Users\WangJH\AppData\Local\Programs\Python\Python311\Lib\site-packages\sqlalchemy\engine\base.py:2113: 
_ _ _ _ _ _ _ _ _ _ _ _ _ _ _ _ _ _ _ _ _ _ _ _ _ _ _ _ _ _ _ _ _ _ _ _ _ _ _ _

self = <sqlalchemy.dialects.sqlite.pysqlite.SQLiteDialect_pysqlite object at 0x00000217FA92F150>
cursor = <sqlite3.Cursor object at 0x00000217FD8B8DC0>
statement = 'INSERT INTO farms (user_id, name, location, latitude, longitude, area_mu, description, created_at, updated_at) VALUES (?, ?, ?, ?, ?, ?, ?, CURRENT_TIMESTAMP, CURRENT_TIMESTAMP) RETURNING id, created_at, updated_at'
parameters = (1, '农场A', '山东', None, None, 30.0, ...)
context = <sqlalchemy.dialects.sqlite.base.SQLiteExecutionContext object at 0x00000217FB56BFD0>

    def do_execute(self, cursor, statement, parameters, context=None):
>       cursor.execute(statement, parameters)
E       sqlite3.IntegrityError: FOREIGN KEY constraint failed

C:\Users\WangJH\AppData\Local\Programs\Python\Python311\Lib\site-packages\sqlalchemy\engine\default.py:922: IntegrityError

The above exception was the direct cause of the following exception:

self = <tests.services.user_context.test_farm_context.TestBuildFarmSummary object at 0x00000217FA6EEFD0>
db_session = <sqlalchemy.orm.session.Session object at 0x00000217FA1F52D0>

    def test_multiple_farms(self, db_session):
        farm1 = Farm(user_id=1, name="农场A", location="山东", area_mu=30.0)
        farm2 = Farm(user_id=1, name="农场B", location="河南", area_mu=50.0)
        db_session.add_all([farm1, farm2])
>       db_session.commit()

tests\services\user_context\test_farm_context.py:78: 
_ _ _ _ _ _ _ _ _ _ _ _ _ _ _ _ _ _ _ _ _ _ _ _ _ _ _ _ _ _ _ _ _ _ _ _ _ _ _ _
C:\Users\WangJH\AppData\Local\Programs\Python\Python311\Lib\site-packages\sqlalchemy\orm\session.py:1969: in commit
    trans.commit(_to_root=True)
<string>:2: in commit
    ???
C:\Users\WangJH\AppData\Local\Programs\Python\Python311\Lib\site-packages\sqlalchemy\orm\state_changes.py:139: in _go
    ret_value = fn(self, *arg, **kw)
                ^^^^^^^^^^^^^^^^^^^^
C:\Users\WangJH\AppData\Local\Programs\Python\Python311\Lib\site-packages\sqlalchemy\orm\session.py:1256: in commit
    self._prepare_impl()
<string>:2: in _prepare_impl
    ???
C:\Users\WangJH\AppData\Local\Programs\Python\Python311\Lib\site-packages\sqlalchemy\orm\state_changes.py:139: in _go
    ret_value = fn(self, *arg, **kw)
                ^^^^^^^^^^^^^^^^^^^^
C:\Users\WangJH\AppData\Local\Programs\Python\Python311\Lib\site-packages\sqlalchemy\orm\session.py:1231: in _prepare_impl
    self.session.flush()
C:\Users\WangJH\AppData\Local\Programs\Python\Python311\Lib\site-packages\sqlalchemy\orm\session.py:4312: in flush
    self._flush(objects)
C:\Users\WangJH\AppData\Local\Programs\Python\Python311\Lib\site-packages\sqlalchemy\orm\session.py:4447: in _flush
    with util.safe_reraise():
C:\Users\WangJH\AppData\Local\Programs\Python\Python311\Lib\site-packages\sqlalchemy\util\langhelpers.py:146: in __exit__
    raise exc_value.with_traceback(exc_tb)
C:\Users\WangJH\AppData\Local\Programs\Python\Python311\Lib\site-packages\sqlalchemy\orm\session.py:4408: in _flush
    flush_context.execute()
C:\Users\WangJH\AppData\Local\Programs\Python\Python311\Lib\site-packages\sqlalchemy\orm\unitofwork.py:466: in execute
    rec.execute(self)
C:\Users\WangJH\AppData\Local\Programs\Python\Python311\Lib\site-packages\sqlalchemy\orm\unitofwork.py:642: in execute
    util.preloaded.orm_persistence.save_obj(
C:\Users\WangJH\AppData\Local\Programs\Python\Python311\Lib\site-packages\sqlalchemy\orm\persistence.py:93: in save_obj
    _emit_insert_statements(
C:\Users\WangJH\AppData\Local\Programs\Python\Python311\Lib\site-packages\sqlalchemy\orm\persistence.py:1137: in _emit_insert_statements
    result = connection.execute(
C:\Users\WangJH\AppData\Local\Programs\Python\Python311\Lib\site-packages\sqlalchemy\engine\base.py:1416: in execute
    return meth(
C:\Users\WangJH\AppData\Local\Programs\Python\Python311\Lib\site-packages\sqlalchemy\sql\elements.py:517: in _execute_on_connection
    return connection._execute_clauseelement(
C:\Users\WangJH\AppData\Local\Programs\Python\Python311\Lib\site-packages\sqlalchemy\engine\base.py:1639: in _execute_clauseelement
    ret = self._execute_context(
C:\Users\WangJH\AppData\Local\Programs\Python\Python311\Lib\site-packages\sqlalchemy\engine\base.py:1843: in _execute_context
    return self._exec_insertmany_context(
C:\Users\WangJH\AppData\Local\Programs\Python\Python311\Lib\site-packages\sqlalchemy\engine\base.py:2121: in _exec_insertmany_context
    self._handle_dbapi_exception(
C:\Users\WangJH\AppData\Local\Programs\Python\Python311\Lib\site-packages\sqlalchemy\engine\base.py:2344: in _handle_dbapi_exception
    raise sqlalchemy_exception.with_traceback(exc_info[2]) from e
C:\Users\WangJH\AppData\Local\Programs\Python\Python311\Lib\site-packages\sqlalchemy\engine\base.py:2113: in _exec_insertmany_context
    dialect.do_execute(
_ _ _ _ _ _ _ _ _ _ _ _ _ _ _ _ _ _ _ _ _ _ _ _ _ _ _ _ _ _ _ _ _ _ _ _ _ _ _ _

self = <sqlalchemy.dialects.sqlite.pysqlite.SQLiteDialect_pysqlite object at 0x00000217FA92F150>
cursor = <sqlite3.Cursor object at 0x00000217FD8B8DC0>
statement = 'INSERT INTO farms (user_id, name, location, latitude, longitude, area_mu, description, created_at, updated_at) VALUES (?, ?, ?, ?, ?, ?, ?, CURRENT_TIMESTAMP, CURRENT_TIMESTAMP) RETURNING id, created_at, updated_at'
parameters = (1, '农场A', '山东', None, None, 30.0, ...)
context = <sqlalchemy.dialects.sqlite.base.SQLiteExecutionContext object at 0x00000217FB56BFD0>

    def do_execute(self, cursor, statement, parameters, context=None):
>       cursor.execute(statement, parameters)
E       sqlalchemy.exc.IntegrityError: (sqlite3.IntegrityError) FOREIGN KEY constraint failed
E       [SQL: INSERT INTO farms (user_id, name, location, latitude, longitude, area_mu, description, created_at, updated_at) VALUES (?, ?, ?, ?, ?, ?, ?, CURRENT_TIMESTAMP, CURRENT_TIMESTAMP) RETURNING id, created_at, updated_at]
E       [parameters: (1, '农场A', '山东', None, None, 30.0, '')]
E       (Background on this error at: https://sqlalche.me/e/20/gkpj)

C:\Users\WangJH\AppData\Local\Programs\Python\Python311\Lib\site-packages\sqlalchemy\engine\default.py:922: IntegrityError
__________________ TestBuildFarmSummary.test_user_isolation ___________________

self = <sqlalchemy.engine.base.Connection object at 0x00000217FDD5B9D0>
dialect = <sqlalchemy.dialects.sqlite.pysqlite.SQLiteDialect_pysqlite object at 0x00000217FE2E6210>
context = <sqlalchemy.dialects.sqlite.base.SQLiteExecutionContext object at 0x00000217FDD5B750>

    def _exec_insertmany_context(
        self,
        dialect: Dialect,
        context: ExecutionContext,
    ) -> CursorResult[Any]:
        """continue the _execute_context() method for an "insertmanyvalues"
        operation, which will invoke DBAPI
        cursor.execute() one or more times with individual log and
        event hook calls.
    
        """
    
        if dialect.bind_typing is BindTyping.SETINPUTSIZES:
            generic_setinputsizes = context._prepare_set_input_sizes()
        else:
            generic_setinputsizes = None
    
        cursor, str_statement, parameters = (
            context.cursor,
            context.statement,
            context.parameters,
        )
    
        effective_parameters = parameters
    
        engine_events = self._has_events or self.engine._has_events
        if self.dialect._has_events:
            do_execute_dispatch: Iterable[
                Any
            ] = self.dialect.dispatch.do_execute
        else:
            do_execute_dispatch = ()
    
        if self._echo:
            stats = context._get_cache_stats() + " (insertmanyvalues)"
    
        for imv_batch in dialect._deliver_insertmanyvalues_batches(
            cursor,
            str_statement,
            effective_parameters,
            generic_setinputsizes,
            context,
        ):
            if imv_batch.processed_setinputsizes:
                try:
                    dialect.do_set_input_sizes(
                        context.cursor,
                        imv_batch.processed_setinputsizes,
                        context,
                    )
                except BaseException as e:
                    self._handle_dbapi_exception(
                        e,
                        sql_util._long_statement(imv_batch.replaced_statement),
                        imv_batch.replaced_parameters,
                        None,
                        context,
                    )
    
            sub_stmt = imv_batch.replaced_statement
            sub_params = imv_batch.replaced_parameters
    
            if engine_events:
                for fn in self.dispatch.before_cursor_execute:
                    sub_stmt, sub_params = fn(
                        self,
                        cursor,
                        sub_stmt,
                        sub_params,
                        context,
                        True,
                    )
    
            if self._echo:
                self._log_info(sql_util._long_statement(sub_stmt))
    
                imv_stats = f""" {imv_batch.batchnum}/{
                            imv_batch.total_batches
                } ({
                    'ordered'
                    if imv_batch.rows_sorted else 'unordered'
                }{
                    '; batch not supported'
                    if imv_batch.is_downgraded
                    else ''
                })"""
    
                if imv_batch.batchnum == 1:
                    stats += imv_stats
                else:
                    stats = f"insertmanyvalues{imv_stats}"
    
                if not self.engine.hide_parameters:
                    self._log_info(
                        "[%s] %r",
                        stats,
                        sql_util._repr_params(
                            sub_params,
                            batches=10,
                            ismulti=False,
                        ),
                    )
                else:
                    self._log_info(
                        "[%s] [SQL parameters hidden due to "
                        "hide_parameters=True]",
                        stats,
                    )
    
            try:
                for fn in do_execute_dispatch:
                    if fn(
                        cursor,
                        sub_stmt,
                        sub_params,
                        context,
                    ):
                        break
                else:
>                   dialect.do_execute(
                        cursor,
                        sub_stmt,
                        sub_params,
                        context,
                    )

C:\Users\WangJH\AppData\Local\Programs\Python\Python311\Lib\site-packages\sqlalchemy\engine\base.py:2113: 
_ _ _ _ _ _ _ _ _ _ _ _ _ _ _ _ _ _ _ _ _ _ _ _ _ _ _ _ _ _ _ _ _ _ _ _ _ _ _ _

self = <sqlalchemy.dialects.sqlite.pysqlite.SQLiteDialect_pysqlite object at 0x00000217FE2E6210>
cursor = <sqlite3.Cursor object at 0x00000217FDEA6140>
statement = 'INSERT INTO farms (user_id, name, location, latitude, longitude, area_mu, description, created_at, updated_at) VALUES (?, ?, ?, ?, ?, ?, ?, CURRENT_TIMESTAMP, CURRENT_TIMESTAMP) RETURNING id, created_at, updated_at'
parameters = (1, '用户1的农场', '', None, None, 10.0, ...)
context = <sqlalchemy.dialects.sqlite.base.SQLiteExecutionContext object at 0x00000217FDD5B750>

    def do_execute(self, cursor, statement, parameters, context=None):
>       cursor.execute(statement, parameters)
E       sqlite3.IntegrityError: FOREIGN KEY constraint failed

C:\Users\WangJH\AppData\Local\Programs\Python\Python311\Lib\site-packages\sqlalchemy\engine\default.py:922: IntegrityError

The above exception was the direct cause of the following exception:

self = <tests.services.user_context.test_farm_context.TestBuildFarmSummary object at 0x00000217FA6F4AD0>
db_session = <sqlalchemy.orm.session.Session object at 0x00000217FD167BD0>

    def test_user_isolation(self, db_session):
        """不同用户数据隔离."""
        farm1 = Farm(user_id=1, name="用户1的农场", area_mu=10.0)
        farm2 = Farm(user_id=2, name="用户2的农场", area_mu=20.0)
        db_session.add_all([farm1, farm2])
>       db_session.commit()

tests\services\user_context\test_farm_context.py:91: 
_ _ _ _ _ _ _ _ _ _ _ _ _ _ _ _ _ _ _ _ _ _ _ _ _ _ _ _ _ _ _ _ _ _ _ _ _ _ _ _
C:\Users\WangJH\AppData\Local\Programs\Python\Python311\Lib\site-packages\sqlalchemy\orm\session.py:1969: in commit
    trans.commit(_to_root=True)
<string>:2: in commit
    ???
C:\Users\WangJH\AppData\Local\Programs\Python\Python311\Lib\site-packages\sqlalchemy\orm\state_changes.py:139: in _go
    ret_value = fn(self, *arg, **kw)
                ^^^^^^^^^^^^^^^^^^^^
C:\Users\WangJH\AppData\Local\Programs\Python\Python311\Lib\site-packages\sqlalchemy\orm\session.py:1256: in commit
    self._prepare_impl()
<string>:2: in _prepare_impl
    ???
C:\Users\WangJH\AppData\Local\Programs\Python\Python311\Lib\site-packages\sqlalchemy\orm\state_changes.py:139: in _go
    ret_value = fn(self, *arg, **kw)
                ^^^^^^^^^^^^^^^^^^^^
C:\Users\WangJH\AppData\Local\Programs\Python\Python311\Lib\site-packages\sqlalchemy\orm\session.py:1231: in _prepare_impl
    self.session.flush()
C:\Users\WangJH\AppData\Local\Programs\Python\Python311\Lib\site-packages\sqlalchemy\orm\session.py:4312: in flush
    self._flush(objects)
C:\Users\WangJH\AppData\Local\Programs\Python\Python311\Lib\site-packages\sqlalchemy\orm\session.py:4447: in _flush
    with util.safe_reraise():
C:\Users\WangJH\AppData\Local\Programs\Python\Python311\Lib\site-packages\sqlalchemy\util\langhelpers.py:146: in __exit__
    raise exc_value.with_traceback(exc_tb)
C:\Users\WangJH\AppData\Local\Programs\Python\Python311\Lib\site-packages\sqlalchemy\orm\session.py:4408: in _flush
    flush_context.execute()
C:\Users\WangJH\AppData\Local\Programs\Python\Python311\Lib\site-packages\sqlalchemy\orm\unitofwork.py:466: in execute
    rec.execute(self)
C:\Users\WangJH\AppData\Local\Programs\Python\Python311\Lib\site-packages\sqlalchemy\orm\unitofwork.py:642: in execute
    util.preloaded.orm_persistence.save_obj(
C:\Users\WangJH\AppData\Local\Programs\Python\Python311\Lib\site-packages\sqlalchemy\orm\persistence.py:93: in save_obj
    _emit_insert_statements(
C:\Users\WangJH\AppData\Local\Programs\Python\Python311\Lib\site-packages\sqlalchemy\orm\persistence.py:1137: in _emit_insert_statements
    result = connection.execute(
C:\Users\WangJH\AppData\Local\Programs\Python\Python311\Lib\site-packages\sqlalchemy\engine\base.py:1416: in execute
    return meth(
C:\Users\WangJH\AppData\Local\Programs\Python\Python311\Lib\site-packages\sqlalchemy\sql\elements.py:517: in _execute_on_connection
    return connection._execute_clauseelement(
C:\Users\WangJH\AppData\Local\Programs\Python\Python311\Lib\site-packages\sqlalchemy\engine\base.py:1639: in _execute_clauseelement
    ret = self._execute_context(
C:\Users\WangJH\AppData\Local\Programs\Python\Python311\Lib\site-packages\sqlalchemy\engine\base.py:1843: in _execute_context
    return self._exec_insertmany_context(
C:\Users\WangJH\AppData\Local\Programs\Python\Python311\Lib\site-packages\sqlalchemy\engine\base.py:2121: in _exec_insertmany_context
    self._handle_dbapi_exception(
C:\Users\WangJH\AppData\Local\Programs\Python\Python311\Lib\site-packages\sqlalchemy\engine\base.py:2344: in _handle_dbapi_exception
    raise sqlalchemy_exception.with_traceback(exc_info[2]) from e
C:\Users\WangJH\AppData\Local\Programs\Python\Python311\Lib\site-packages\sqlalchemy\engine\base.py:2113: in _exec_insertmany_context
    dialect.do_execute(
_ _ _ _ _ _ _ _ _ _ _ _ _ _ _ _ _ _ _ _ _ _ _ _ _ _ _ _ _ _ _ _ _ _ _ _ _ _ _ _

self = <sqlalchemy.dialects.sqlite.pysqlite.SQLiteDialect_pysqlite object at 0x00000217FE2E6210>
cursor = <sqlite3.Cursor object at 0x00000217FDEA6140>
statement = 'INSERT INTO farms (user_id, name, location, latitude, longitude, area_mu, description, created_at, updated_at) VALUES (?, ?, ?, ?, ?, ?, ?, CURRENT_TIMESTAMP, CURRENT_TIMESTAMP) RETURNING id, created_at, updated_at'
parameters = (1, '用户1的农场', '', None, None, 10.0, ...)
context = <sqlalchemy.dialects.sqlite.base.SQLiteExecutionContext object at 0x00000217FDD5B750>

    def do_execute(self, cursor, statement, parameters, context=None):
>       cursor.execute(statement, parameters)
E       sqlalchemy.exc.IntegrityError: (sqlite3.IntegrityError) FOREIGN KEY constraint failed
E       [SQL: INSERT INTO farms (user_id, name, location, latitude, longitude, area_mu, description, created_at, updated_at) VALUES (?, ?, ?, ?, ?, ?, ?, CURRENT_TIMESTAMP, CURRENT_TIMESTAMP) RETURNING id, created_at, updated_at]
E       [parameters: (1, '用户1的农场', '', None, None, 10.0, '')]
E       (Background on this error at: https://sqlalche.me/e/20/gkpj)

C:\Users\WangJH\AppData\Local\Programs\Python\Python311\Lib\site-packages\sqlalchemy\engine\default.py:922: IntegrityError
___________________ TestBuildFarmSummary.test_fallow_field ____________________

self = <sqlalchemy.engine.base.Connection object at 0x00000217FD55BA90>
dialect = <sqlalchemy.dialects.sqlite.pysqlite.SQLiteDialect_pysqlite object at 0x00000217FE1B9950>
context = <sqlalchemy.dialects.sqlite.base.SQLiteExecutionContext object at 0x00000217FAA20C90>
statement = <sqlalchemy.dialects.sqlite.base.SQLiteCompiler object at 0x00000217FD55B890>
parameters = [(1, '测试农场', '', None, None, 10.0, ...)]

    def _exec_single_context(
        self,
        dialect: Dialect,
        context: ExecutionContext,
        statement: Union[str, Compiled],
        parameters: Optional[_AnyMultiExecuteParams],
    ) -> CursorResult[Any]:
        """continue the _execute_context() method for a single DBAPI
        cursor.execute() or cursor.executemany() call.
    
        """
        if dialect.bind_typing is BindTyping.SETINPUTSIZES:
            generic_setinputsizes = context._prepare_set_input_sizes()
    
            if generic_setinputsizes:
                try:
                    dialect.do_set_input_sizes(
                        context.cursor, generic_setinputsizes, context
                    )
                except BaseException as e:
                    self._handle_dbapi_exception(
                        e, str(statement), parameters, None, context
                    )
    
        cursor, str_statement, parameters = (
            context.cursor,
            context.statement,
            context.parameters,
        )
    
        effective_parameters: Optional[_AnyExecuteParams]
    
        if not context.executemany:
            effective_parameters = parameters[0]
        else:
            effective_parameters = parameters
    
        if self._has_events or self.engine._has_events:
            for fn in self.dispatch.before_cursor_execute:
                str_statement, effective_parameters = fn(
                    self,
                    cursor,
                    str_statement,
                    effective_parameters,
                    context,
                    context.executemany,
                )
    
        if self._echo:
            self._log_info(str_statement)
    
            stats = context._get_cache_stats()
    
            if not self.engine.hide_parameters:
                self._log_info(
                    "[%s] %r",
                    stats,
                    sql_util._repr_params(
                        effective_parameters,
                        batches=10,
                        ismulti=context.executemany,
                    ),
                )
            else:
                self._log_info(
                    "[%s] [SQL parameters hidden due to hide_parameters=True]",
                    stats,
                )
    
        evt_handled: bool = False
        try:
            if context.execute_style is ExecuteStyle.EXECUTEMANY:
                effective_parameters = cast(
                    "_CoreMultiExecuteParams", effective_parameters
                )
                if self.dialect._has_events:
                    for fn in self.dialect.dispatch.do_executemany:
                        if fn(
                            cursor,
                            str_statement,
                            effective_parameters,
                            context,
                        ):
                            evt_handled = True
                            break
                if not evt_handled:
                    self.dialect.do_executemany(
                        cursor,
                        str_statement,
                        effective_parameters,
                        context,
                    )
            elif not effective_parameters and context.no_parameters:
                if self.dialect._has_events:
                    for fn in self.dialect.dispatch.do_execute_no_params:
                        if fn(cursor, str_statement, context):
                            evt_handled = True
                            break
                if not evt_handled:
                    self.dialect.do_execute_no_params(
                        cursor, str_statement, context
                    )
            else:
                effective_parameters = cast(
                    "_CoreSingleExecuteParams", effective_parameters
                )
                if self.dialect._has_events:
                    for fn in self.dialect.dispatch.do_execute:
                        if fn(
                            cursor,
                            str_statement,
                            effective_parameters,
                            context,
                        ):
                            evt_handled = True
                            break
                if not evt_handled:
>                   self.dialect.do_execute(
                        cursor, str_statement, effective_parameters, context
                    )

C:\Users\WangJH\AppData\Local\Programs\Python\Python311\Lib\site-packages\sqlalchemy\engine\base.py:1969: 
_ _ _ _ _ _ _ _ _ _ _ _ _ _ _ _ _ _ _ _ _ _ _ _ _ _ _ _ _ _ _ _ _ _ _ _ _ _ _ _

self = <sqlalchemy.dialects.sqlite.pysqlite.SQLiteDialect_pysqlite object at 0x00000217FE1B9950>
cursor = <sqlite3.Cursor object at 0x00000217FB33F540>
statement = 'INSERT INTO farms (user_id, name, location, latitude, longitude, area_mu, description, created_at, updated_at) VALUES (?, ?, ?, ?, ?, ?, ?, CURRENT_TIMESTAMP, CURRENT_TIMESTAMP) RETURNING id, created_at, updated_at'
parameters = (1, '测试农场', '', None, None, 10.0, ...)
context = <sqlalchemy.dialects.sqlite.base.SQLiteExecutionContext object at 0x00000217FAA20C90>

    def do_execute(self, cursor, statement, parameters, context=None):
>       cursor.execute(statement, parameters)
E       sqlite3.IntegrityError: FOREIGN KEY constraint failed

C:\Users\WangJH\AppData\Local\Programs\Python\Python311\Lib\site-packages\sqlalchemy\engine\default.py:922: IntegrityError

The above exception was the direct cause of the following exception:

self = <tests.services.user_context.test_farm_context.TestBuildFarmSummary object at 0x00000217FA702510>
db_session = <sqlalchemy.orm.session.Session object at 0x00000217FA5F7810>

    def test_fallow_field(self, db_session):
        farm = Farm(user_id=1, name="测试农场", area_mu=10.0)
        db_session.add(farm)
>       db_session.flush()

tests\services\user_context\test_farm_context.py:100: 
_ _ _ _ _ _ _ _ _ _ _ _ _ _ _ _ _ _ _ _ _ _ _ _ _ _ _ _ _ _ _ _ _ _ _ _ _ _ _ _
C:\Users\WangJH\AppData\Local\Programs\Python\Python311\Lib\site-packages\sqlalchemy\orm\session.py:4312: in flush
    self._flush(objects)
C:\Users\WangJH\AppData\Local\Programs\Python\Python311\Lib\site-packages\sqlalchemy\orm\session.py:4447: in _flush
    with util.safe_reraise():
C:\Users\WangJH\AppData\Local\Programs\Python\Python311\Lib\site-packages\sqlalchemy\util\langhelpers.py:146: in __exit__
    raise exc_value.with_traceback(exc_tb)
C:\Users\WangJH\AppData\Local\Programs\Python\Python311\Lib\site-packages\sqlalchemy\orm\session.py:4408: in _flush
    flush_context.execute()
C:\Users\WangJH\AppData\Local\Programs\Python\Python311\Lib\site-packages\sqlalchemy\orm\unitofwork.py:466: in execute
    rec.execute(self)
C:\Users\WangJH\AppData\Local\Programs\Python\Python311\Lib\site-packages\sqlalchemy\orm\unitofwork.py:642: in execute
    util.preloaded.orm_persistence.save_obj(
C:\Users\WangJH\AppData\Local\Programs\Python\Python311\Lib\site-packages\sqlalchemy\orm\persistence.py:93: in save_obj
    _emit_insert_statements(
C:\Users\WangJH\AppData\Local\Programs\Python\Python311\Lib\site-packages\sqlalchemy\orm\persistence.py:1227: in _emit_insert_statements
    result = connection.execute(
C:\Users\WangJH\AppData\Local\Programs\Python\Python311\Lib\site-packages\sqlalchemy\engine\base.py:1416: in execute
    return meth(
C:\Users\WangJH\AppData\Local\Programs\Python\Python311\Lib\site-packages\sqlalchemy\sql\elements.py:517: in _execute_on_connection
    return connection._execute_clauseelement(
C:\Users\WangJH\AppData\Local\Programs\Python\Python311\Lib\site-packages\sqlalchemy\engine\base.py:1639: in _execute_clauseelement
    ret = self._execute_context(
C:\Users\WangJH\AppData\Local\Programs\Python\Python311\Lib\site-packages\sqlalchemy\engine\base.py:1848: in _execute_context
    return self._exec_single_context(
C:\Users\WangJH\AppData\Local\Programs\Python\Python311\Lib\site-packages\sqlalchemy\engine\base.py:1988: in _exec_single_context
    self._handle_dbapi_exception(
C:\Users\WangJH\AppData\Local\Programs\Python\Python311\Lib\site-packages\sqlalchemy\engine\base.py:2344: in _handle_dbapi_exception
    raise sqlalchemy_exception.with_traceback(exc_info[2]) from e
C:\Users\WangJH\AppData\Local\Programs\Python\Python311\Lib\site-packages\sqlalchemy\engine\base.py:1969: in _exec_single_context
    self.dialect.do_execute(
_ _ _ _ _ _ _ _ _ _ _ _ _ _ _ _ _ _ _ _ _ _ _ _ _ _ _ _ _ _ _ _ _ _ _ _ _ _ _ _

self = <sqlalchemy.dialects.sqlite.pysqlite.SQLiteDialect_pysqlite object at 0x00000217FE1B9950>
cursor = <sqlite3.Cursor object at 0x00000217FB33F540>
statement = 'INSERT INTO farms (user_id, name, location, latitude, longitude, area_mu, description, created_at, updated_at) VALUES (?, ?, ?, ?, ?, ?, ?, CURRENT_TIMESTAMP, CURRENT_TIMESTAMP) RETURNING id, created_at, updated_at'
parameters = (1, '测试农场', '', None, None, 10.0, ...)
context = <sqlalchemy.dialects.sqlite.base.SQLiteExecutionContext object at 0x00000217FAA20C90>

    def do_execute(self, cursor, statement, parameters, context=None):
>       cursor.execute(statement, parameters)
E       sqlalchemy.exc.IntegrityError: (sqlite3.IntegrityError) FOREIGN KEY constraint failed
E       [SQL: INSERT INTO farms (user_id, name, location, latitude, longitude, area_mu, description, created_at, updated_at) VALUES (?, ?, ?, ?, ?, ?, ?, CURRENT_TIMESTAMP, CURRENT_TIMESTAMP) RETURNING id, created_at, updated_at]
E       [parameters: (1, '测试农场', '', None, None, 10.0, '')]
E       (Background on this error at: https://sqlalche.me/e/20/gkpj)

C:\Users\WangJH\AppData\Local\Programs\Python\Python311\Lib\site-packages\sqlalchemy\engine\default.py:922: IntegrityError
________ TestUserContextService.test_farm_context_injected_by_default _________

self = <sqlalchemy.engine.base.Connection object at 0x00000217FDBA1AD0>
dialect = <sqlalchemy.dialects.sqlite.pysqlite.SQLiteDialect_pysqlite object at 0x00000217FE1A2750>
context = <sqlalchemy.dialects.sqlite.base.SQLiteExecutionContext object at 0x00000217FDC1A9D0>
statement = <sqlalchemy.dialects.sqlite.base.SQLiteCompiler object at 0x00000217FDC19510>
parameters = [(1, '阳光农场', '山东寿光', None, None, 50.0, ...)]

    def _exec_single_context(
        self,
        dialect: Dialect,
        context: ExecutionContext,
        statement: Union[str, Compiled],
        parameters: Optional[_AnyMultiExecuteParams],
    ) -> CursorResult[Any]:
        """continue the _execute_context() method for a single DBAPI
        cursor.execute() or cursor.executemany() call.
    
        """
        if dialect.bind_typing is BindTyping.SETINPUTSIZES:
            generic_setinputsizes = context._prepare_set_input_sizes()
    
            if generic_setinputsizes:
                try:
                    dialect.do_set_input_sizes(
                        context.cursor, generic_setinputsizes, context
                    )
                except BaseException as e:
                    self._handle_dbapi_exception(
                        e, str(statement), parameters, None, context
                    )
    
        cursor, str_statement, parameters = (
            context.cursor,
            context.statement,
            context.parameters,
        )
    
        effective_parameters: Optional[_AnyExecuteParams]
    
        if not context.executemany:
            effective_parameters = parameters[0]
        else:
            effective_parameters = parameters
    
        if self._has_events or self.engine._has_events:
            for fn in self.dispatch.before_cursor_execute:
                str_statement, effective_parameters = fn(
                    self,
                    cursor,
                    str_statement,
                    effective_parameters,
                    context,
                    context.executemany,
                )
    
        if self._echo:
            self._log_info(str_statement)
    
            stats = context._get_cache_stats()
    
            if not self.engine.hide_parameters:
                self._log_info(
                    "[%s] %r",
                    stats,
                    sql_util._repr_params(
                        effective_parameters,
                        batches=10,
                        ismulti=context.executemany,
                    ),
                )
            else:
                self._log_info(
                    "[%s] [SQL parameters hidden due to hide_parameters=True]",
                    stats,
                )
    
        evt_handled: bool = False
        try:
            if context.execute_style is ExecuteStyle.EXECUTEMANY:
                effective_parameters = cast(
                    "_CoreMultiExecuteParams", effective_parameters
                )
                if self.dialect._has_events:
                    for fn in self.dialect.dispatch.do_executemany:
                        if fn(
                            cursor,
                            str_statement,
                            effective_parameters,
                            context,
                        ):
                            evt_handled = True
                            break
                if not evt_handled:
                    self.dialect.do_executemany(
                        cursor,
                        str_statement,
                        effective_parameters,
                        context,
                    )
            elif not effective_parameters and context.no_parameters:
                if self.dialect._has_events:
                    for fn in self.dialect.dispatch.do_execute_no_params:
                        if fn(cursor, str_statement, context):
                            evt_handled = True
                            break
                if not evt_handled:
                    self.dialect.do_execute_no_params(
                        cursor, str_statement, context
                    )
            else:
                effective_parameters = cast(
                    "_CoreSingleExecuteParams", effective_parameters
                )
                if self.dialect._has_events:
                    for fn in self.dialect.dispatch.do_execute:
                        if fn(
                            cursor,
                            str_statement,
                            effective_parameters,
                            context,
                        ):
                            evt_handled = True
                            break
                if not evt_handled:
>                   self.dialect.do_execute(
                        cursor, str_statement, effective_parameters, context
                    )

C:\Users\WangJH\AppData\Local\Programs\Python\Python311\Lib\site-packages\sqlalchemy\engine\base.py:1969: 
_ _ _ _ _ _ _ _ _ _ _ _ _ _ _ _ _ _ _ _ _ _ _ _ _ _ _ _ _ _ _ _ _ _ _ _ _ _ _ _

self = <sqlalchemy.dialects.sqlite.pysqlite.SQLiteDialect_pysqlite object at 0x00000217FE1A2750>
cursor = <sqlite3.Cursor object at 0x00000217FD401D40>
statement = 'INSERT INTO farms (user_id, name, location, latitude, longitude, area_mu, description, created_at, updated_at) VALUES (?, ?, ?, ?, ?, ?, ?, CURRENT_TIMESTAMP, CURRENT_TIMESTAMP) RETURNING id, created_at, updated_at'
parameters = (1, '阳光农场', '山东寿光', None, None, 50.0, ...)
context = <sqlalchemy.dialects.sqlite.base.SQLiteExecutionContext object at 0x00000217FDC1A9D0>

    def do_execute(self, cursor, statement, parameters, context=None):
>       cursor.execute(statement, parameters)
E       sqlite3.IntegrityError: FOREIGN KEY constraint failed

C:\Users\WangJH\AppData\Local\Programs\Python\Python311\Lib\site-packages\sqlalchemy\engine\default.py:922: IntegrityError

The above exception was the direct cause of the following exception:

self = <tests.services.user_context.test_service.TestUserContextService object at 0x00000217FA732850>
db_session = <sqlalchemy.orm.session.Session object at 0x00000217FD04B350>

    def test_farm_context_injected_by_default(self, db_session):
>       _setup_full_data(db_session)

tests\services\user_context\test_service.py:71: 
_ _ _ _ _ _ _ _ _ _ _ _ _ _ _ _ _ _ _ _ _ _ _ _ _ _ _ _ _ _ _ _ _ _ _ _ _ _ _ _
tests\services\user_context\test_service.py:32: in _setup_full_data
    db_session.flush()
C:\Users\WangJH\AppData\Local\Programs\Python\Python311\Lib\site-packages\sqlalchemy\orm\session.py:4312: in flush
    self._flush(objects)
C:\Users\WangJH\AppData\Local\Programs\Python\Python311\Lib\site-packages\sqlalchemy\orm\session.py:4447: in _flush
    with util.safe_reraise():
C:\Users\WangJH\AppData\Local\Programs\Python\Python311\Lib\site-packages\sqlalchemy\util\langhelpers.py:146: in __exit__
    raise exc_value.with_traceback(exc_tb)
C:\Users\WangJH\AppData\Local\Programs\Python\Python311\Lib\site-packages\sqlalchemy\orm\session.py:4408: in _flush
    flush_context.execute()
C:\Users\WangJH\AppData\Local\Programs\Python\Python311\Lib\site-packages\sqlalchemy\orm\unitofwork.py:466: in execute
    rec.execute(self)
C:\Users\WangJH\AppData\Local\Programs\Python\Python311\Lib\site-packages\sqlalchemy\orm\unitofwork.py:642: in execute
    util.preloaded.orm_persistence.save_obj(
C:\Users\WangJH\AppData\Local\Programs\Python\Python311\Lib\site-packages\sqlalchemy\orm\persistence.py:93: in save_obj
    _emit_insert_statements(
C:\Users\WangJH\AppData\Local\Programs\Python\Python311\Lib\site-packages\sqlalchemy\orm\persistence.py:1227: in _emit_insert_statements
    result = connection.execute(
C:\Users\WangJH\AppData\Local\Programs\Python\Python311\Lib\site-packages\sqlalchemy\engine\base.py:1416: in execute
    return meth(
C:\Users\WangJH\AppData\Local\Programs\Python\Python311\Lib\site-packages\sqlalchemy\sql\elements.py:517: in _execute_on_connection
    return connection._execute_clauseelement(
C:\Users\WangJH\AppData\Local\Programs\Python\Python311\Lib\site-packages\sqlalchemy\engine\base.py:1639: in _execute_clauseelement
    ret = self._execute_context(
C:\Users\WangJH\AppData\Local\Programs\Python\Python311\Lib\site-packages\sqlalchemy\engine\base.py:1848: in _execute_context
    return self._exec_single_context(
C:\Users\WangJH\AppData\Local\Programs\Python\Python311\Lib\site-packages\sqlalchemy\engine\base.py:1988: in _exec_single_context
    self._handle_dbapi_exception(
C:\Users\WangJH\AppData\Local\Programs\Python\Python311\Lib\site-packages\sqlalchemy\engine\base.py:2344: in _handle_dbapi_exception
    raise sqlalchemy_exception.with_traceback(exc_info[2]) from e
C:\Users\WangJH\AppData\Local\Programs\Python\Python311\Lib\site-packages\sqlalchemy\engine\base.py:1969: in _exec_single_context
    self.dialect.do_execute(
_ _ _ _ _ _ _ _ _ _ _ _ _ _ _ _ _ _ _ _ _ _ _ _ _ _ _ _ _ _ _ _ _ _ _ _ _ _ _ _

self = <sqlalchemy.dialects.sqlite.pysqlite.SQLiteDialect_pysqlite object at 0x00000217FE1A2750>
cursor = <sqlite3.Cursor object at 0x00000217FD401D40>
statement = 'INSERT INTO farms (user_id, name, location, latitude, longitude, area_mu, description, created_at, updated_at) VALUES (?, ?, ?, ?, ?, ?, ?, CURRENT_TIMESTAMP, CURRENT_TIMESTAMP) RETURNING id, created_at, updated_at'
parameters = (1, '阳光农场', '山东寿光', None, None, 50.0, ...)
context = <sqlalchemy.dialects.sqlite.base.SQLiteExecutionContext object at 0x00000217FDC1A9D0>

    def do_execute(self, cursor, statement, parameters, context=None):
>       cursor.execute(statement, parameters)
E       sqlalchemy.exc.IntegrityError: (sqlite3.IntegrityError) FOREIGN KEY constraint failed
E       [SQL: INSERT INTO farms (user_id, name, location, latitude, longitude, area_mu, description, created_at, updated_at) VALUES (?, ?, ?, ?, ?, ?, ?, CURRENT_TIMESTAMP, CURRENT_TIMESTAMP) RETURNING id, created_at, updated_at]
E       [parameters: (1, '阳光农场', '山东寿光', None, None, 50.0, '')]
E       (Background on this error at: https://sqlalche.me/e/20/gkpj)

C:\Users\WangJH\AppData\Local\Programs\Python\Python311\Lib\site-packages\sqlalchemy\engine\default.py:922: IntegrityError
__________ TestUserContextService.test_trajectory_context_on_demand ___________

self = <sqlalchemy.engine.base.Connection object at 0x00000217FE2279D0>
dialect = <sqlalchemy.dialects.sqlite.pysqlite.SQLiteDialect_pysqlite object at 0x00000217FBA9B590>
context = <sqlalchemy.dialects.sqlite.base.SQLiteExecutionContext object at 0x00000217FE225CD0>
statement = <sqlalchemy.dialects.sqlite.base.SQLiteCompiler object at 0x00000217FE227B90>
parameters = [(1, '阳光农场', '山东寿光', None, None, 50.0, ...)]

    def _exec_single_context(
        self,
        dialect: Dialect,
        context: ExecutionContext,
        statement: Union[str, Compiled],
        parameters: Optional[_AnyMultiExecuteParams],
    ) -> CursorResult[Any]:
        """continue the _execute_context() method for a single DBAPI
        cursor.execute() or cursor.executemany() call.
    
        """
        if dialect.bind_typing is BindTyping.SETINPUTSIZES:
            generic_setinputsizes = context._prepare_set_input_sizes()
    
            if generic_setinputsizes:
                try:
                    dialect.do_set_input_sizes(
                        context.cursor, generic_setinputsizes, context
                    )
                except BaseException as e:
                    self._handle_dbapi_exception(
                        e, str(statement), parameters, None, context
                    )
    
        cursor, str_statement, parameters = (
            context.cursor,
            context.statement,
            context.parameters,
        )
    
        effective_parameters: Optional[_AnyExecuteParams]
    
        if not context.executemany:
            effective_parameters = parameters[0]
        else:
            effective_parameters = parameters
    
        if self._has_events or self.engine._has_events:
            for fn in self.dispatch.before_cursor_execute:
                str_statement, effective_parameters = fn(
                    self,
                    cursor,
                    str_statement,
                    effective_parameters,
                    context,
                    context.executemany,
                )
    
        if self._echo:
            self._log_info(str_statement)
    
            stats = context._get_cache_stats()
    
            if not self.engine.hide_parameters:
                self._log_info(
                    "[%s] %r",
                    stats,
                    sql_util._repr_params(
                        effective_parameters,
                        batches=10,
                        ismulti=context.executemany,
                    ),
                )
            else:
                self._log_info(
                    "[%s] [SQL parameters hidden due to hide_parameters=True]",
                    stats,
                )
    
        evt_handled: bool = False
        try:
            if context.execute_style is ExecuteStyle.EXECUTEMANY:
                effective_parameters = cast(
                    "_CoreMultiExecuteParams", effective_parameters
                )
                if self.dialect._has_events:
                    for fn in self.dialect.dispatch.do_executemany:
                        if fn(
                            cursor,
                            str_statement,
                            effective_parameters,
                            context,
                        ):
                            evt_handled = True
                            break
                if not evt_handled:
                    self.dialect.do_executemany(
                        cursor,
                        str_statement,
                        effective_parameters,
                        context,
                    )
            elif not effective_parameters and context.no_parameters:
                if self.dialect._has_events:
                    for fn in self.dialect.dispatch.do_execute_no_params:
                        if fn(cursor, str_statement, context):
                            evt_handled = True
                            break
                if not evt_handled:
                    self.dialect.do_execute_no_params(
                        cursor, str_statement, context
                    )
            else:
                effective_parameters = cast(
                    "_CoreSingleExecuteParams", effective_parameters
                )
                if self.dialect._has_events:
                    for fn in self.dialect.dispatch.do_execute:
                        if fn(
                            cursor,
                            str_statement,
                            effective_parameters,
                            context,
                        ):
                            evt_handled = True
                            break
                if not evt_handled:
>                   self.dialect.do_execute(
                        cursor, str_statement, effective_parameters, context
                    )

C:\Users\WangJH\AppData\Local\Programs\Python\Python311\Lib\site-packages\sqlalchemy\engine\base.py:1969: 
_ _ _ _ _ _ _ _ _ _ _ _ _ _ _ _ _ _ _ _ _ _ _ _ _ _ _ _ _ _ _ _ _ _ _ _ _ _ _ _

self = <sqlalchemy.dialects.sqlite.pysqlite.SQLiteDialect_pysqlite object at 0x00000217FBA9B590>
cursor = <sqlite3.Cursor object at 0x00000217FDEA5AC0>
statement = 'INSERT INTO farms (user_id, name, location, latitude, longitude, area_mu, description, created_at, updated_at) VALUES (?, ?, ?, ?, ?, ?, ?, CURRENT_TIMESTAMP, CURRENT_TIMESTAMP) RETURNING id, created_at, updated_at'
parameters = (1, '阳光农场', '山东寿光', None, None, 50.0, ...)
context = <sqlalchemy.dialects.sqlite.base.SQLiteExecutionContext object at 0x00000217FE225CD0>

    def do_execute(self, cursor, statement, parameters, context=None):
>       cursor.execute(statement, parameters)
E       sqlite3.IntegrityError: FOREIGN KEY constraint failed

C:\Users\WangJH\AppData\Local\Programs\Python\Python311\Lib\site-packages\sqlalchemy\engine\default.py:922: IntegrityError

The above exception was the direct cause of the following exception:

self = <tests.services.user_context.test_service.TestUserContextService object at 0x00000217FA732ED0>
db_session = <sqlalchemy.orm.session.Session object at 0x00000217FABCC710>

    def test_trajectory_context_on_demand(self, db_session):
>       _setup_full_data(db_session)

tests\services\user_context\test_service.py:80: 
_ _ _ _ _ _ _ _ _ _ _ _ _ _ _ _ _ _ _ _ _ _ _ _ _ _ _ _ _ _ _ _ _ _ _ _ _ _ _ _
tests\services\user_context\test_service.py:32: in _setup_full_data
    db_session.flush()
C:\Users\WangJH\AppData\Local\Programs\Python\Python311\Lib\site-packages\sqlalchemy\orm\session.py:4312: in flush
    self._flush(objects)
C:\Users\WangJH\AppData\Local\Programs\Python\Python311\Lib\site-packages\sqlalchemy\orm\session.py:4447: in _flush
    with util.safe_reraise():
C:\Users\WangJH\AppData\Local\Programs\Python\Python311\Lib\site-packages\sqlalchemy\util\langhelpers.py:146: in __exit__
    raise exc_value.with_traceback(exc_tb)
C:\Users\WangJH\AppData\Local\Programs\Python\Python311\Lib\site-packages\sqlalchemy\orm\session.py:4408: in _flush
    flush_context.execute()
C:\Users\WangJH\AppData\Local\Programs\Python\Python311\Lib\site-packages\sqlalchemy\orm\unitofwork.py:466: in execute
    rec.execute(self)
C:\Users\WangJH\AppData\Local\Programs\Python\Python311\Lib\site-packages\sqlalchemy\orm\unitofwork.py:642: in execute
    util.preloaded.orm_persistence.save_obj(
C:\Users\WangJH\AppData\Local\Programs\Python\Python311\Lib\site-packages\sqlalchemy\orm\persistence.py:93: in save_obj
    _emit_insert_statements(
C:\Users\WangJH\AppData\Local\Programs\Python\Python311\Lib\site-packages\sqlalchemy\orm\persistence.py:1227: in _emit_insert_statements
    result = connection.execute(
C:\Users\WangJH\AppData\Local\Programs\Python\Python311\Lib\site-packages\sqlalchemy\engine\base.py:1416: in execute
    return meth(
C:\Users\WangJH\AppData\Local\Programs\Python\Python311\Lib\site-packages\sqlalchemy\sql\elements.py:517: in _execute_on_connection
    return connection._execute_clauseelement(
C:\Users\WangJH\AppData\Local\Programs\Python\Python311\Lib\site-packages\sqlalchemy\engine\base.py:1639: in _execute_clauseelement
    ret = self._execute_context(
C:\Users\WangJH\AppData\Local\Programs\Python\Python311\Lib\site-packages\sqlalchemy\engine\base.py:1848: in _execute_context
    return self._exec_single_context(
C:\Users\WangJH\AppData\Local\Programs\Python\Python311\Lib\site-packages\sqlalchemy\engine\base.py:1988: in _exec_single_context
    self._handle_dbapi_exception(
C:\Users\WangJH\AppData\Local\Programs\Python\Python311\Lib\site-packages\sqlalchemy\engine\base.py:2344: in _handle_dbapi_exception
    raise sqlalchemy_exception.with_traceback(exc_info[2]) from e
C:\Users\WangJH\AppData\Local\Programs\Python\Python311\Lib\site-packages\sqlalchemy\engine\base.py:1969: in _exec_single_context
    self.dialect.do_execute(
_ _ _ _ _ _ _ _ _ _ _ _ _ _ _ _ _ _ _ _ _ _ _ _ _ _ _ _ _ _ _ _ _ _ _ _ _ _ _ _

self = <sqlalchemy.dialects.sqlite.pysqlite.SQLiteDialect_pysqlite object at 0x00000217FBA9B590>
cursor = <sqlite3.Cursor object at 0x00000217FDEA5AC0>
statement = 'INSERT INTO farms (user_id, name, location, latitude, longitude, area_mu, description, created_at, updated_at) VALUES (?, ?, ?, ?, ?, ?, ?, CURRENT_TIMESTAMP, CURRENT_TIMESTAMP) RETURNING id, created_at, updated_at'
parameters = (1, '阳光农场', '山东寿光', None, None, 50.0, ...)
context = <sqlalchemy.dialects.sqlite.base.SQLiteExecutionContext object at 0x00000217FE225CD0>

    def do_execute(self, cursor, statement, parameters, context=None):
>       cursor.execute(statement, parameters)
E       sqlalchemy.exc.IntegrityError: (sqlite3.IntegrityError) FOREIGN KEY constraint failed
E       [SQL: INSERT INTO farms (user_id, name, location, latitude, longitude, area_mu, description, created_at, updated_at) VALUES (?, ?, ?, ?, ?, ?, ?, CURRENT_TIMESTAMP, CURRENT_TIMESTAMP) RETURNING id, created_at, updated_at]
E       [parameters: (1, '阳光农场', '山东寿光', None, None, 50.0, '')]
E       (Background on this error at: https://sqlalche.me/e/20/gkpj)

C:\Users\WangJH\AppData\Local\Programs\Python\Python311\Lib\site-packages\sqlalchemy\engine\default.py:922: IntegrityError
__________ TestUserContextService.test_farm_and_trajectory_combined ___________

self = <sqlalchemy.engine.base.Connection object at 0x00000217FB4EDA90>
dialect = <sqlalchemy.dialects.sqlite.pysqlite.SQLiteDialect_pysqlite object at 0x00000217FDBA3D50>
context = <sqlalchemy.dialects.sqlite.base.SQLiteExecutionContext object at 0x00000217FCE8EB90>
statement = <sqlalchemy.dialects.sqlite.base.SQLiteCompiler object at 0x00000217FCE8FA10>
parameters = [(1, '阳光农场', '山东寿光', None, None, 50.0, ...)]

    def _exec_single_context(
        self,
        dialect: Dialect,
        context: ExecutionContext,
        statement: Union[str, Compiled],
        parameters: Optional[_AnyMultiExecuteParams],
    ) -> CursorResult[Any]:
        """continue the _execute_context() method for a single DBAPI
        cursor.execute() or cursor.executemany() call.
    
        """
        if dialect.bind_typing is BindTyping.SETINPUTSIZES:
            generic_setinputsizes = context._prepare_set_input_sizes()
    
            if generic_setinputsizes:
                try:
                    dialect.do_set_input_sizes(
                        context.cursor, generic_setinputsizes, context
                    )
                except BaseException as e:
                    self._handle_dbapi_exception(
                        e, str(statement), parameters, None, context
                    )
    
        cursor, str_statement, parameters = (
            context.cursor,
            context.statement,
            context.parameters,
        )
    
        effective_parameters: Optional[_AnyExecuteParams]
    
        if not context.executemany:
            effective_parameters = parameters[0]
        else:
            effective_parameters = parameters
    
        if self._has_events or self.engine._has_events:
            for fn in self.dispatch.before_cursor_execute:
                str_statement, effective_parameters = fn(
                    self,
                    cursor,
                    str_statement,
                    effective_parameters,
                    context,
                    context.executemany,
                )
    
        if self._echo:
            self._log_info(str_statement)
    
            stats = context._get_cache_stats()
    
            if not self.engine.hide_parameters:
                self._log_info(
                    "[%s] %r",
                    stats,
                    sql_util._repr_params(
                        effective_parameters,
                        batches=10,
                        ismulti=context.executemany,
                    ),
                )
            else:
                self._log_info(
                    "[%s] [SQL parameters hidden due to hide_parameters=True]",
                    stats,
                )
    
        evt_handled: bool = False
        try:
            if context.execute_style is ExecuteStyle.EXECUTEMANY:
                effective_parameters = cast(
                    "_CoreMultiExecuteParams", effective_parameters
                )
                if self.dialect._has_events:
                    for fn in self.dialect.dispatch.do_executemany:
                        if fn(
                            cursor,
                            str_statement,
                            effective_parameters,
                            context,
                        ):
                            evt_handled = True
                            break
                if not evt_handled:
                    self.dialect.do_executemany(
                        cursor,
                        str_statement,
                        effective_parameters,
                        context,
                    )
            elif not effective_parameters and context.no_parameters:
                if self.dialect._has_events:
                    for fn in self.dialect.dispatch.do_execute_no_params:
                        if fn(cursor, str_statement, context):
                            evt_handled = True
                            break
                if not evt_handled:
                    self.dialect.do_execute_no_params(
                        cursor, str_statement, context
                    )
            else:
                effective_parameters = cast(
                    "_CoreSingleExecuteParams", effective_parameters
                )
                if self.dialect._has_events:
                    for fn in self.dialect.dispatch.do_execute:
                        if fn(
                            cursor,
                            str_statement,
                            effective_parameters,
                            context,
                        ):
                            evt_handled = True
                            break
                if not evt_handled:
>                   self.dialect.do_execute(
                        cursor, str_statement, effective_parameters, context
                    )

C:\Users\WangJH\AppData\Local\Programs\Python\Python311\Lib\site-packages\sqlalchemy\engine\base.py:1969: 
_ _ _ _ _ _ _ _ _ _ _ _ _ _ _ _ _ _ _ _ _ _ _ _ _ _ _ _ _ _ _ _ _ _ _ _ _ _ _ _

self = <sqlalchemy.dialects.sqlite.pysqlite.SQLiteDialect_pysqlite object at 0x00000217FDBA3D50>
cursor = <sqlite3.Cursor object at 0x00000217FB7E3BC0>
statement = 'INSERT INTO farms (user_id, name, location, latitude, longitude, area_mu, description, created_at, updated_at) VALUES (?, ?, ?, ?, ?, ?, ?, CURRENT_TIMESTAMP, CURRENT_TIMESTAMP) RETURNING id, created_at, updated_at'
parameters = (1, '阳光农场', '山东寿光', None, None, 50.0, ...)
context = <sqlalchemy.dialects.sqlite.base.SQLiteExecutionContext object at 0x00000217FCE8EB90>

    def do_execute(self, cursor, statement, parameters, context=None):
>       cursor.execute(statement, parameters)
E       sqlite3.IntegrityError: FOREIGN KEY constraint failed

C:\Users\WangJH\AppData\Local\Programs\Python\Python311\Lib\site-packages\sqlalchemy\engine\default.py:922: IntegrityError

The above exception was the direct cause of the following exception:

self = <tests.services.user_context.test_service.TestUserContextService object at 0x00000217FA733590>
db_session = <sqlalchemy.orm.session.Session object at 0x00000217FB6BC750>

    def test_farm_and_trajectory_combined(self, db_session):
>       _setup_full_data(db_session)

tests\services\user_context\test_service.py:89: 
_ _ _ _ _ _ _ _ _ _ _ _ _ _ _ _ _ _ _ _ _ _ _ _ _ _ _ _ _ _ _ _ _ _ _ _ _ _ _ _
tests\services\user_context\test_service.py:32: in _setup_full_data
    db_session.flush()
C:\Users\WangJH\AppData\Local\Programs\Python\Python311\Lib\site-packages\sqlalchemy\orm\session.py:4312: in flush
    self._flush(objects)
C:\Users\WangJH\AppData\Local\Programs\Python\Python311\Lib\site-packages\sqlalchemy\orm\session.py:4447: in _flush
    with util.safe_reraise():
C:\Users\WangJH\AppData\Local\Programs\Python\Python311\Lib\site-packages\sqlalchemy\util\langhelpers.py:146: in __exit__
    raise exc_value.with_traceback(exc_tb)
C:\Users\WangJH\AppData\Local\Programs\Python\Python311\Lib\site-packages\sqlalchemy\orm\session.py:4408: in _flush
    flush_context.execute()
C:\Users\WangJH\AppData\Local\Programs\Python\Python311\Lib\site-packages\sqlalchemy\orm\unitofwork.py:466: in execute
    rec.execute(self)
C:\Users\WangJH\AppData\Local\Programs\Python\Python311\Lib\site-packages\sqlalchemy\orm\unitofwork.py:642: in execute
    util.preloaded.orm_persistence.save_obj(
C:\Users\WangJH\AppData\Local\Programs\Python\Python311\Lib\site-packages\sqlalchemy\orm\persistence.py:93: in save_obj
    _emit_insert_statements(
C:\Users\WangJH\AppData\Local\Programs\Python\Python311\Lib\site-packages\sqlalchemy\orm\persistence.py:1227: in _emit_insert_statements
    result = connection.execute(
C:\Users\WangJH\AppData\Local\Programs\Python\Python311\Lib\site-packages\sqlalchemy\engine\base.py:1416: in execute
    return meth(
C:\Users\WangJH\AppData\Local\Programs\Python\Python311\Lib\site-packages\sqlalchemy\sql\elements.py:517: in _execute_on_connection
    return connection._execute_clauseelement(
C:\Users\WangJH\AppData\Local\Programs\Python\Python311\Lib\site-packages\sqlalchemy\engine\base.py:1639: in _execute_clauseelement
    ret = self._execute_context(
C:\Users\WangJH\AppData\Local\Programs\Python\Python311\Lib\site-packages\sqlalchemy\engine\base.py:1848: in _execute_context
    return self._exec_single_context(
C:\Users\WangJH\AppData\Local\Programs\Python\Python311\Lib\site-packages\sqlalchemy\engine\base.py:1988: in _exec_single_context
    self._handle_dbapi_exception(
C:\Users\WangJH\AppData\Local\Programs\Python\Python311\Lib\site-packages\sqlalchemy\engine\base.py:2344: in _handle_dbapi_exception
    raise sqlalchemy_exception.with_traceback(exc_info[2]) from e
C:\Users\WangJH\AppData\Local\Programs\Python\Python311\Lib\site-packages\sqlalchemy\engine\base.py:1969: in _exec_single_context
    self.dialect.do_execute(
_ _ _ _ _ _ _ _ _ _ _ _ _ _ _ _ _ _ _ _ _ _ _ _ _ _ _ _ _ _ _ _ _ _ _ _ _ _ _ _

self = <sqlalchemy.dialects.sqlite.pysqlite.SQLiteDialect_pysqlite object at 0x00000217FDBA3D50>
cursor = <sqlite3.Cursor object at 0x00000217FB7E3BC0>
statement = 'INSERT INTO farms (user_id, name, location, latitude, longitude, area_mu, description, created_at, updated_at) VALUES (?, ?, ?, ?, ?, ?, ?, CURRENT_TIMESTAMP, CURRENT_TIMESTAMP) RETURNING id, created_at, updated_at'
parameters = (1, '阳光农场', '山东寿光', None, None, 50.0, ...)
context = <sqlalchemy.dialects.sqlite.base.SQLiteExecutionContext object at 0x00000217FCE8EB90>

    def do_execute(self, cursor, statement, parameters, context=None):
>       cursor.execute(statement, parameters)
E       sqlalchemy.exc.IntegrityError: (sqlite3.IntegrityError) FOREIGN KEY constraint failed
E       [SQL: INSERT INTO farms (user_id, name, location, latitude, longitude, area_mu, description, created_at, updated_at) VALUES (?, ?, ?, ?, ?, ?, ?, CURRENT_TIMESTAMP, CURRENT_TIMESTAMP) RETURNING id, created_at, updated_at]
E       [parameters: (1, '阳光农场', '山东寿光', None, None, 50.0, '')]
E       (Background on this error at: https://sqlalche.me/e/20/gkpj)

C:\Users\WangJH\AppData\Local\Programs\Python\Python311\Lib\site-packages\sqlalchemy\engine\default.py:922: IntegrityError
_______________ TestUserContextService.test_context_truncation ________________

self = <sqlalchemy.engine.base.Connection object at 0x00000217FDDA5E10>
dialect = <sqlalchemy.dialects.sqlite.pysqlite.SQLiteDialect_pysqlite object at 0x00000217FB302E10>
context = <sqlalchemy.dialects.sqlite.base.SQLiteExecutionContext object at 0x00000217FDDA6890>
statement = <sqlalchemy.dialects.sqlite.base.SQLiteCompiler object at 0x00000217FDDA50D0>
parameters = [(1, '农场0农场0农场0农场0农场0农场0农场0农场0农场0农场0农场0农场0农场0农场0农场0农场0农场0农场0农场0农场0', '测试地点测试地点测试地点测试地点测试地点测试地点测试地点测试地点测试地点测试地点', None, None, 100.0, ...)]

    def _exec_single_context(
        self,
        dialect: Dialect,
        context: ExecutionContext,
        statement: Union[str, Compiled],
        parameters: Optional[_AnyMultiExecuteParams],
    ) -> CursorResult[Any]:
        """continue the _execute_context() method for a single DBAPI
        cursor.execute() or cursor.executemany() call.
    
        """
        if dialect.bind_typing is BindTyping.SETINPUTSIZES:
            generic_setinputsizes = context._prepare_set_input_sizes()
    
            if generic_setinputsizes:
                try:
                    dialect.do_set_input_sizes(
                        context.cursor, generic_setinputsizes, context
                    )
                except BaseException as e:
                    self._handle_dbapi_exception(
                        e, str(statement), parameters, None, context
                    )
    
        cursor, str_statement, parameters = (
            context.cursor,
            context.statement,
            context.parameters,
        )
    
        effective_parameters: Optional[_AnyExecuteParams]
    
        if not context.executemany:
            effective_parameters = parameters[0]
        else:
            effective_parameters = parameters
    
        if self._has_events or self.engine._has_events:
            for fn in self.dispatch.before_cursor_execute:
                str_statement, effective_parameters = fn(
                    self,
                    cursor,
                    str_statement,
                    effective_parameters,
                    context,
                    context.executemany,
                )
    
        if self._echo:
            self._log_info(str_statement)
    
            stats = context._get_cache_stats()
    
            if not self.engine.hide_parameters:
                self._log_info(
                    "[%s] %r",
                    stats,
                    sql_util._repr_params(
                        effective_parameters,
                        batches=10,
                        ismulti=context.executemany,
                    ),
                )
            else:
                self._log_info(
                    "[%s] [SQL parameters hidden due to hide_parameters=True]",
                    stats,
                )
    
        evt_handled: bool = False
        try:
            if context.execute_style is ExecuteStyle.EXECUTEMANY:
                effective_parameters = cast(
                    "_CoreMultiExecuteParams", effective_parameters
                )
                if self.dialect._has_events:
                    for fn in self.dialect.dispatch.do_executemany:
                        if fn(
                            cursor,
                            str_statement,
                            effective_parameters,
                            context,
                        ):
                            evt_handled = True
                            break
                if not evt_handled:
                    self.dialect.do_executemany(
                        cursor,
                        str_statement,
                        effective_parameters,
                        context,
                    )
            elif not effective_parameters and context.no_parameters:
                if self.dialect._has_events:
                    for fn in self.dialect.dispatch.do_execute_no_params:
                        if fn(cursor, str_statement, context):
                            evt_handled = True
                            break
                if not evt_handled:
                    self.dialect.do_execute_no_params(
                        cursor, str_statement, context
                    )
            else:
                effective_parameters = cast(
                    "_CoreSingleExecuteParams", effective_parameters
                )
                if self.dialect._has_events:
                    for fn in self.dialect.dispatch.do_execute:
                        if fn(
                            cursor,
                            str_statement,
                            effective_parameters,
                            context,
                        ):
                            evt_handled = True
                            break
                if not evt_handled:
>                   self.dialect.do_execute(
                        cursor, str_statement, effective_parameters, context
                    )

C:\Users\WangJH\AppData\Local\Programs\Python\Python311\Lib\site-packages\sqlalchemy\engine\base.py:1969: 
_ _ _ _ _ _ _ _ _ _ _ _ _ _ _ _ _ _ _ _ _ _ _ _ _ _ _ _ _ _ _ _ _ _ _ _ _ _ _ _

self = <sqlalchemy.dialects.sqlite.pysqlite.SQLiteDialect_pysqlite object at 0x00000217FB302E10>
cursor = <sqlite3.Cursor object at 0x00000217FE2503C0>
statement = 'INSERT INTO farms (user_id, name, location, latitude, longitude, area_mu, description, created_at, updated_at) VALUES (?, ?, ?, ?, ?, ?, ?, CURRENT_TIMESTAMP, CURRENT_TIMESTAMP) RETURNING id, created_at, updated_at'
parameters = (1, '农场0农场0农场0农场0农场0农场0农场0农场0农场0农场0农场0农场0农场0农场0农场0农场0农场0农场0农场0农场0', '测试地点测试地点测试地点测试地点测试地点测试地点测试地点测试地点测试地点测试地点', None, None, 100.0, ...)
context = <sqlalchemy.dialects.sqlite.base.SQLiteExecutionContext object at 0x00000217FDDA6890>

    def do_execute(self, cursor, statement, parameters, context=None):
>       cursor.execute(statement, parameters)
E       sqlite3.IntegrityError: FOREIGN KEY constraint failed

C:\Users\WangJH\AppData\Local\Programs\Python\Python311\Lib\site-packages\sqlalchemy\engine\default.py:922: IntegrityError

The above exception was the direct cause of the following exception:

self = <tests.services.user_context.test_service.TestUserContextService object at 0x00000217FA733C10>
db_session = <sqlalchemy.orm.session.Session object at 0x00000217FAA29DD0>

    def test_context_truncation(self, db_session):
        """超长上下文截断."""
        # 创建大量农场数据
        for i in range(50):
            farm = Farm(user_id=1, name=f"农场{i}" * 20, location="测试地点" * 10, area_mu=100.0)
            db_session.add(farm)
>           db_session.flush()

tests\services\user_context\test_service.py:103: 
_ _ _ _ _ _ _ _ _ _ _ _ _ _ _ _ _ _ _ _ _ _ _ _ _ _ _ _ _ _ _ _ _ _ _ _ _ _ _ _
C:\Users\WangJH\AppData\Local\Programs\Python\Python311\Lib\site-packages\sqlalchemy\orm\session.py:4312: in flush
    self._flush(objects)
C:\Users\WangJH\AppData\Local\Programs\Python\Python311\Lib\site-packages\sqlalchemy\orm\session.py:4447: in _flush
    with util.safe_reraise():
C:\Users\WangJH\AppData\Local\Programs\Python\Python311\Lib\site-packages\sqlalchemy\util\langhelpers.py:146: in __exit__
    raise exc_value.with_traceback(exc_tb)
C:\Users\WangJH\AppData\Local\Programs\Python\Python311\Lib\site-packages\sqlalchemy\orm\session.py:4408: in _flush
    flush_context.execute()
C:\Users\WangJH\AppData\Local\Programs\Python\Python311\Lib\site-packages\sqlalchemy\orm\unitofwork.py:466: in execute
    rec.execute(self)
C:\Users\WangJH\AppData\Local\Programs\Python\Python311\Lib\site-packages\sqlalchemy\orm\unitofwork.py:642: in execute
    util.preloaded.orm_persistence.save_obj(
C:\Users\WangJH\AppData\Local\Programs\Python\Python311\Lib\site-packages\sqlalchemy\orm\persistence.py:93: in save_obj
    _emit_insert_statements(
C:\Users\WangJH\AppData\Local\Programs\Python\Python311\Lib\site-packages\sqlalchemy\orm\persistence.py:1227: in _emit_insert_statements
    result = connection.execute(
C:\Users\WangJH\AppData\Local\Programs\Python\Python311\Lib\site-packages\sqlalchemy\engine\base.py:1416: in execute
    return meth(
C:\Users\WangJH\AppData\Local\Programs\Python\Python311\Lib\site-packages\sqlalchemy\sql\elements.py:517: in _execute_on_connection
    return connection._execute_clauseelement(
C:\Users\WangJH\AppData\Local\Programs\Python\Python311\Lib\site-packages\sqlalchemy\engine\base.py:1639: in _execute_clauseelement
    ret = self._execute_context(
C:\Users\WangJH\AppData\Local\Programs\Python\Python311\Lib\site-packages\sqlalchemy\engine\base.py:1848: in _execute_context
    return self._exec_single_context(
C:\Users\WangJH\AppData\Local\Programs\Python\Python311\Lib\site-packages\sqlalchemy\engine\base.py:1988: in _exec_single_context
    self._handle_dbapi_exception(
C:\Users\WangJH\AppData\Local\Programs\Python\Python311\Lib\site-packages\sqlalchemy\engine\base.py:2344: in _handle_dbapi_exception
    raise sqlalchemy_exception.with_traceback(exc_info[2]) from e
C:\Users\WangJH\AppData\Local\Programs\Python\Python311\Lib\site-packages\sqlalchemy\engine\base.py:1969: in _exec_single_context
    self.dialect.do_execute(
_ _ _ _ _ _ _ _ _ _ _ _ _ _ _ _ _ _ _ _ _ _ _ _ _ _ _ _ _ _ _ _ _ _ _ _ _ _ _ _

self = <sqlalchemy.dialects.sqlite.pysqlite.SQLiteDialect_pysqlite object at 0x00000217FB302E10>
cursor = <sqlite3.Cursor object at 0x00000217FE2503C0>
statement = 'INSERT INTO farms (user_id, name, location, latitude, longitude, area_mu, description, created_at, updated_at) VALUES (?, ?, ?, ?, ?, ?, ?, CURRENT_TIMESTAMP, CURRENT_TIMESTAMP) RETURNING id, created_at, updated_at'
parameters = (1, '农场0农场0农场0农场0农场0农场0农场0农场0农场0农场0农场0农场0农场0农场0农场0农场0农场0农场0农场0农场0', '测试地点测试地点测试地点测试地点测试地点测试地点测试地点测试地点测试地点测试地点', None, None, 100.0, ...)
context = <sqlalchemy.dialects.sqlite.base.SQLiteExecutionContext object at 0x00000217FDDA6890>

    def do_execute(self, cursor, statement, parameters, context=None):
>       cursor.execute(statement, parameters)
E       sqlalchemy.exc.IntegrityError: (sqlite3.IntegrityError) FOREIGN KEY constraint failed
E       [SQL: INSERT INTO farms (user_id, name, location, latitude, longitude, area_mu, description, created_at, updated_at) VALUES (?, ?, ?, ?, ?, ?, ?, CURRENT_TIMESTAMP, CURRENT_TIMESTAMP) RETURNING id, created_at, updated_at]
E       [parameters: (1, '农场0农场0农场0农场0农场0农场0农场0农场0农场0农场0农场0农场0农场0农场0农场0农场0农场0农场0农场0农场0', '测试地点测试地点测试地点测试地点测试地点测试地点测试地点测试地点测试地点测试地点', None, None, 100.0, '')]
E       (Background on this error at: https://sqlalche.me/e/20/gkpj)

C:\Users\WangJH\AppData\Local\Programs\Python\Python311\Lib\site-packages\sqlalchemy\engine\default.py:922: IntegrityError
________________ TestGetUserContext.test_convenience_function _________________

self = <sqlalchemy.engine.base.Connection object at 0x00000217FCE8F410>
dialect = <sqlalchemy.dialects.sqlite.pysqlite.SQLiteDialect_pysqlite object at 0x00000217FA7D5250>
context = <sqlalchemy.dialects.sqlite.base.SQLiteExecutionContext object at 0x00000217FCE8EF50>
statement = <sqlalchemy.dialects.sqlite.base.SQLiteCompiler object at 0x00000217FCE8F110>
parameters = [(1, '阳光农场', '山东寿光', None, None, 50.0, ...)]

    def _exec_single_context(
        self,
        dialect: Dialect,
        context: ExecutionContext,
        statement: Union[str, Compiled],
        parameters: Optional[_AnyMultiExecuteParams],
    ) -> CursorResult[Any]:
        """continue the _execute_context() method for a single DBAPI
        cursor.execute() or cursor.executemany() call.
    
        """
        if dialect.bind_typing is BindTyping.SETINPUTSIZES:
            generic_setinputsizes = context._prepare_set_input_sizes()
    
            if generic_setinputsizes:
                try:
                    dialect.do_set_input_sizes(
                        context.cursor, generic_setinputsizes, context
                    )
                except BaseException as e:
                    self._handle_dbapi_exception(
                        e, str(statement), parameters, None, context
                    )
    
        cursor, str_statement, parameters = (
            context.cursor,
            context.statement,
            context.parameters,
        )
    
        effective_parameters: Optional[_AnyExecuteParams]
    
        if not context.executemany:
            effective_parameters = parameters[0]
        else:
            effective_parameters = parameters
    
        if self._has_events or self.engine._has_events:
            for fn in self.dispatch.before_cursor_execute:
                str_statement, effective_parameters = fn(
                    self,
                    cursor,
                    str_statement,
                    effective_parameters,
                    context,
                    context.executemany,
                )
    
        if self._echo:
            self._log_info(str_statement)
    
            stats = context._get_cache_stats()
    
            if not self.engine.hide_parameters:
                self._log_info(
                    "[%s] %r",
                    stats,
                    sql_util._repr_params(
                        effective_parameters,
                        batches=10,
                        ismulti=context.executemany,
                    ),
                )
            else:
                self._log_info(
                    "[%s] [SQL parameters hidden due to hide_parameters=True]",
                    stats,
                )
    
        evt_handled: bool = False
        try:
            if context.execute_style is ExecuteStyle.EXECUTEMANY:
                effective_parameters = cast(
                    "_CoreMultiExecuteParams", effective_parameters
                )
                if self.dialect._has_events:
                    for fn in self.dialect.dispatch.do_executemany:
                        if fn(
                            cursor,
                            str_statement,
                            effective_parameters,
                            context,
                        ):
                            evt_handled = True
                            break
                if not evt_handled:
                    self.dialect.do_executemany(
                        cursor,
                        str_statement,
                        effective_parameters,
                        context,
                    )
            elif not effective_parameters and context.no_parameters:
                if self.dialect._has_events:
                    for fn in self.dialect.dispatch.do_execute_no_params:
                        if fn(cursor, str_statement, context):
                            evt_handled = True
                            break
                if not evt_handled:
                    self.dialect.do_execute_no_params(
                        cursor, str_statement, context
                    )
            else:
                effective_parameters = cast(
                    "_CoreSingleExecuteParams", effective_parameters
                )
                if self.dialect._has_events:
                    for fn in self.dialect.dispatch.do_execute:
                        if fn(
                            cursor,
                            str_statement,
                            effective_parameters,
                            context,
                        ):
                            evt_handled = True
                            break
                if not evt_handled:
>                   self.dialect.do_execute(
                        cursor, str_statement, effective_parameters, context
                    )

C:\Users\WangJH\AppData\Local\Programs\Python\Python311\Lib\site-packages\sqlalchemy\engine\base.py:1969: 
_ _ _ _ _ _ _ _ _ _ _ _ _ _ _ _ _ _ _ _ _ _ _ _ _ _ _ _ _ _ _ _ _ _ _ _ _ _ _ _

self = <sqlalchemy.dialects.sqlite.pysqlite.SQLiteDialect_pysqlite object at 0x00000217FA7D5250>
cursor = <sqlite3.Cursor object at 0x00000217FD402640>
statement = 'INSERT INTO farms (user_id, name, location, latitude, longitude, area_mu, description, created_at, updated_at) VALUES (?, ?, ?, ?, ?, ?, ?, CURRENT_TIMESTAMP, CURRENT_TIMESTAMP) RETURNING id, created_at, updated_at'
parameters = (1, '阳光农场', '山东寿光', None, None, 50.0, ...)
context = <sqlalchemy.dialects.sqlite.base.SQLiteExecutionContext object at 0x00000217FCE8EF50>

    def do_execute(self, cursor, statement, parameters, context=None):
>       cursor.execute(statement, parameters)
E       sqlite3.IntegrityError: FOREIGN KEY constraint failed

C:\Users\WangJH\AppData\Local\Programs\Python\Python311\Lib\site-packages\sqlalchemy\engine\default.py:922: IntegrityError

The above exception was the direct cause of the following exception:

self = <tests.services.user_context.test_service.TestGetUserContext object at 0x00000217FA73C4D0>
db_session = <sqlalchemy.orm.session.Session object at 0x00000217FAE21B10>

    def test_convenience_function(self, db_session):
>       _setup_full_data(db_session)

tests\services\user_context\test_service.py:121: 
_ _ _ _ _ _ _ _ _ _ _ _ _ _ _ _ _ _ _ _ _ _ _ _ _ _ _ _ _ _ _ _ _ _ _ _ _ _ _ _
tests\services\user_context\test_service.py:32: in _setup_full_data
    db_session.flush()
C:\Users\WangJH\AppData\Local\Programs\Python\Python311\Lib\site-packages\sqlalchemy\orm\session.py:4312: in flush
    self._flush(objects)
C:\Users\WangJH\AppData\Local\Programs\Python\Python311\Lib\site-packages\sqlalchemy\orm\session.py:4447: in _flush
    with util.safe_reraise():
C:\Users\WangJH\AppData\Local\Programs\Python\Python311\Lib\site-packages\sqlalchemy\util\langhelpers.py:146: in __exit__
    raise exc_value.with_traceback(exc_tb)
C:\Users\WangJH\AppData\Local\Programs\Python\Python311\Lib\site-packages\sqlalchemy\orm\session.py:4408: in _flush
    flush_context.execute()
C:\Users\WangJH\AppData\Local\Programs\Python\Python311\Lib\site-packages\sqlalchemy\orm\unitofwork.py:466: in execute
    rec.execute(self)
C:\Users\WangJH\AppData\Local\Programs\Python\Python311\Lib\site-packages\sqlalchemy\orm\unitofwork.py:642: in execute
    util.preloaded.orm_persistence.save_obj(
C:\Users\WangJH\AppData\Local\Programs\Python\Python311\Lib\site-packages\sqlalchemy\orm\persistence.py:93: in save_obj
    _emit_insert_statements(
C:\Users\WangJH\AppData\Local\Programs\Python\Python311\Lib\site-packages\sqlalchemy\orm\persistence.py:1227: in _emit_insert_statements
    result = connection.execute(
C:\Users\WangJH\AppData\Local\Programs\Python\Python311\Lib\site-packages\sqlalchemy\engine\base.py:1416: in execute
    return meth(
C:\Users\WangJH\AppData\Local\Programs\Python\Python311\Lib\site-packages\sqlalchemy\sql\elements.py:517: in _execute_on_connection
    return connection._execute_clauseelement(
C:\Users\WangJH\AppData\Local\Programs\Python\Python311\Lib\site-packages\sqlalchemy\engine\base.py:1639: in _execute_clauseelement
    ret = self._execute_context(
C:\Users\WangJH\AppData\Local\Programs\Python\Python311\Lib\site-packages\sqlalchemy\engine\base.py:1848: in _execute_context
    return self._exec_single_context(
C:\Users\WangJH\AppData\Local\Programs\Python\Python311\Lib\site-packages\sqlalchemy\engine\base.py:1988: in _exec_single_context
    self._handle_dbapi_exception(
C:\Users\WangJH\AppData\Local\Programs\Python\Python311\Lib\site-packages\sqlalchemy\engine\base.py:2344: in _handle_dbapi_exception
    raise sqlalchemy_exception.with_traceback(exc_info[2]) from e
C:\Users\WangJH\AppData\Local\Programs\Python\Python311\Lib\site-packages\sqlalchemy\engine\base.py:1969: in _exec_single_context
    self.dialect.do_execute(
_ _ _ _ _ _ _ _ _ _ _ _ _ _ _ _ _ _ _ _ _ _ _ _ _ _ _ _ _ _ _ _ _ _ _ _ _ _ _ _

self = <sqlalchemy.dialects.sqlite.pysqlite.SQLiteDialect_pysqlite object at 0x00000217FA7D5250>
cursor = <sqlite3.Cursor object at 0x00000217FD402640>
statement = 'INSERT INTO farms (user_id, name, location, latitude, longitude, area_mu, description, created_at, updated_at) VALUES (?, ?, ?, ?, ?, ?, ?, CURRENT_TIMESTAMP, CURRENT_TIMESTAMP) RETURNING id, created_at, updated_at'
parameters = (1, '阳光农场', '山东寿光', None, None, 50.0, ...)
context = <sqlalchemy.dialects.sqlite.base.SQLiteExecutionContext object at 0x00000217FCE8EF50>

    def do_execute(self, cursor, statement, parameters, context=None):
>       cursor.execute(statement, parameters)
E       sqlalchemy.exc.IntegrityError: (sqlite3.IntegrityError) FOREIGN KEY constraint failed
E       [SQL: INSERT INTO farms (user_id, name, location, latitude, longitude, area_mu, description, created_at, updated_at) VALUES (?, ?, ?, ?, ?, ?, ?, CURRENT_TIMESTAMP, CURRENT_TIMESTAMP) RETURNING id, created_at, updated_at]
E       [parameters: (1, '阳光农场', '山东寿光', None, None, 50.0, '')]
E       (Background on this error at: https://sqlalche.me/e/20/gkpj)

C:\Users\WangJH\AppData\Local\Programs\Python\Python311\Lib\site-packages\sqlalchemy\engine\default.py:922: IntegrityError
______________ TestBuildTrajectoryContext.test_basic_trajectory _______________

self = <sqlalchemy.engine.base.Connection object at 0x00000217FDA4AF50>
dialect = <sqlalchemy.dialects.sqlite.pysqlite.SQLiteDialect_pysqlite object at 0x00000217FB21B010>
context = <sqlalchemy.dialects.sqlite.base.SQLiteExecutionContext object at 0x00000217FDA4BD50>
statement = <sqlalchemy.dialects.sqlite.base.SQLiteCompiler object at 0x00000217FDA49C10>
parameters = [(1, '测试农场', '', None, None, 50.0, ...)]

    def _exec_single_context(
        self,
        dialect: Dialect,
        context: ExecutionContext,
        statement: Union[str, Compiled],
        parameters: Optional[_AnyMultiExecuteParams],
    ) -> CursorResult[Any]:
        """continue the _execute_context() method for a single DBAPI
        cursor.execute() or cursor.executemany() call.
    
        """
        if dialect.bind_typing is BindTyping.SETINPUTSIZES:
            generic_setinputsizes = context._prepare_set_input_sizes()
    
            if generic_setinputsizes:
                try:
                    dialect.do_set_input_sizes(
                        context.cursor, generic_setinputsizes, context
                    )
                except BaseException as e:
                    self._handle_dbapi_exception(
                        e, str(statement), parameters, None, context
                    )
    
        cursor, str_statement, parameters = (
            context.cursor,
            context.statement,
            context.parameters,
        )
    
        effective_parameters: Optional[_AnyExecuteParams]
    
        if not context.executemany:
            effective_parameters = parameters[0]
        else:
            effective_parameters = parameters
    
        if self._has_events or self.engine._has_events:
            for fn in self.dispatch.before_cursor_execute:
                str_statement, effective_parameters = fn(
                    self,
                    cursor,
                    str_statement,
                    effective_parameters,
                    context,
                    context.executemany,
                )
    
        if self._echo:
            self._log_info(str_statement)
    
            stats = context._get_cache_stats()
    
            if not self.engine.hide_parameters:
                self._log_info(
                    "[%s] %r",
                    stats,
                    sql_util._repr_params(
                        effective_parameters,
                        batches=10,
                        ismulti=context.executemany,
                    ),
                )
            else:
                self._log_info(
                    "[%s] [SQL parameters hidden due to hide_parameters=True]",
                    stats,
                )
    
        evt_handled: bool = False
        try:
            if context.execute_style is ExecuteStyle.EXECUTEMANY:
                effective_parameters = cast(
                    "_CoreMultiExecuteParams", effective_parameters
                )
                if self.dialect._has_events:
                    for fn in self.dialect.dispatch.do_executemany:
                        if fn(
                            cursor,
                            str_statement,
                            effective_parameters,
                            context,
                        ):
                            evt_handled = True
                            break
                if not evt_handled:
                    self.dialect.do_executemany(
                        cursor,
                        str_statement,
                        effective_parameters,
                        context,
                    )
            elif not effective_parameters and context.no_parameters:
                if self.dialect._has_events:
                    for fn in self.dialect.dispatch.do_execute_no_params:
                        if fn(cursor, str_statement, context):
                            evt_handled = True
                            break
                if not evt_handled:
                    self.dialect.do_execute_no_params(
                        cursor, str_statement, context
                    )
            else:
                effective_parameters = cast(
                    "_CoreSingleExecuteParams", effective_parameters
                )
                if self.dialect._has_events:
                    for fn in self.dialect.dispatch.do_execute:
                        if fn(
                            cursor,
                            str_statement,
                            effective_parameters,
                            context,
                        ):
                            evt_handled = True
                            break
                if not evt_handled:
>                   self.dialect.do_execute(
                        cursor, str_statement, effective_parameters, context
                    )

C:\Users\WangJH\AppData\Local\Programs\Python\Python311\Lib\site-packages\sqlalchemy\engine\base.py:1969: 
_ _ _ _ _ _ _ _ _ _ _ _ _ _ _ _ _ _ _ _ _ _ _ _ _ _ _ _ _ _ _ _ _ _ _ _ _ _ _ _

self = <sqlalchemy.dialects.sqlite.pysqlite.SQLiteDialect_pysqlite object at 0x00000217FB21B010>
cursor = <sqlite3.Cursor object at 0x00000217FB0BA5C0>
statement = 'INSERT INTO farms (user_id, name, location, latitude, longitude, area_mu, description, created_at, updated_at) VALUES (?, ?, ?, ?, ?, ?, ?, CURRENT_TIMESTAMP, CURRENT_TIMESTAMP) RETURNING id, created_at, updated_at'
parameters = (1, '测试农场', '', None, None, 50.0, ...)
context = <sqlalchemy.dialects.sqlite.base.SQLiteExecutionContext object at 0x00000217FDA4BD50>

    def do_execute(self, cursor, statement, parameters, context=None):
>       cursor.execute(statement, parameters)
E       sqlite3.IntegrityError: FOREIGN KEY constraint failed

C:\Users\WangJH\AppData\Local\Programs\Python\Python311\Lib\site-packages\sqlalchemy\engine\default.py:922: IntegrityError

The above exception was the direct cause of the following exception:

self = <tests.services.user_context.test_trajectory_context.TestBuildTrajectoryContext object at 0x00000217FA73E510>
db_session = <sqlalchemy.orm.session.Session object at 0x00000217FAC08850>

    def test_basic_trajectory(self, db_session):
>       _create_test_data(db_session)

tests\services\user_context\test_trajectory_context.py:64: 
_ _ _ _ _ _ _ _ _ _ _ _ _ _ _ _ _ _ _ _ _ _ _ _ _ _ _ _ _ _ _ _ _ _ _ _ _ _ _ _
tests\services\user_context\test_trajectory_context.py:30: in _create_test_data
    db_session.flush()
C:\Users\WangJH\AppData\Local\Programs\Python\Python311\Lib\site-packages\sqlalchemy\orm\session.py:4312: in flush
    self._flush(objects)
C:\Users\WangJH\AppData\Local\Programs\Python\Python311\Lib\site-packages\sqlalchemy\orm\session.py:4447: in _flush
    with util.safe_reraise():
C:\Users\WangJH\AppData\Local\Programs\Python\Python311\Lib\site-packages\sqlalchemy\util\langhelpers.py:146: in __exit__
    raise exc_value.with_traceback(exc_tb)
C:\Users\WangJH\AppData\Local\Programs\Python\Python311\Lib\site-packages\sqlalchemy\orm\session.py:4408: in _flush
    flush_context.execute()
C:\Users\WangJH\AppData\Local\Programs\Python\Python311\Lib\site-packages\sqlalchemy\orm\unitofwork.py:466: in execute
    rec.execute(self)
C:\Users\WangJH\AppData\Local\Programs\Python\Python311\Lib\site-packages\sqlalchemy\orm\unitofwork.py:642: in execute
    util.preloaded.orm_persistence.save_obj(
C:\Users\WangJH\AppData\Local\Programs\Python\Python311\Lib\site-packages\sqlalchemy\orm\persistence.py:93: in save_obj
    _emit_insert_statements(
C:\Users\WangJH\AppData\Local\Programs\Python\Python311\Lib\site-packages\sqlalchemy\orm\persistence.py:1227: in _emit_insert_statements
    result = connection.execute(
C:\Users\WangJH\AppData\Local\Programs\Python\Python311\Lib\site-packages\sqlalchemy\engine\base.py:1416: in execute
    return meth(
C:\Users\WangJH\AppData\Local\Programs\Python\Python311\Lib\site-packages\sqlalchemy\sql\elements.py:517: in _execute_on_connection
    return connection._execute_clauseelement(
C:\Users\WangJH\AppData\Local\Programs\Python\Python311\Lib\site-packages\sqlalchemy\engine\base.py:1639: in _execute_clauseelement
    ret = self._execute_context(
C:\Users\WangJH\AppData\Local\Programs\Python\Python311\Lib\site-packages\sqlalchemy\engine\base.py:1848: in _execute_context
    return self._exec_single_context(
C:\Users\WangJH\AppData\Local\Programs\Python\Python311\Lib\site-packages\sqlalchemy\engine\base.py:1988: in _exec_single_context
    self._handle_dbapi_exception(
C:\Users\WangJH\AppData\Local\Programs\Python\Python311\Lib\site-packages\sqlalchemy\engine\base.py:2344: in _handle_dbapi_exception
    raise sqlalchemy_exception.with_traceback(exc_info[2]) from e
C:\Users\WangJH\AppData\Local\Programs\Python\Python311\Lib\site-packages\sqlalchemy\engine\base.py:1969: in _exec_single_context
    self.dialect.do_execute(
_ _ _ _ _ _ _ _ _ _ _ _ _ _ _ _ _ _ _ _ _ _ _ _ _ _ _ _ _ _ _ _ _ _ _ _ _ _ _ _

self = <sqlalchemy.dialects.sqlite.pysqlite.SQLiteDialect_pysqlite object at 0x00000217FB21B010>
cursor = <sqlite3.Cursor object at 0x00000217FB0BA5C0>
statement = 'INSERT INTO farms (user_id, name, location, latitude, longitude, area_mu, description, created_at, updated_at) VALUES (?, ?, ?, ?, ?, ?, ?, CURRENT_TIMESTAMP, CURRENT_TIMESTAMP) RETURNING id, created_at, updated_at'
parameters = (1, '测试农场', '', None, None, 50.0, ...)
context = <sqlalchemy.dialects.sqlite.base.SQLiteExecutionContext object at 0x00000217FDA4BD50>

    def do_execute(self, cursor, statement, parameters, context=None):
>       cursor.execute(statement, parameters)
E       sqlalchemy.exc.IntegrityError: (sqlite3.IntegrityError) FOREIGN KEY constraint failed
E       [SQL: INSERT INTO farms (user_id, name, location, latitude, longitude, area_mu, description, created_at, updated_at) VALUES (?, ?, ?, ?, ?, ?, ?, CURRENT_TIMESTAMP, CURRENT_TIMESTAMP) RETURNING id, created_at, updated_at]
E       [parameters: (1, '测试农场', '', None, None, 50.0, '')]
E       (Background on this error at: https://sqlalche.me/e/20/gkpj)

C:\Users\WangJH\AppData\Local\Programs\Python\Python311\Lib\site-packages\sqlalchemy\engine\default.py:922: IntegrityError
______________ TestBuildTrajectoryContext.test_time_range_recent ______________

self = <sqlalchemy.engine.base.Connection object at 0x00000217FDD8A510>
dialect = <sqlalchemy.dialects.sqlite.pysqlite.SQLiteDialect_pysqlite object at 0x00000217FA7D5FD0>
context = <sqlalchemy.dialects.sqlite.base.SQLiteExecutionContext object at 0x00000217FDD8B490>
statement = <sqlalchemy.dialects.sqlite.base.SQLiteCompiler object at 0x00000217FDD8AA10>
parameters = [(1, '测试农场', '', None, None, 50.0, ...)]

    def _exec_single_context(
        self,
        dialect: Dialect,
        context: ExecutionContext,
        statement: Union[str, Compiled],
        parameters: Optional[_AnyMultiExecuteParams],
    ) -> CursorResult[Any]:
        """continue the _execute_context() method for a single DBAPI
        cursor.execute() or cursor.executemany() call.
    
        """
        if dialect.bind_typing is BindTyping.SETINPUTSIZES:
            generic_setinputsizes = context._prepare_set_input_sizes()
    
            if generic_setinputsizes:
                try:
                    dialect.do_set_input_sizes(
                        context.cursor, generic_setinputsizes, context
                    )
                except BaseException as e:
                    self._handle_dbapi_exception(
                        e, str(statement), parameters, None, context
                    )
    
        cursor, str_statement, parameters = (
            context.cursor,
            context.statement,
            context.parameters,
        )
    
        effective_parameters: Optional[_AnyExecuteParams]
    
        if not context.executemany:
            effective_parameters = parameters[0]
        else:
            effective_parameters = parameters
    
        if self._has_events or self.engine._has_events:
            for fn in self.dispatch.before_cursor_execute:
                str_statement, effective_parameters = fn(
                    self,
                    cursor,
                    str_statement,
                    effective_parameters,
                    context,
                    context.executemany,
                )
    
        if self._echo:
            self._log_info(str_statement)
    
            stats = context._get_cache_stats()
    
            if not self.engine.hide_parameters:
                self._log_info(
                    "[%s] %r",
                    stats,
                    sql_util._repr_params(
                        effective_parameters,
                        batches=10,
                        ismulti=context.executemany,
                    ),
                )
            else:
                self._log_info(
                    "[%s] [SQL parameters hidden due to hide_parameters=True]",
                    stats,
                )
    
        evt_handled: bool = False
        try:
            if context.execute_style is ExecuteStyle.EXECUTEMANY:
                effective_parameters = cast(
                    "_CoreMultiExecuteParams", effective_parameters
                )
                if self.dialect._has_events:
                    for fn in self.dialect.dispatch.do_executemany:
                        if fn(
                            cursor,
                            str_statement,
                            effective_parameters,
                            context,
                        ):
                            evt_handled = True
                            break
                if not evt_handled:
                    self.dialect.do_executemany(
                        cursor,
                        str_statement,
                        effective_parameters,
                        context,
                    )
            elif not effective_parameters and context.no_parameters:
                if self.dialect._has_events:
                    for fn in self.dialect.dispatch.do_execute_no_params:
                        if fn(cursor, str_statement, context):
                            evt_handled = True
                            break
                if not evt_handled:
                    self.dialect.do_execute_no_params(
                        cursor, str_statement, context
                    )
            else:
                effective_parameters = cast(
                    "_CoreSingleExecuteParams", effective_parameters
                )
                if self.dialect._has_events:
                    for fn in self.dialect.dispatch.do_execute:
                        if fn(
                            cursor,
                            str_statement,
                            effective_parameters,
                            context,
                        ):
                            evt_handled = True
                            break
                if not evt_handled:
>                   self.dialect.do_execute(
                        cursor, str_statement, effective_parameters, context
                    )

C:\Users\WangJH\AppData\Local\Programs\Python\Python311\Lib\site-packages\sqlalchemy\engine\base.py:1969: 
_ _ _ _ _ _ _ _ _ _ _ _ _ _ _ _ _ _ _ _ _ _ _ _ _ _ _ _ _ _ _ _ _ _ _ _ _ _ _ _

self = <sqlalchemy.dialects.sqlite.pysqlite.SQLiteDialect_pysqlite object at 0x00000217FA7D5FD0>
cursor = <sqlite3.Cursor object at 0x00000217FD402240>
statement = 'INSERT INTO farms (user_id, name, location, latitude, longitude, area_mu, description, created_at, updated_at) VALUES (?, ?, ?, ?, ?, ?, ?, CURRENT_TIMESTAMP, CURRENT_TIMESTAMP) RETURNING id, created_at, updated_at'
parameters = (1, '测试农场', '', None, None, 50.0, ...)
context = <sqlalchemy.dialects.sqlite.base.SQLiteExecutionContext object at 0x00000217FDD8B490>

    def do_execute(self, cursor, statement, parameters, context=None):
>       cursor.execute(statement, parameters)
E       sqlite3.IntegrityError: FOREIGN KEY constraint failed

C:\Users\WangJH\AppData\Local\Programs\Python\Python311\Lib\site-packages\sqlalchemy\engine\default.py:922: IntegrityError

The above exception was the direct cause of the following exception:

self = <tests.services.user_context.test_trajectory_context.TestBuildTrajectoryContext object at 0x00000217FA73EB90>
db_session = <sqlalchemy.orm.session.Session object at 0x00000217FCEEBF50>

    def test_time_range_recent(self, db_session):
        """测试最近7天过滤."""
>       _create_test_data(db_session, days_ago=1)

tests\services\user_context\test_trajectory_context.py:79: 
_ _ _ _ _ _ _ _ _ _ _ _ _ _ _ _ _ _ _ _ _ _ _ _ _ _ _ _ _ _ _ _ _ _ _ _ _ _ _ _
tests\services\user_context\test_trajectory_context.py:30: in _create_test_data
    db_session.flush()
C:\Users\WangJH\AppData\Local\Programs\Python\Python311\Lib\site-packages\sqlalchemy\orm\session.py:4312: in flush
    self._flush(objects)
C:\Users\WangJH\AppData\Local\Programs\Python\Python311\Lib\site-packages\sqlalchemy\orm\session.py:4447: in _flush
    with util.safe_reraise():
C:\Users\WangJH\AppData\Local\Programs\Python\Python311\Lib\site-packages\sqlalchemy\util\langhelpers.py:146: in __exit__
    raise exc_value.with_traceback(exc_tb)
C:\Users\WangJH\AppData\Local\Programs\Python\Python311\Lib\site-packages\sqlalchemy\orm\session.py:4408: in _flush
    flush_context.execute()
C:\Users\WangJH\AppData\Local\Programs\Python\Python311\Lib\site-packages\sqlalchemy\orm\unitofwork.py:466: in execute
    rec.execute(self)
C:\Users\WangJH\AppData\Local\Programs\Python\Python311\Lib\site-packages\sqlalchemy\orm\unitofwork.py:642: in execute
    util.preloaded.orm_persistence.save_obj(
C:\Users\WangJH\AppData\Local\Programs\Python\Python311\Lib\site-packages\sqlalchemy\orm\persistence.py:93: in save_obj
    _emit_insert_statements(
C:\Users\WangJH\AppData\Local\Programs\Python\Python311\Lib\site-packages\sqlalchemy\orm\persistence.py:1227: in _emit_insert_statements
    result = connection.execute(
C:\Users\WangJH\AppData\Local\Programs\Python\Python311\Lib\site-packages\sqlalchemy\engine\base.py:1416: in execute
    return meth(
C:\Users\WangJH\AppData\Local\Programs\Python\Python311\Lib\site-packages\sqlalchemy\sql\elements.py:517: in _execute_on_connection
    return connection._execute_clauseelement(
C:\Users\WangJH\AppData\Local\Programs\Python\Python311\Lib\site-packages\sqlalchemy\engine\base.py:1639: in _execute_clauseelement
    ret = self._execute_context(
C:\Users\WangJH\AppData\Local\Programs\Python\Python311\Lib\site-packages\sqlalchemy\engine\base.py:1848: in _execute_context
    return self._exec_single_context(
C:\Users\WangJH\AppData\Local\Programs\Python\Python311\Lib\site-packages\sqlalchemy\engine\base.py:1988: in _exec_single_context
    self._handle_dbapi_exception(
C:\Users\WangJH\AppData\Local\Programs\Python\Python311\Lib\site-packages\sqlalchemy\engine\base.py:2344: in _handle_dbapi_exception
    raise sqlalchemy_exception.with_traceback(exc_info[2]) from e
C:\Users\WangJH\AppData\Local\Programs\Python\Python311\Lib\site-packages\sqlalchemy\engine\base.py:1969: in _exec_single_context
    self.dialect.do_execute(
_ _ _ _ _ _ _ _ _ _ _ _ _ _ _ _ _ _ _ _ _ _ _ _ _ _ _ _ _ _ _ _ _ _ _ _ _ _ _ _

self = <sqlalchemy.dialects.sqlite.pysqlite.SQLiteDialect_pysqlite object at 0x00000217FA7D5FD0>
cursor = <sqlite3.Cursor object at 0x00000217FD402240>
statement = 'INSERT INTO farms (user_id, name, location, latitude, longitude, area_mu, description, created_at, updated_at) VALUES (?, ?, ?, ?, ?, ?, ?, CURRENT_TIMESTAMP, CURRENT_TIMESTAMP) RETURNING id, created_at, updated_at'
parameters = (1, '测试农场', '', None, None, 50.0, ...)
context = <sqlalchemy.dialects.sqlite.base.SQLiteExecutionContext object at 0x00000217FDD8B490>

    def do_execute(self, cursor, statement, parameters, context=None):
>       cursor.execute(statement, parameters)
E       sqlalchemy.exc.IntegrityError: (sqlite3.IntegrityError) FOREIGN KEY constraint failed
E       [SQL: INSERT INTO farms (user_id, name, location, latitude, longitude, area_mu, description, created_at, updated_at) VALUES (?, ?, ?, ?, ?, ?, ?, CURRENT_TIMESTAMP, CURRENT_TIMESTAMP) RETURNING id, created_at, updated_at]
E       [parameters: (1, '测试农场', '', None, None, 50.0, '')]
E       (Background on this error at: https://sqlalche.me/e/20/gkpj)

C:\Users\WangJH\AppData\Local\Programs\Python\Python311\Lib\site-packages\sqlalchemy\engine\default.py:922: IntegrityError
_______________ TestBuildTrajectoryContext.test_user_isolation ________________

self = <sqlalchemy.engine.base.Connection object at 0x00000217FE061790>
dialect = <sqlalchemy.dialects.sqlite.pysqlite.SQLiteDialect_pysqlite object at 0x00000217FBA9A890>
context = <sqlalchemy.dialects.sqlite.base.SQLiteExecutionContext object at 0x00000217FE061D10>
statement = <sqlalchemy.dialects.sqlite.base.SQLiteCompiler object at 0x00000217FDD59D10>
parameters = [(1, '测试农场', '', None, None, 50.0, ...)]

    def _exec_single_context(
        self,
        dialect: Dialect,
        context: ExecutionContext,
        statement: Union[str, Compiled],
        parameters: Optional[_AnyMultiExecuteParams],
    ) -> CursorResult[Any]:
        """continue the _execute_context() method for a single DBAPI
        cursor.execute() or cursor.executemany() call.
    
        """
        if dialect.bind_typing is BindTyping.SETINPUTSIZES:
            generic_setinputsizes = context._prepare_set_input_sizes()
    
            if generic_setinputsizes:
                try:
                    dialect.do_set_input_sizes(
                        context.cursor, generic_setinputsizes, context
                    )
                except BaseException as e:
                    self._handle_dbapi_exception(
                        e, str(statement), parameters, None, context
                    )
    
        cursor, str_statement, parameters = (
            context.cursor,
            context.statement,
            context.parameters,
        )
    
        effective_parameters: Optional[_AnyExecuteParams]
    
        if not context.executemany:
            effective_parameters = parameters[0]
        else:
            effective_parameters = parameters
    
        if self._has_events or self.engine._has_events:
            for fn in self.dispatch.before_cursor_execute:
                str_statement, effective_parameters = fn(
                    self,
                    cursor,
                    str_statement,
                    effective_parameters,
                    context,
                    context.executemany,
                )
    
        if self._echo:
            self._log_info(str_statement)
    
            stats = context._get_cache_stats()
    
            if not self.engine.hide_parameters:
                self._log_info(
                    "[%s] %r",
                    stats,
                    sql_util._repr_params(
                        effective_parameters,
                        batches=10,
                        ismulti=context.executemany,
                    ),
                )
            else:
                self._log_info(
                    "[%s] [SQL parameters hidden due to hide_parameters=True]",
                    stats,
                )
    
        evt_handled: bool = False
        try:
            if context.execute_style is ExecuteStyle.EXECUTEMANY:
                effective_parameters = cast(
                    "_CoreMultiExecuteParams", effective_parameters
                )
                if self.dialect._has_events:
                    for fn in self.dialect.dispatch.do_executemany:
                        if fn(
                            cursor,
                            str_statement,
                            effective_parameters,
                            context,
                        ):
                            evt_handled = True
                            break
                if not evt_handled:
                    self.dialect.do_executemany(
                        cursor,
                        str_statement,
                        effective_parameters,
                        context,
                    )
            elif not effective_parameters and context.no_parameters:
                if self.dialect._has_events:
                    for fn in self.dialect.dispatch.do_execute_no_params:
                        if fn(cursor, str_statement, context):
                            evt_handled = True
                            break
                if not evt_handled:
                    self.dialect.do_execute_no_params(
                        cursor, str_statement, context
                    )
            else:
                effective_parameters = cast(
                    "_CoreSingleExecuteParams", effective_parameters
                )
                if self.dialect._has_events:
                    for fn in self.dialect.dispatch.do_execute:
                        if fn(
                            cursor,
                            str_statement,
                            effective_parameters,
                            context,
                        ):
                            evt_handled = True
                            break
                if not evt_handled:
>                   self.dialect.do_execute(
                        cursor, str_statement, effective_parameters, context
                    )

C:\Users\WangJH\AppData\Local\Programs\Python\Python311\Lib\site-packages\sqlalchemy\engine\base.py:1969: 
_ _ _ _ _ _ _ _ _ _ _ _ _ _ _ _ _ _ _ _ _ _ _ _ _ _ _ _ _ _ _ _ _ _ _ _ _ _ _ _

self = <sqlalchemy.dialects.sqlite.pysqlite.SQLiteDialect_pysqlite object at 0x00000217FBA9A890>
cursor = <sqlite3.Cursor object at 0x00000217FE486340>
statement = 'INSERT INTO farms (user_id, name, location, latitude, longitude, area_mu, description, created_at, updated_at) VALUES (?, ?, ?, ?, ?, ?, ?, CURRENT_TIMESTAMP, CURRENT_TIMESTAMP) RETURNING id, created_at, updated_at'
parameters = (1, '测试农场', '', None, None, 50.0, ...)
context = <sqlalchemy.dialects.sqlite.base.SQLiteExecutionContext object at 0x00000217FE061D10>

    def do_execute(self, cursor, statement, parameters, context=None):
>       cursor.execute(statement, parameters)
E       sqlite3.IntegrityError: FOREIGN KEY constraint failed

C:\Users\WangJH\AppData\Local\Programs\Python\Python311\Lib\site-packages\sqlalchemy\engine\default.py:922: IntegrityError

The above exception was the direct cause of the following exception:

self = <tests.services.user_context.test_trajectory_context.TestBuildTrajectoryContext object at 0x00000217FA733F90>
db_session = <sqlalchemy.orm.session.Session object at 0x00000217FBA9B890>

    def test_user_isolation(self, db_session):
        """不同用户数据隔离."""
>       _create_test_data(db_session, user_id=1)

tests\services\user_context\test_trajectory_context.py:89: 
_ _ _ _ _ _ _ _ _ _ _ _ _ _ _ _ _ _ _ _ _ _ _ _ _ _ _ _ _ _ _ _ _ _ _ _ _ _ _ _
tests\services\user_context\test_trajectory_context.py:30: in _create_test_data
    db_session.flush()
C:\Users\WangJH\AppData\Local\Programs\Python\Python311\Lib\site-packages\sqlalchemy\orm\session.py:4312: in flush
    self._flush(objects)
C:\Users\WangJH\AppData\Local\Programs\Python\Python311\Lib\site-packages\sqlalchemy\orm\session.py:4447: in _flush
    with util.safe_reraise():
C:\Users\WangJH\AppData\Local\Programs\Python\Python311\Lib\site-packages\sqlalchemy\util\langhelpers.py:146: in __exit__
    raise exc_value.with_traceback(exc_tb)
C:\Users\WangJH\AppData\Local\Programs\Python\Python311\Lib\site-packages\sqlalchemy\orm\session.py:4408: in _flush
    flush_context.execute()
C:\Users\WangJH\AppData\Local\Programs\Python\Python311\Lib\site-packages\sqlalchemy\orm\unitofwork.py:466: in execute
    rec.execute(self)
C:\Users\WangJH\AppData\Local\Programs\Python\Python311\Lib\site-packages\sqlalchemy\orm\unitofwork.py:642: in execute
    util.preloaded.orm_persistence.save_obj(
C:\Users\WangJH\AppData\Local\Programs\Python\Python311\Lib\site-packages\sqlalchemy\orm\persistence.py:93: in save_obj
    _emit_insert_statements(
C:\Users\WangJH\AppData\Local\Programs\Python\Python311\Lib\site-packages\sqlalchemy\orm\persistence.py:1227: in _emit_insert_statements
    result = connection.execute(
C:\Users\WangJH\AppData\Local\Programs\Python\Python311\Lib\site-packages\sqlalchemy\engine\base.py:1416: in execute
    return meth(
C:\Users\WangJH\AppData\Local\Programs\Python\Python311\Lib\site-packages\sqlalchemy\sql\elements.py:517: in _execute_on_connection
    return connection._execute_clauseelement(
C:\Users\WangJH\AppData\Local\Programs\Python\Python311\Lib\site-packages\sqlalchemy\engine\base.py:1639: in _execute_clauseelement
    ret = self._execute_context(
C:\Users\WangJH\AppData\Local\Programs\Python\Python311\Lib\site-packages\sqlalchemy\engine\base.py:1848: in _execute_context
    return self._exec_single_context(
C:\Users\WangJH\AppData\Local\Programs\Python\Python311\Lib\site-packages\sqlalchemy\engine\base.py:1988: in _exec_single_context
    self._handle_dbapi_exception(
C:\Users\WangJH\AppData\Local\Programs\Python\Python311\Lib\site-packages\sqlalchemy\engine\base.py:2344: in _handle_dbapi_exception
    raise sqlalchemy_exception.with_traceback(exc_info[2]) from e
C:\Users\WangJH\AppData\Local\Programs\Python\Python311\Lib\site-packages\sqlalchemy\engine\base.py:1969: in _exec_single_context
    self.dialect.do_execute(
_ _ _ _ _ _ _ _ _ _ _ _ _ _ _ _ _ _ _ _ _ _ _ _ _ _ _ _ _ _ _ _ _ _ _ _ _ _ _ _

self = <sqlalchemy.dialects.sqlite.pysqlite.SQLiteDialect_pysqlite object at 0x00000217FBA9A890>
cursor = <sqlite3.Cursor object at 0x00000217FE486340>
statement = 'INSERT INTO farms (user_id, name, location, latitude, longitude, area_mu, description, created_at, updated_at) VALUES (?, ?, ?, ?, ?, ?, ?, CURRENT_TIMESTAMP, CURRENT_TIMESTAMP) RETURNING id, created_at, updated_at'
parameters = (1, '测试农场', '', None, None, 50.0, ...)
context = <sqlalchemy.dialects.sqlite.base.SQLiteExecutionContext object at 0x00000217FE061D10>

    def do_execute(self, cursor, statement, parameters, context=None):
>       cursor.execute(statement, parameters)
E       sqlalchemy.exc.IntegrityError: (sqlite3.IntegrityError) FOREIGN KEY constraint failed
E       [SQL: INSERT INTO farms (user_id, name, location, latitude, longitude, area_mu, description, created_at, updated_at) VALUES (?, ?, ?, ?, ?, ?, ?, CURRENT_TIMESTAMP, CURRENT_TIMESTAMP) RETURNING id, created_at, updated_at]
E       [parameters: (1, '测试农场', '', None, None, 50.0, '')]
E       (Background on this error at: https://sqlalche.me/e/20/gkpj)

C:\Users\WangJH\AppData\Local\Programs\Python\Python311\Lib\site-packages\sqlalchemy\engine\default.py:922: IntegrityError
____________ TestBuildTrajectoryContext.test_multiple_trajectories ____________

self = <sqlalchemy.engine.base.Connection object at 0x00000217FDB20710>
dialect = <sqlalchemy.dialects.sqlite.pysqlite.SQLiteDialect_pysqlite object at 0x00000217FA7E9150>
context = <sqlalchemy.dialects.sqlite.base.SQLiteExecutionContext object at 0x00000217FAB6CC90>
statement = <sqlalchemy.dialects.sqlite.base.SQLiteCompiler object at 0x00000217FDB20F90>
parameters = [(1, '测试农场', '', None, None, 50.0, ...)]

    def _exec_single_context(
        self,
        dialect: Dialect,
        context: ExecutionContext,
        statement: Union[str, Compiled],
        parameters: Optional[_AnyMultiExecuteParams],
    ) -> CursorResult[Any]:
        """continue the _execute_context() method for a single DBAPI
        cursor.execute() or cursor.executemany() call.
    
        """
        if dialect.bind_typing is BindTyping.SETINPUTSIZES:
            generic_setinputsizes = context._prepare_set_input_sizes()
    
            if generic_setinputsizes:
                try:
                    dialect.do_set_input_sizes(
                        context.cursor, generic_setinputsizes, context
                    )
                except BaseException as e:
                    self._handle_dbapi_exception(
                        e, str(statement), parameters, None, context
                    )
    
        cursor, str_statement, parameters = (
            context.cursor,
            context.statement,
            context.parameters,
        )
    
        effective_parameters: Optional[_AnyExecuteParams]
    
        if not context.executemany:
            effective_parameters = parameters[0]
        else:
            effective_parameters = parameters
    
        if self._has_events or self.engine._has_events:
            for fn in self.dispatch.before_cursor_execute:
                str_statement, effective_parameters = fn(
                    self,
                    cursor,
                    str_statement,
                    effective_parameters,
                    context,
                    context.executemany,
                )
    
        if self._echo:
            self._log_info(str_statement)
    
            stats = context._get_cache_stats()
    
            if not self.engine.hide_parameters:
                self._log_info(
                    "[%s] %r",
                    stats,
                    sql_util._repr_params(
                        effective_parameters,
                        batches=10,
                        ismulti=context.executemany,
                    ),
                )
            else:
                self._log_info(
                    "[%s] [SQL parameters hidden due to hide_parameters=True]",
                    stats,
                )
    
        evt_handled: bool = False
        try:
            if context.execute_style is ExecuteStyle.EXECUTEMANY:
                effective_parameters = cast(
                    "_CoreMultiExecuteParams", effective_parameters
                )
                if self.dialect._has_events:
                    for fn in self.dialect.dispatch.do_executemany:
                        if fn(
                            cursor,
                            str_statement,
                            effective_parameters,
                            context,
                        ):
                            evt_handled = True
                            break
                if not evt_handled:
                    self.dialect.do_executemany(
                        cursor,
                        str_statement,
                        effective_parameters,
                        context,
                    )
            elif not effective_parameters and context.no_parameters:
                if self.dialect._has_events:
                    for fn in self.dialect.dispatch.do_execute_no_params:
                        if fn(cursor, str_statement, context):
                            evt_handled = True
                            break
                if not evt_handled:
                    self.dialect.do_execute_no_params(
                        cursor, str_statement, context
                    )
            else:
                effective_parameters = cast(
                    "_CoreSingleExecuteParams", effective_parameters
                )
                if self.dialect._has_events:
                    for fn in self.dialect.dispatch.do_execute:
                        if fn(
                            cursor,
                            str_statement,
                            effective_parameters,
                            context,
                        ):
                            evt_handled = True
                            break
                if not evt_handled:
>                   self.dialect.do_execute(
                        cursor, str_statement, effective_parameters, context
                    )

C:\Users\WangJH\AppData\Local\Programs\Python\Python311\Lib\site-packages\sqlalchemy\engine\base.py:1969: 
_ _ _ _ _ _ _ _ _ _ _ _ _ _ _ _ _ _ _ _ _ _ _ _ _ _ _ _ _ _ _ _ _ _ _ _ _ _ _ _

self = <sqlalchemy.dialects.sqlite.pysqlite.SQLiteDialect_pysqlite object at 0x00000217FA7E9150>
cursor = <sqlite3.Cursor object at 0x00000217FE2533C0>
statement = 'INSERT INTO farms (user_id, name, location, latitude, longitude, area_mu, description, created_at, updated_at) VALUES (?, ?, ?, ?, ?, ?, ?, CURRENT_TIMESTAMP, CURRENT_TIMESTAMP) RETURNING id, created_at, updated_at'
parameters = (1, '测试农场', '', None, None, 50.0, ...)
context = <sqlalchemy.dialects.sqlite.base.SQLiteExecutionContext object at 0x00000217FAB6CC90>

    def do_execute(self, cursor, statement, parameters, context=None):
>       cursor.execute(statement, parameters)
E       sqlite3.IntegrityError: FOREIGN KEY constraint failed

C:\Users\WangJH\AppData\Local\Programs\Python\Python311\Lib\site-packages\sqlalchemy\engine\default.py:922: IntegrityError

The above exception was the direct cause of the following exception:

self = <tests.services.user_context.test_trajectory_context.TestBuildTrajectoryContext object at 0x00000217FA73EA10>
db_session = <sqlalchemy.orm.session.Session object at 0x00000217FBA9AD10>

    def test_multiple_trajectories(self, db_session):
        """多条轨迹记录."""
        farm = Farm(user_id=1, name="测试农场", area_mu=50.0)
        db_session.add(farm)
>       db_session.flush()

tests\services\user_context\test_trajectory_context.py:98: 
_ _ _ _ _ _ _ _ _ _ _ _ _ _ _ _ _ _ _ _ _ _ _ _ _ _ _ _ _ _ _ _ _ _ _ _ _ _ _ _
C:\Users\WangJH\AppData\Local\Programs\Python\Python311\Lib\site-packages\sqlalchemy\orm\session.py:4312: in flush
    self._flush(objects)
C:\Users\WangJH\AppData\Local\Programs\Python\Python311\Lib\site-packages\sqlalchemy\orm\session.py:4447: in _flush
    with util.safe_reraise():
C:\Users\WangJH\AppData\Local\Programs\Python\Python311\Lib\site-packages\sqlalchemy\util\langhelpers.py:146: in __exit__
    raise exc_value.with_traceback(exc_tb)
C:\Users\WangJH\AppData\Local\Programs\Python\Python311\Lib\site-packages\sqlalchemy\orm\session.py:4408: in _flush
    flush_context.execute()
C:\Users\WangJH\AppData\Local\Programs\Python\Python311\Lib\site-packages\sqlalchemy\orm\unitofwork.py:466: in execute
    rec.execute(self)
C:\Users\WangJH\AppData\Local\Programs\Python\Python311\Lib\site-packages\sqlalchemy\orm\unitofwork.py:642: in execute
    util.preloaded.orm_persistence.save_obj(
C:\Users\WangJH\AppData\Local\Programs\Python\Python311\Lib\site-packages\sqlalchemy\orm\persistence.py:93: in save_obj
    _emit_insert_statements(
C:\Users\WangJH\AppData\Local\Programs\Python\Python311\Lib\site-packages\sqlalchemy\orm\persistence.py:1227: in _emit_insert_statements
    result = connection.execute(
C:\Users\WangJH\AppData\Local\Programs\Python\Python311\Lib\site-packages\sqlalchemy\engine\base.py:1416: in execute
    return meth(
C:\Users\WangJH\AppData\Local\Programs\Python\Python311\Lib\site-packages\sqlalchemy\sql\elements.py:517: in _execute_on_connection
    return connection._execute_clauseelement(
C:\Users\WangJH\AppData\Local\Programs\Python\Python311\Lib\site-packages\sqlalchemy\engine\base.py:1639: in _execute_clauseelement
    ret = self._execute_context(
C:\Users\WangJH\AppData\Local\Programs\Python\Python311\Lib\site-packages\sqlalchemy\engine\base.py:1848: in _execute_context
    return self._exec_single_context(
C:\Users\WangJH\AppData\Local\Programs\Python\Python311\Lib\site-packages\sqlalchemy\engine\base.py:1988: in _exec_single_context
    self._handle_dbapi_exception(
C:\Users\WangJH\AppData\Local\Programs\Python\Python311\Lib\site-packages\sqlalchemy\engine\base.py:2344: in _handle_dbapi_exception
    raise sqlalchemy_exception.with_traceback(exc_info[2]) from e
C:\Users\WangJH\AppData\Local\Programs\Python\Python311\Lib\site-packages\sqlalchemy\engine\base.py:1969: in _exec_single_context
    self.dialect.do_execute(
_ _ _ _ _ _ _ _ _ _ _ _ _ _ _ _ _ _ _ _ _ _ _ _ _ _ _ _ _ _ _ _ _ _ _ _ _ _ _ _

self = <sqlalchemy.dialects.sqlite.pysqlite.SQLiteDialect_pysqlite object at 0x00000217FA7E9150>
cursor = <sqlite3.Cursor object at 0x00000217FE2533C0>
statement = 'INSERT INTO farms (user_id, name, location, latitude, longitude, area_mu, description, created_at, updated_at) VALUES (?, ?, ?, ?, ?, ?, ?, CURRENT_TIMESTAMP, CURRENT_TIMESTAMP) RETURNING id, created_at, updated_at'
parameters = (1, '测试农场', '', None, None, 50.0, ...)
context = <sqlalchemy.dialects.sqlite.base.SQLiteExecutionContext object at 0x00000217FAB6CC90>

    def do_execute(self, cursor, statement, parameters, context=None):
>       cursor.execute(statement, parameters)
E       sqlalchemy.exc.IntegrityError: (sqlite3.IntegrityError) FOREIGN KEY constraint failed
E       [SQL: INSERT INTO farms (user_id, name, location, latitude, longitude, area_mu, description, created_at, updated_at) VALUES (?, ?, ?, ?, ?, ?, ?, CURRENT_TIMESTAMP, CURRENT_TIMESTAMP) RETURNING id, created_at, updated_at]
E       [parameters: (1, '测试农场', '', None, None, 50.0, '')]
E       (Background on this error at: https://sqlalche.me/e/20/gkpj)

C:\Users\WangJH\AppData\Local\Programs\Python\Python311\Lib\site-packages\sqlalchemy\engine\default.py:922: IntegrityError
____________ TestBuildTrajectoryContext.test_zero_stats_not_shown _____________

self = <sqlalchemy.engine.base.Connection object at 0x00000217FB5D2B10>
dialect = <sqlalchemy.dialects.sqlite.pysqlite.SQLiteDialect_pysqlite object at 0x00000217FA73E790>
context = <sqlalchemy.dialects.sqlite.base.SQLiteExecutionContext object at 0x00000217FB5D3A50>
statement = <sqlalchemy.dialects.sqlite.base.SQLiteCompiler object at 0x00000217FD073D50>
parameters = [(1, '测试农场', '', None, None, 50.0, ...)]

    def _exec_single_context(
        self,
        dialect: Dialect,
        context: ExecutionContext,
        statement: Union[str, Compiled],
        parameters: Optional[_AnyMultiExecuteParams],
    ) -> CursorResult[Any]:
        """continue the _execute_context() method for a single DBAPI
        cursor.execute() or cursor.executemany() call.
    
        """
        if dialect.bind_typing is BindTyping.SETINPUTSIZES:
            generic_setinputsizes = context._prepare_set_input_sizes()
    
            if generic_setinputsizes:
                try:
                    dialect.do_set_input_sizes(
                        context.cursor, generic_setinputsizes, context
                    )
                except BaseException as e:
                    self._handle_dbapi_exception(
                        e, str(statement), parameters, None, context
                    )
    
        cursor, str_statement, parameters = (
            context.cursor,
            context.statement,
            context.parameters,
        )
    
        effective_parameters: Optional[_AnyExecuteParams]
    
        if not context.executemany:
            effective_parameters = parameters[0]
        else:
            effective_parameters = parameters
    
        if self._has_events or self.engine._has_events:
            for fn in self.dispatch.before_cursor_execute:
                str_statement, effective_parameters = fn(
                    self,
                    cursor,
                    str_statement,
                    effective_parameters,
                    context,
                    context.executemany,
                )
    
        if self._echo:
            self._log_info(str_statement)
    
            stats = context._get_cache_stats()
    
            if not self.engine.hide_parameters:
                self._log_info(
                    "[%s] %r",
                    stats,
                    sql_util._repr_params(
                        effective_parameters,
                        batches=10,
                        ismulti=context.executemany,
                    ),
                )
            else:
                self._log_info(
                    "[%s] [SQL parameters hidden due to hide_parameters=True]",
                    stats,
                )
    
        evt_handled: bool = False
        try:
            if context.execute_style is ExecuteStyle.EXECUTEMANY:
                effective_parameters = cast(
                    "_CoreMultiExecuteParams", effective_parameters
                )
                if self.dialect._has_events:
                    for fn in self.dialect.dispatch.do_executemany:
                        if fn(
                            cursor,
                            str_statement,
                            effective_parameters,
                            context,
                        ):
                            evt_handled = True
                            break
                if not evt_handled:
                    self.dialect.do_executemany(
                        cursor,
                        str_statement,
                        effective_parameters,
                        context,
                    )
            elif not effective_parameters and context.no_parameters:
                if self.dialect._has_events:
                    for fn in self.dialect.dispatch.do_execute_no_params:
                        if fn(cursor, str_statement, context):
                            evt_handled = True
                            break
                if not evt_handled:
                    self.dialect.do_execute_no_params(
                        cursor, str_statement, context
                    )
            else:
                effective_parameters = cast(
                    "_CoreSingleExecuteParams", effective_parameters
                )
                if self.dialect._has_events:
                    for fn in self.dialect.dispatch.do_execute:
                        if fn(
                            cursor,
                            str_statement,
                            effective_parameters,
                            context,
                        ):
                            evt_handled = True
                            break
                if not evt_handled:
>                   self.dialect.do_execute(
                        cursor, str_statement, effective_parameters, context
                    )

C:\Users\WangJH\AppData\Local\Programs\Python\Python311\Lib\site-packages\sqlalchemy\engine\base.py:1969: 
_ _ _ _ _ _ _ _ _ _ _ _ _ _ _ _ _ _ _ _ _ _ _ _ _ _ _ _ _ _ _ _ _ _ _ _ _ _ _ _

self = <sqlalchemy.dialects.sqlite.pysqlite.SQLiteDialect_pysqlite object at 0x00000217FA73E790>
cursor = <sqlite3.Cursor object at 0x00000217FABEC040>
statement = 'INSERT INTO farms (user_id, name, location, latitude, longitude, area_mu, description, created_at, updated_at) VALUES (?, ?, ?, ?, ?, ?, ?, CURRENT_TIMESTAMP, CURRENT_TIMESTAMP) RETURNING id, created_at, updated_at'
parameters = (1, '测试农场', '', None, None, 50.0, ...)
context = <sqlalchemy.dialects.sqlite.base.SQLiteExecutionContext object at 0x00000217FB5D3A50>

    def do_execute(self, cursor, statement, parameters, context=None):
>       cursor.execute(statement, parameters)
E       sqlite3.IntegrityError: FOREIGN KEY constraint failed

C:\Users\WangJH\AppData\Local\Programs\Python\Python311\Lib\site-packages\sqlalchemy\engine\default.py:922: IntegrityError

The above exception was the direct cause of the following exception:

self = <tests.services.user_context.test_trajectory_context.TestBuildTrajectoryContext object at 0x00000217FA73E010>
db_session = <sqlalchemy.orm.session.Session object at 0x00000217FD05FF90>

    def test_zero_stats_not_shown(self, db_session):
        """统计值为0时不显示."""
        farm = Farm(user_id=1, name="测试农场", area_mu=50.0)
        db_session.add(farm)
>       db_session.flush()

tests\services\user_context\test_trajectory_context.py:131: 
_ _ _ _ _ _ _ _ _ _ _ _ _ _ _ _ _ _ _ _ _ _ _ _ _ _ _ _ _ _ _ _ _ _ _ _ _ _ _ _
C:\Users\WangJH\AppData\Local\Programs\Python\Python311\Lib\site-packages\sqlalchemy\orm\session.py:4312: in flush
    self._flush(objects)
C:\Users\WangJH\AppData\Local\Programs\Python\Python311\Lib\site-packages\sqlalchemy\orm\session.py:4447: in _flush
    with util.safe_reraise():
C:\Users\WangJH\AppData\Local\Programs\Python\Python311\Lib\site-packages\sqlalchemy\util\langhelpers.py:146: in __exit__
    raise exc_value.with_traceback(exc_tb)
C:\Users\WangJH\AppData\Local\Programs\Python\Python311\Lib\site-packages\sqlalchemy\orm\session.py:4408: in _flush
    flush_context.execute()
C:\Users\WangJH\AppData\Local\Programs\Python\Python311\Lib\site-packages\sqlalchemy\orm\unitofwork.py:466: in execute
    rec.execute(self)
C:\Users\WangJH\AppData\Local\Programs\Python\Python311\Lib\site-packages\sqlalchemy\orm\unitofwork.py:642: in execute
    util.preloaded.orm_persistence.save_obj(
C:\Users\WangJH\AppData\Local\Programs\Python\Python311\Lib\site-packages\sqlalchemy\orm\persistence.py:93: in save_obj
    _emit_insert_statements(
C:\Users\WangJH\AppData\Local\Programs\Python\Python311\Lib\site-packages\sqlalchemy\orm\persistence.py:1227: in _emit_insert_statements
    result = connection.execute(
C:\Users\WangJH\AppData\Local\Programs\Python\Python311\Lib\site-packages\sqlalchemy\engine\base.py:1416: in execute
    return meth(
C:\Users\WangJH\AppData\Local\Programs\Python\Python311\Lib\site-packages\sqlalchemy\sql\elements.py:517: in _execute_on_connection
    return connection._execute_clauseelement(
C:\Users\WangJH\AppData\Local\Programs\Python\Python311\Lib\site-packages\sqlalchemy\engine\base.py:1639: in _execute_clauseelement
    ret = self._execute_context(
C:\Users\WangJH\AppData\Local\Programs\Python\Python311\Lib\site-packages\sqlalchemy\engine\base.py:1848: in _execute_context
    return self._exec_single_context(
C:\Users\WangJH\AppData\Local\Programs\Python\Python311\Lib\site-packages\sqlalchemy\engine\base.py:1988: in _exec_single_context
    self._handle_dbapi_exception(
C:\Users\WangJH\AppData\Local\Programs\Python\Python311\Lib\site-packages\sqlalchemy\engine\base.py:2344: in _handle_dbapi_exception
    raise sqlalchemy_exception.with_traceback(exc_info[2]) from e
C:\Users\WangJH\AppData\Local\Programs\Python\Python311\Lib\site-packages\sqlalchemy\engine\base.py:1969: in _exec_single_context
    self.dialect.do_execute(
_ _ _ _ _ _ _ _ _ _ _ _ _ _ _ _ _ _ _ _ _ _ _ _ _ _ _ _ _ _ _ _ _ _ _ _ _ _ _ _

self = <sqlalchemy.dialects.sqlite.pysqlite.SQLiteDialect_pysqlite object at 0x00000217FA73E790>
cursor = <sqlite3.Cursor object at 0x00000217FABEC040>
statement = 'INSERT INTO farms (user_id, name, location, latitude, longitude, area_mu, description, created_at, updated_at) VALUES (?, ?, ?, ?, ?, ?, ?, CURRENT_TIMESTAMP, CURRENT_TIMESTAMP) RETURNING id, created_at, updated_at'
parameters = (1, '测试农场', '', None, None, 50.0, ...)
context = <sqlalchemy.dialects.sqlite.base.SQLiteExecutionContext object at 0x00000217FB5D3A50>

    def do_execute(self, cursor, statement, parameters, context=None):
>       cursor.execute(statement, parameters)
E       sqlalchemy.exc.IntegrityError: (sqlite3.IntegrityError) FOREIGN KEY constraint failed
E       [SQL: INSERT INTO farms (user_id, name, location, latitude, longitude, area_mu, description, created_at, updated_at) VALUES (?, ?, ?, ?, ?, ?, ?, CURRENT_TIMESTAMP, CURRENT_TIMESTAMP) RETURNING id, created_at, updated_at]
E       [parameters: (1, '测试农场', '', None, None, 50.0, '')]
E       (Background on this error at: https://sqlalche.me/e/20/gkpj)

C:\Users\WangJH\AppData\Local\Programs\Python\Python311\Lib\site-packages\sqlalchemy\engine\default.py:922: IntegrityError
============================== warnings summary ===============================
app\schemas\farm.py:69
  E:\GithubProgram\AgroAgentOS\app\schemas\farm.py:69: PydanticDeprecatedSince20: Support for class-based `config` is deprecated, use ConfigDict instead. Deprecated in Pydantic V2.0 to be removed in V3.0. See Pydantic V2 Migration Guide at https://errors.pydantic.dev/2.13/migration/
    class FieldInfo(BaseModel):

app\schemas\farm.py:92
  E:\GithubProgram\AgroAgentOS\app\schemas\farm.py:92: PydanticDeprecatedSince20: Support for class-based `config` is deprecated, use ConfigDict instead. Deprecated in Pydantic V2.0 to be removed in V3.0. See Pydantic V2 Migration Guide at https://errors.pydantic.dev/2.13/migration/
    class FarmInfo(BaseModel):

C:\Users\WangJH\AppData\Local\Programs\Python\Python311\Lib\site-packages\fastapi\testclient.py:1
  C:\Users\WangJH\AppData\Local\Programs\Python\Python311\Lib\site-packages\fastapi\testclient.py:1: StarletteDeprecationWarning: Using `httpx` with `starlette.testclient` is deprecated; install `httpx2` instead.
    from starlette.testclient import TestClient as TestClient  # noqa

app\schemas\auth.py:68
  E:\GithubProgram\AgroAgentOS\app\schemas\auth.py:68: PydanticDeprecatedSince20: Support for class-based `config` is deprecated, use ConfigDict instead. Deprecated in Pydantic V2.0 to be removed in V3.0. See Pydantic V2 Migration Guide at https://errors.pydantic.dev/2.13/migration/
    class UserInfo(BaseModel):

-- Docs: https://docs.pytest.org/en/stable/how-to/capture-warnings.html
=========================== short test summary info ===========================
FAILED tests/services/test_location_service.py::TestGetUserLocation::test_farm_with_location - sqlalchemy.exc.IntegrityError: (sqlite3.IntegrityError) FOREIGN KEY constraint failed
[SQL: INSERT INTO farms (user_id, name, location, latitude, longitude, area_mu, description, created_at, updated_at) VALUES (?, ?, ?, ?, ?, ?, ?, CURRENT_TIMESTAMP, CURRENT_TIMESTAMP) RETURNING id, created_at, updated_at]
[parameters: (1, '阳光农场', '山东寿光', 36.85, 118.74, 50.0, '')]
(Background on this error at: https://sqlalche.me/e/20/gkpj)
FAILED tests/services/test_location_service.py::TestGetUserLocation::test_farm_empty_location_returns_default - sqlalchemy.exc.IntegrityError: (sqlite3.IntegrityError) FOREIGN KEY constraint failed
[SQL: INSERT INTO farms (user_id, name, location, latitude, longitude, area_mu, description, created_at, updated_at) VALUES (?, ?, ?, ?, ?, ?, ?, CURRENT_TIMESTAMP, CURRENT_TIMESTAMP) RETURNING id, created_at, updated_at]
[parameters: (1, '空位置农场', '', None, None, 10.0, '')]
(Background on this error at: https://sqlalche.me/e/20/gkpj)
FAILED tests/services/test_location_service.py::TestGetUserLocation::test_multiple_farms_returns_earliest - sqlalchemy.exc.IntegrityError: (sqlite3.IntegrityError) FOREIGN KEY constraint failed
[SQL: INSERT INTO farms (user_id, name, location, latitude, longitude, area_mu, description, created_at, updated_at) VALUES (?, ?, ?, ?, ?, ?, ?, CURRENT_TIMESTAMP, CURRENT_TIMESTAMP) RETURNING id, created_at, updated_at]
[parameters: (1, '农场A', '山东', None, None, 10.0, '')]
(Background on this error at: https://sqlalche.me/e/20/gkpj)
FAILED tests/services/test_location_service.py::TestResolveLocation::test_empty_with_farm_uses_farm - sqlalchemy.exc.IntegrityError: (sqlite3.IntegrityError) FOREIGN KEY constraint failed
[SQL: INSERT INTO farms (user_id, name, location, latitude, longitude, area_mu, description, created_at, updated_at) VALUES (?, ?, ?, ?, ?, ?, ?, CURRENT_TIMESTAMP, CURRENT_TIMESTAMP) RETURNING id, created_at, updated_at]
[parameters: (1, '农场', '山东寿光', None, None, 10.0, '')]
(Background on this error at: https://sqlalche.me/e/20/gkpj)
FAILED tests/services/user_context/test_farm_context.py::TestBuildFarmSummary::test_single_farm_no_fields - sqlalchemy.exc.IntegrityError: (sqlite3.IntegrityError) FOREIGN KEY constraint failed
[SQL: INSERT INTO farms (user_id, name, location, latitude, longitude, area_mu, description, created_at, updated_at) VALUES (?, ?, ?, ?, ?, ?, ?, CURRENT_TIMESTAMP, CURRENT_TIMESTAMP) RETURNING id, created_at, updated_at]
[parameters: (1, '阳光农场', '山东寿光', None, None, 50.0, '')]
(Background on this error at: https://sqlalche.me/e/20/gkpj)
FAILED tests/services/user_context/test_farm_context.py::TestBuildFarmSummary::test_farm_with_fields - sqlalchemy.exc.IntegrityError: (sqlite3.IntegrityError) FOREIGN KEY constraint failed
[SQL: INSERT INTO farms (user_id, name, location, latitude, longitude, area_mu, description, created_at, updated_at) VALUES (?, ?, ?, ?, ?, ?, ?, CURRENT_TIMESTAMP, CURRENT_TIMESTAMP) RETURNING id, created_at, updated_at]
[parameters: (1, '阳光农场', '山东寿光', None, None, 50.0, '')]
(Background on this error at: https://sqlalche.me/e/20/gkpj)
FAILED tests/services/user_context/test_farm_context.py::TestBuildFarmSummary::test_multiple_farms - sqlalchemy.exc.IntegrityError: (sqlite3.IntegrityError) FOREIGN KEY constraint failed
[SQL: INSERT INTO farms (user_id, name, location, latitude, longitude, area_mu, description, created_at, updated_at) VALUES (?, ?, ?, ?, ?, ?, ?, CURRENT_TIMESTAMP, CURRENT_TIMESTAMP) RETURNING id, created_at, updated_at]
[parameters: (1, '农场A', '山东', None, None, 30.0, '')]
(Background on this error at: https://sqlalche.me/e/20/gkpj)
FAILED tests/services/user_context/test_farm_context.py::TestBuildFarmSummary::test_user_isolation - sqlalchemy.exc.IntegrityError: (sqlite3.IntegrityError) FOREIGN KEY constraint failed
[SQL: INSERT INTO farms (user_id, name, location, latitude, longitude, area_mu, description, created_at, updated_at) VALUES (?, ?, ?, ?, ?, ?, ?, CURRENT_TIMESTAMP, CURRENT_TIMESTAMP) RETURNING id, created_at, updated_at]
[parameters: (1, '用户1的农场', '', None, None, 10.0, '')]
(Background on this error at: https://sqlalche.me/e/20/gkpj)
FAILED tests/services/user_context/test_farm_context.py::TestBuildFarmSummary::test_fallow_field - sqlalchemy.exc.IntegrityError: (sqlite3.IntegrityError) FOREIGN KEY constraint failed
[SQL: INSERT INTO farms (user_id, name, location, latitude, longitude, area_mu, description, created_at, updated_at) VALUES (?, ?, ?, ?, ?, ?, ?, CURRENT_TIMESTAMP, CURRENT_TIMESTAMP) RETURNING id, created_at, updated_at]
[parameters: (1, '测试农场', '', None, None, 10.0, '')]
(Background on this error at: https://sqlalche.me/e/20/gkpj)
FAILED tests/services/user_context/test_service.py::TestUserContextService::test_farm_context_injected_by_default - sqlalchemy.exc.IntegrityError: (sqlite3.IntegrityError) FOREIGN KEY constraint failed
[SQL: INSERT INTO farms (user_id, name, location, latitude, longitude, area_mu, description, created_at, updated_at) VALUES (?, ?, ?, ?, ?, ?, ?, CURRENT_TIMESTAMP, CURRENT_TIMESTAMP) RETURNING id, created_at, updated_at]
[parameters: (1, '阳光农场', '山东寿光', None, None, 50.0, '')]
(Background on this error at: https://sqlalche.me/e/20/gkpj)
FAILED tests/services/user_context/test_service.py::TestUserContextService::test_trajectory_context_on_demand - sqlalchemy.exc.IntegrityError: (sqlite3.IntegrityError) FOREIGN KEY constraint failed
[SQL: INSERT INTO farms (user_id, name, location, latitude, longitude, area_mu, description, created_at, updated_at) VALUES (?, ?, ?, ?, ?, ?, ?, CURRENT_TIMESTAMP, CURRENT_TIMESTAMP) RETURNING id, created_at, updated_at]
[parameters: (1, '阳光农场', '山东寿光', None, None, 50.0, '')]
(Background on this error at: https://sqlalche.me/e/20/gkpj)
FAILED tests/services/user_context/test_service.py::TestUserContextService::test_farm_and_trajectory_combined - sqlalchemy.exc.IntegrityError: (sqlite3.IntegrityError) FOREIGN KEY constraint failed
[SQL: INSERT INTO farms (user_id, name, location, latitude, longitude, area_mu, description, created_at, updated_at) VALUES (?, ?, ?, ?, ?, ?, ?, CURRENT_TIMESTAMP, CURRENT_TIMESTAMP) RETURNING id, created_at, updated_at]
[parameters: (1, '阳光农场', '山东寿光', None, None, 50.0, '')]
(Background on this error at: https://sqlalche.me/e/20/gkpj)
FAILED tests/services/user_context/test_service.py::TestUserContextService::test_context_truncation - sqlalchemy.exc.IntegrityError: (sqlite3.IntegrityError) FOREIGN KEY constraint failed
[SQL: INSERT INTO farms (user_id, name, location, latitude, longitude, area_mu, description, created_at, updated_at) VALUES (?, ?, ?, ?, ?, ?, ?, CURRENT_TIMESTAMP, CURRENT_TIMESTAMP) RETURNING id, created_at, updated_at]
[parameters: (1, '农场0农场0农场0农场0农场0农场0农场0农场0农场0农场0农场0农场0农场0农场0农场0农场0农场0农场0农场0农场0', '测试地点测试地点测试地点测试地点测试地点测试地点测试地点测试地点测试地点测试地点', None, None, 100.0, '')]
(Background on this error at: https://sqlalche.me/e/20/gkpj)
FAILED tests/services/user_context/test_service.py::TestGetUserContext::test_convenience_function - sqlalchemy.exc.IntegrityError: (sqlite3.IntegrityError) FOREIGN KEY constraint failed
[SQL: INSERT INTO farms (user_id, name, location, latitude, longitude, area_mu, description, created_at, updated_at) VALUES (?, ?, ?, ?, ?, ?, ?, CURRENT_TIMESTAMP, CURRENT_TIMESTAMP) RETURNING id, created_at, updated_at]
[parameters: (1, '阳光农场', '山东寿光', None, None, 50.0, '')]
(Background on this error at: https://sqlalche.me/e/20/gkpj)
FAILED tests/services/user_context/test_trajectory_context.py::TestBuildTrajectoryContext::test_basic_trajectory - sqlalchemy.exc.IntegrityError: (sqlite3.IntegrityError) FOREIGN KEY constraint failed
[SQL: INSERT INTO farms (user_id, name, location, latitude, longitude, area_mu, description, created_at, updated_at) VALUES (?, ?, ?, ?, ?, ?, ?, CURRENT_TIMESTAMP, CURRENT_TIMESTAMP) RETURNING id, created_at, updated_at]
[parameters: (1, '测试农场', '', None, None, 50.0, '')]
(Background on this error at: https://sqlalche.me/e/20/gkpj)
FAILED tests/services/user_context/test_trajectory_context.py::TestBuildTrajectoryContext::test_time_range_recent - sqlalchemy.exc.IntegrityError: (sqlite3.IntegrityError) FOREIGN KEY constraint failed
[SQL: INSERT INTO farms (user_id, name, location, latitude, longitude, area_mu, description, created_at, updated_at) VALUES (?, ?, ?, ?, ?, ?, ?, CURRENT_TIMESTAMP, CURRENT_TIMESTAMP) RETURNING id, created_at, updated_at]
[parameters: (1, '测试农场', '', None, None, 50.0, '')]
(Background on this error at: https://sqlalche.me/e/20/gkpj)
FAILED tests/services/user_context/test_trajectory_context.py::TestBuildTrajectoryContext::test_user_isolation - sqlalchemy.exc.IntegrityError: (sqlite3.IntegrityError) FOREIGN KEY constraint failed
[SQL: INSERT INTO farms (user_id, name, location, latitude, longitude, area_mu, description, created_at, updated_at) VALUES (?, ?, ?, ?, ?, ?, ?, CURRENT_TIMESTAMP, CURRENT_TIMESTAMP) RETURNING id, created_at, updated_at]
[parameters: (1, '测试农场', '', None, None, 50.0, '')]
(Background on this error at: https://sqlalche.me/e/20/gkpj)
FAILED tests/services/user_context/test_trajectory_context.py::TestBuildTrajectoryContext::test_multiple_trajectories - sqlalchemy.exc.IntegrityError: (sqlite3.IntegrityError) FOREIGN KEY constraint failed
[SQL: INSERT INTO farms (user_id, name, location, latitude, longitude, area_mu, description, created_at, updated_at) VALUES (?, ?, ?, ?, ?, ?, ?, CURRENT_TIMESTAMP, CURRENT_TIMESTAMP) RETURNING id, created_at, updated_at]
[parameters: (1, '测试农场', '', None, None, 50.0, '')]
(Background on this error at: https://sqlalche.me/e/20/gkpj)
FAILED tests/services/user_context/test_trajectory_context.py::TestBuildTrajectoryContext::test_zero_stats_not_shown - sqlalchemy.exc.IntegrityError: (sqlite3.IntegrityError) FOREIGN KEY constraint failed
[SQL: INSERT INTO farms (user_id, name, location, latitude, longitude, area_mu, description, created_at, updated_at) VALUES (?, ?, ?, ?, ?, ?, ?, CURRENT_TIMESTAMP, CURRENT_TIMESTAMP) RETURNING id, created_at, updated_at]
[parameters: (1, '测试农场', '', None, None, 50.0, '')]
(Background on this error at: https://sqlalche.me/e/20/gkpj)
=========== 19 failed, 411 passed, 2 skipped, 4 warnings in 30.11s ============
